******************************************************************************
                  TI ARM Linker Unix v16.9.1                   
******************************************************************************
>> Linked Thu Jun 29 15:26:32 2017

OUTPUT FILE NAME:   <i2c_MAX30105_STABLE.out>
ENTRY POINT SYMBOL: "_c_int00"  address: 00004959


MEMORY CONFIGURATION

         name            origin    length      used     unused   attr    fill
----------------------  --------  ---------  --------  --------  ----  --------
  MAIN                  00000000   00040000  00008f6c  00037094  R  X
  INFO                  00200000   00004000  00000000  00004000  R  X
  SRAM_CODE             01000000   00010000  00000000  00010000  RW X
  SRAM_DATA             20000000   00010000  00001a25  0000e5db  RW  


SEGMENT ALLOCATION MAP

run origin  load origin   length   init length attrs members
----------  ----------- ---------- ----------- ----- -------
00000000    00000000    00008f78   00008f78    r-x
  00000000    00000000    0000003c   0000003c    r-- .resetVecs
  00000040    00000040    00006f4a   00006f4a    r-x .text
  00006f8c    00006f8c    00001d86   00001d86    r-- .const
  00008d18    00008d18    00000260   00000260    r-- .cinit
20000000    20000000    00001725   00000000    rw-
  20000000    20000000    00000140   00000000    rw- .vecs
  20000140    20000140    000010e4   00000000    rw- .bss
  20001224    20001224    00000501   00000000    rw- .data
2000fd00    2000fd00    00000300   00000000    rw-
  2000fd00    2000fd00    00000300   00000000    rw- .stack


SECTION ALLOCATION MAP

 output                                  attributes/
section   page    origin      length       input sections
--------  ----  ----------  ----------   ----------------
.text      0    00000040    00006f4a     
                  00000040    00000430     sysbios.aem4f : BIOS.obj (.text:ti_sysbios_family_arm_m3_Hwi_excDumpRegs__I)
                  00000470    000003a8     MAX30105.obj (.text:_Z7taskFxnjj)
                  00000818    0000034c     ti.targets.arm.rtsarm.aem4f : System.oem4f (.text:xdc_runtime_System_doPrint__I)
                  00000b64    00000324     rtsv7M4_T_le_v4SPD16_eabi.lib : trgdrv.obj (.text)
                  00000e88    0000029c     MAX30105.obj (.text:_ZN8MAX301055setupEP10I2C_Confighhhttt)
                  00001124    00000264     drivers_MSP432P401R.aem4f : PowerMSP432.oem4f (.text:Power_sleep)
                  00001388    000001b6     rtsv7M4_T_le_v4SPD16_eabi.lib : fd_add_t2.obj (.text)
                  0000153e    00000002     power_tirtos_MSP432P401R.aem4f : PowerMSP432_tirtos.oem4f (.text:PowerMSP432_initPolicy)
                  00001540    000001a4     MAX30105_pem4f.oem4f (.text:xdc_runtime_System_printfExtend__I)
                  000016e4    000001a0     msp432p4xx_driverlib.lib : pcm.o (.text:__PCM_setPowerStateAdvanced)
                  00001884    00000178     drivers_MSP432P401R.aem4f : I2CMSP432.oem4f (.text:I2CMSP432_open)
                  000019fc    00000004     msp432p4xx_driverlib.lib : cpu.o (.text:CPU_wfi)
                  00001a00    00000174     sysbios.aem4f : BIOS.obj (.text:ti_sysbios_family_arm_m3_Hwi_excBusFault__I)
                  00001b74    00000004     tirtosport.aem4f : HwiP_tirtos.oem4f (.text:HwiP_disable)
                  00001b78    00000164     sysbios.aem4f : BIOS.obj (.text:ti_sysbios_family_arm_m3_Hwi_excUsageFault__I)
                  00001cdc    00000004     msp432p4xx_driverlib.lib : i2c.o (.text:I2C_setSlaveAddress)
                  00001ce0    00000148     sysbios.aem4f : BIOS.obj (.text:ti_sysbios_family_arm_m3_Hwi_excMemFault__I)
                  00001e28    00000140     drivers_MSP432P401R.aem4f : GPIOMSP432.oem4f (.text:GPIO_setConfig)
                  00001f68    00000138     sysbios.aem4f : BIOS.obj (.text:ti_sysbios_knl_Semaphore_pend__E)
                  000020a0    00000118     drivers_MSP432P401R.aem4f : I2CMSP432.oem4f (.text:I2CMSP432_hwiIntFxn)
                  000021b8    00000118     ti.targets.arm.rtsarm.aem4f : Error.oem4f (.text:xdc_runtime_Error_policyDefault__E)
                  000022d0    0000010c     sysbios.aem4f : BIOS.obj (.text:ti_sysbios_family_arm_m3_Hwi_excFillContext__I)
                  000023dc    00000004     drivers_MSP432P401R.aem4f : List.oem4f (.text:List_head)
                  000023e0    0000010c     sysbios.aem4f : BIOS.obj (.text:ti_sysbios_family_arm_m3_Hwi_excHandlerMax__I)
                  000024ec    00000100     ti.targets.arm.rtsarm.aem4f : Core-mem.oem4f (.text:xdc_runtime_Core_createObject__I)
                  000025ec    000000fc     rtsv7M4_T_le_v4SPD16_eabi.lib : fd_mul_t2.obj (.text)
                  000026e8    000000f8     ti.targets.arm.rtsarm.aem4f : Startup.oem4f (.text:xdc_runtime_Startup_startMods__I)
                  000027e0    000000f0     drivers_MSP432P401R.aem4f : PowerMSP432.oem4f (.text:initPerfControl)
                  000028d0    000000ec     sysbios.aem4f : m3_Hwi_asm.obj (.text:ti_sysbios_family_arm_m3_Hwi_dispatch__I)
                  000029bc    000000e0     msp432p4xx_driverlib.lib : cs.o (.text:CS_initClockSignal)
                  00002a9c    000000dc                              : pcm.o (.text:__PCM_setPowerModeAdvanced)
                  00002b78    000000cc     sysbios.aem4f : BIOS.obj (.text:ti_sysbios_heaps_HeapMem_alloc__E)
                  00002c44    00000004     drivers_MSP432P401R.aem4f : List.oem4f (.text:List_next)
                  00002c48    000000cc     sysbios.aem4f : BIOS.obj (.text:ti_sysbios_knl_Task_Instance_init__E)
                  00002d14    000000cc     ti.targets.arm.rtsarm.aem4f : Core-smem.oem4f (.text:xdc_runtime_Core_constructObject__I)
                  00002de0    000000c8     MAX30105.obj (.text:main)
                  00002ea8    000000c8     sysbios.aem4f : BIOS.obj (.text:ti_sysbios_knl_Task_sleep__E)
                  00002f70    000000bc                   : BIOS.obj (.text:ti_sysbios_family_arm_m3_Hwi_excDebugMon__I)
                  0000302c    00000004     drivers_MSP432P401R.aem4f : PowerMSP432.oem4f (.text:PowerMSP432_getNumPerfLevels)
                  00003030    000000bc     sysbios.aem4f : BIOS.obj (.text:ti_sysbios_family_arm_m3_Hwi_excHardFault__I)
                  000030ec    00000004     MAX30105_pem4f.oem4f (.text:ti_sysbios_BIOS_RtsGateProxy_enter__E)
                  000030f0    000000bc     sysbios.aem4f : BIOS.obj (.text:ti_sysbios_knl_Task_Instance_finalize__E)
                  000031ac    00000004     MAX30105_pem4f.oem4f (.text:ti_sysbios_BIOS_RtsGateProxy_leave__E)
                  000031b0    000000b4     sysbios.aem4f : BIOS.obj (.text:ti_sysbios_knl_Task_checkStacks__E)
                  00003264    000000b0     msp432p4xx_driverlib.lib : pcm.o (.text:__PCM_setCoreVoltageLevelAdvanced)
                  00003314    00000004     MAX30105_pem4f.oem4f (.text:ti_sysbios_family_arm_m3_Hwi_destruct)
                  00003318    000000a8     sysbios.aem4f : BIOS.obj (.text:ti_sysbios_family_arm_msp432_Timer_periodicStub__E)
                  000033c0    000000a0     auto_init.aem4f : auto_init.oem4f (.text)
                  00003460    000000a0     ti.targets.arm.rtsarm.aem4f : Text.oem4f (.text:xdc_runtime_Text_putMod__E)
                  00003500    0000009e     MAX30105.obj (.text:_ZN8MAX301055beginEP10I2C_Config)
                  0000359e    0000009c     rtsv7M4_T_le_v4SPD16_eabi.lib : memcpy_t2.obj (.text)
                  0000363a    00000006     drivers_MSP432P401R.aem4f : I2CMSP432.oem4f (.text:I2CMSP432_control)
                  00003640    0000009c     sysbios.aem4f : BIOS.obj (.text:ti_sysbios_knl_Task_postInit__I)
                  000036dc    0000009a     ti.targets.arm.rtsarm.aem4f : Text.oem4f (.text:xdc_runtime_Text_putSite__E)
                  00003776    00000002     rtsv7M4_T_le_v4SPD16_eabi.lib : i_div0.obj (.text)
                  00003778    00000094     sysbios.aem4f : BIOS.obj (.text:ti_sysbios_family_arm_m3_Hwi_Instance_init__E)
                  0000380c    00000004     MAX30105_pem4f.oem4f (.text:ti_sysbios_family_arm_m3_TaskSupport_Module__startupDone__S)
                  00003810    00000094     sysbios.aem4f : BIOS.obj (.text:ti_sysbios_family_arm_m3_Hwi_initNVIC__E)
                  000038a4    00000092     drivers_MSP432P401R.aem4f : I2CMSP432.oem4f (.text:I2CMSP432_cancel)
                  00003936    0000008c                               : I2CMSP432.oem4f (.text:I2CMSP432_transfer)
                  000039c2    00000002     MAX30105_pem4f.oem4f (.text:ti_sysbios_BIOS_nullFunc__I)
                  000039c4    0000008c     sysbios.aem4f : m3_TaskSupport_asm.obj (.text:ti_sysbios_family_arm_m3_TaskSupport_buildTaskStack)
                  00003a50    00000086     MAX30105.obj (.text:_ZN8MAX3010510enableSlotEP10I2C_Confighh)
                  00003ad6    00000086     rtsv7M4_T_le_v4SPD16_eabi.lib : fd_cmp_t2.obj (.text:__aeabi_cdcmple)
                  00003b5c    00000086                                   : fd_cmp_t2.obj (.text:__aeabi_cdrcmple)
                  00003be2    00000002     --HOLE-- [fill = 0]
                  00003be4    00000084     MAX30105.obj (.text:_ZN8MAX3010514writeRegister8EP10I2C_Confighh)
                  00003c68    00000084     sysbios.aem4f : BIOS.obj (.text:ti_sysbios_family_arm_m3_Hwi_postInit__I)
                  00003cec    00000080     MAX30105.obj (.text:_ZN8MAX3010515readTemperatureEP10I2C_Config)
                  00003d6c    0000007c     msp432p4xx_driverlib.lib : pcm.o (.text:PCM_gotoLPM3)
                  00003de8    0000007c     sysbios.aem4f : BIOS.obj (.text:ti_sysbios_heaps_HeapMem_free__E)
                  00003e64    0000007a     rtsv7M4_T_le_v4SPD16_eabi.lib : memset_t2.obj (.text)
                  00003ede    00000002     --HOLE-- [fill = 0]
                  00003ee0    00000079     MAX30105.obj (.text:_ZN8MAX301059softResetEP10I2C_Config)
                  00003f59    00000001     --HOLE-- [fill = 0]
                  00003f5a    00000006     msp432p4xx_driverlib.lib : i2c.o (.text:I2C_getEnabledInterruptStatus)
                  00003f60    00000070     sysbios.aem4f : BIOS.obj (.text:ti_sysbios_knl_Semaphore_post__E)
                  00003fd0    00000070                   : BIOS.obj (.text:ti_sysbios_knl_Task_exit__E)
                  00004040    0000006e     rtsv7M4_T_le_v4SPD16_eabi.lib : fd_tos_t2.obj (.text)
                  000040ae    00000002     --HOLE-- [fill = 0]
                  000040b0    0000006d     ti.targets.arm.rtsarm.aem4f : System.oem4f (.text:xdc_runtime_System_formatNum__I)
                  0000411d    00000003     --HOLE-- [fill = 0]
                  00004120    0000006c     sysbios.aem4f : BIOS.obj (.text:ti_sysbios_knl_Clock_workFunc__E)
                  0000418c    00000004     MAX30105_pem4f.oem4f (.text:ti_sysbios_heaps_HeapMem_Module_GateProxy_enter__E)
                  00004190    0000006c     sysbios.aem4f : BIOS.obj (.text:ti_sysbios_knl_Swi_restoreHwi__E)
                  000041fc    0000006c     ti.targets.arm.rtsarm.aem4f : Error.oem4f (.text:xdc_runtime_Error_print__E)
                  00004268    0000006c                                 : Memory.oem4f (.text:xdc_runtime_Memory_alloc__E)
                  000042d4    00000068     rtsv7M4_T_le_v4SPD16_eabi.lib : copy_decompress_lzss.obj (.text:decompress:lzss)
                  0000433c    00000068     drivers_MSP432P401R.aem4f : I2CMSP432.oem4f (.text:primeTransfer)
                  000043a4    00000068     rtsv7M4_T_le_v4SPD16_eabi.lib : trgmsg.obj (.text)
                  0000440c    00000066     drivers_MSP432P401R.aem4f : I2CMSP432.oem4f (.text:I2CMSP432_close)
                  00004472    00000066     ti.targets.arm.rtsarm.aem4f : Core-mem.oem4f (.text:xdc_runtime_Core_deleteObject__I)
                  000044d8    00000064     MAX30105.obj (.text:_ZN8MAX3010516readTemperatureFEP10I2C_Config)
                  0000453c    00000004     MAX30105_pem4f.oem4f (.text:ti_sysbios_heaps_HeapMem_Module_GateProxy_leave__E)
                  00004540    00000064     sysbios.aem4f : BIOS.obj (.text:ti_sysbios_family_arm_m3_Hwi_dispatchC__I)
                  000045a4    00000062     tirtosport.aem4f : HwiP_tirtos.oem4f (.text:HwiP_create)
                  00004606    00000002     --HOLE-- [fill = 0]
                  00004608    00000060     sysbios.aem4f : BIOS.obj (.text:ti_sysbios_knl_Task_schedule__I)
                  00004668    0000005e     MAX30105.obj (.text:_ZN8MAX3010513readRegister8EP10I2C_Configh)
                  000046c6    00000002     --HOLE-- [fill = 0]
                  000046c8    0000005c     drivers_MSP432P401R.aem4f : GPIOMSP432.oem4f (.text:GPIO_init)
                  00004724    00000004     MAX30105_pem4f.oem4f (.text:ti_sysbios_knl_Clock_TimerProxy_getMaxTicks__E)
                  00004728    0000005c     sysbios.aem4f : BIOS.obj (.text:ti_sysbios_knl_Swi_run__I)
                  00004784    00000004     MAX30105_pem4f.oem4f (.text:ti_sysbios_knl_Queue_destruct)
                  00004788    0000005c     sysbios.aem4f : BIOS.obj (.text:ti_sysbios_knl_Swi_schedule__I)
                  000047e4    00000004     MAX30105_pem4f.oem4f (.text:ti_sysbios_knl_Semaphore_destruct)
                  000047e8    0000005c     sysbios.aem4f : BIOS.obj (.text:ti_sysbios_knl_Task_Module_startup__E)
                  00004844    00000004     ti.targets.arm.rtsarm.aem4f : Error.oem4f (.text:xdc_runtime_Error_getSite__E)
                  00004848    0000005c     sysbios.aem4f : BIOS.obj (.text:ti_sysbios_knl_Task_startCore__E)
                  000048a4    0000005b     ti.targets.arm.rtsarm.aem4f : Text.oem4f (.text:xdc_runtime_Text_putLab__E)
                  000048ff    00000001     --HOLE-- [fill = 0]
                  00004900    00000058     tirtosport.aem4f : SemaphoreP_tirtos.oem4f (.text:SemaphoreP_create)
                  00004958    00000058     boot.aem4f : boot.oem4f (.text)
                  000049b0    00000058     MAX30105_pem4f.oem4f (.text:ti_sysbios_family_arm_m3_Hwi_construct)
                  00004a08    00000058     sysbios.aem4f : m3_Hwi_asm_switch.obj (.text:ti_sysbios_family_arm_m3_Hwi_initStacks__E)
                  00004a60    00000054     drivers_MSP432P401R.aem4f : GPIOMSP432.oem4f (.text:GPIO_hwiIntFxn)
                  00004ab4    00000054                               : GPIOMSP432.oem4f (.text:GPIO_setCallback)
                  00004b08    00000054                               : I2CMSP432.oem4f (.text:initHw)
                  00004b5c    00000054     rtsv7M4_T_le_v4SPD16_eabi.lib : exit.obj (.text)
                  00004bb0    00000054     sysbios.aem4f : BIOS.obj (.text:ti_sysbios_family_arm_msp432_Timer_initDevice__I)
                  00004c04    00000004     MAX30105_pem4f.oem4f (.text:xdc_runtime_System_Module_GateProxy_enter__E)
                  00004c08    00000054     sysbios.aem4f : BIOS.obj (.text:ti_sysbios_family_arm_msp432_init_Boot_configureClocksHigh)
                  00004c5c    00000054     MAX30105_pem4f.oem4f (.text:ti_sysbios_knl_Task_construct)
                  00004cb0    00000054     ti.targets.arm.rtsarm.aem4f : Assert.oem4f (.text:xdc_runtime_Assert_raise__I)
                  00004d04    00000050     drivers_MSP432P401R.aem4f : GPIOMSP432.oem4f (.text:GPIO_write)
                  00004d54    00000050     msp432p4xx_driverlib.lib : pcm.o (.text:PCM_shutdownDevice)
                  00004da4    00000004     MAX30105_pem4f.oem4f (.text:xdc_runtime_System_Module_GateProxy_leave__E)
                  00004da8    00000050     sysbios.aem4f : BIOS.obj (.text:ti_sysbios_family_arm_m3_Hwi_Module_startup__E)
                  00004df8    00000050     ti.targets.arm.rtsarm.aem4f : Startup.oem4f (.text:xdc_runtime_Startup_exec__E)
                  00004e48    00000050                                 : Text.oem4f (.text:xdc_runtime_Text_visitRope2__I)
                  00004e98    0000004c     rtsv7M4_T_le_v4SPD16_eabi.lib : cpy_tbl.obj (.text)
                  00004ee4    00000004     ti.targets.arm.rtsarm.aem4f : System.oem4f (.text:xdc_runtime_System_aprintf_va__F)
                  00004ee8    0000004c     sysbios.aem4f : BIOS.obj (.text:ti_sysbios_family_arm_msp432_Timer_postInit__I)
                  00004f34    00000004     ti.targets.arm.rtsarm.aem4f : System.oem4f (.text:xdc_runtime_System_printf_va__F)
                  00004f38    0000004c     sysbios.aem4f : BIOS.obj (.text:ti_sysbios_family_arm_msp432_Timer_start__E)
                  00004f84    00000004     --HOLE-- [fill = 0]
                  00004f88    0000004c                   : BIOS.obj (.text:ti_sysbios_heaps_HeapMem_getStats__E)
                  00004fd4    00000004     --HOLE-- [fill = 0]
                  00004fd8    0000004c                   : BIOS.obj (.text:ti_sysbios_knl_Swi_runLoop__I)
                  00005024    00000004     --HOLE-- [fill = 0]
                  00005028    0000004c                   : BIOS.obj (.text:ti_sysbios_knl_Task_allBlockedFunction__I)
                  00005074    00000048     msp432p4xx_driverlib.lib : gpio.o (.text:GPIO_setAsPeripheralModuleFunctionInputPin)
                  000050bc    00000048     rtsv7M4_T_le_v4SPD16_eabi.lib : fd_toi_t2.obj (.text)
                  00005104    00000004     --HOLE-- [fill = 0]
                  00005108    00000048     sysbios.aem4f : BIOS.obj (.text:ti_sysbios_family_arm_m3_Hwi_disableInterrupt__E)
                  00005150    00000048                   : BIOS.obj (.text:ti_sysbios_family_arm_m3_Hwi_enableInterrupt__E)
                  00005198    00000048                   : BIOS.obj (.text:ti_sysbios_family_arm_m3_Hwi_excReserved__I)
                  000051e0    00000046     MAX30105.obj (.text:_ZN8MAX301057bitMaskEP10I2C_Confighhh)
                  00005226    00000046     ti.targets.arm.rtsarm.aem4f : Core-params.oem4f (.text:xdc_runtime_Core_assignParams__I)
                  0000526c    00000044     drivers_MSP432P401R.aem4f : PowerMSP432.oem4f (.text:Power_init)
                  000052b0    00000044     rtsv7M4_T_le_v4SPD16_eabi.lib : fd_tou_t2.obj (.text)
                  000052f4    00000004     --HOLE-- [fill = 0]
                  000052f8    00000044     sysbios.aem4f : BIOS.obj (.text:ti_sysbios_family_arm_m3_Hwi_getStackInfo__E)
                  0000533c    00000004     --HOLE-- [fill = 0]
                  00005340    00000044                   : BIOS.obj (.text:ti_sysbios_knl_Swi_post__E)
                  00005384    00000044     ti.targets.arm.rtsarm.aem4f : Error.oem4f (.text:xdc_runtime_Error_setX__E)
                  000053c8    00000044                                 : SysMin.oem4f (.text:xdc_runtime_SysMin_flush__E)
                  0000540c    00000044                                 : Text.oem4f (.text:xdc_runtime_Text_xprintf__I)
                  00005450    00000042     drivers_MSP432P401R.aem4f : I2CMSP432.oem4f (.text:completeTransfer)
                  00005492    00000002     --HOLE-- [fill = 0]
                  00005494    00000040     msp432p4xx_driverlib.lib : flash.o (.text:FlashCtl_disableReadBuffering)
                  000054d4    00000040                              : i2c.o (.text:I2C_masterSendMultiByteFinish)
                  00005514    00000040     drivers_MSP432P401R.aem4f : PowerMSP432.oem4f (.text:notify)
                  00005554    00000040     rtsv7M4_T_le_v4SPD16_eabi.lib : u_divt2.obj (.text)
                  00005594    00000004     --HOLE-- [fill = 0]
                  00005598    00000040     sysbios.aem4f : BIOS.obj (.text:ti_sysbios_family_arm_msp432_Timer_Module_startup__E)
                  000055d8    00000040                   : BIOS.obj (.text:ti_sysbios_family_arm_msp432_Timer_startup__E)
                  00005618    00000040                   : BIOS.obj (.text:ti_sysbios_heaps_HeapMem_Instance_init__E)
                  00005658    0000003e     msp432p4xx_driverlib.lib : i2c.o (.text:I2C_initMaster)
                  00005696    0000003c     power_tirtos_MSP432P401R.aem4f : PowerMSP432_tirtos.oem4f (.text:PowerMSP432_sleepPolicy)
                  000056d2    00000006     msp432p4xx_driverlib.lib : i2c.o (.text:I2C_getInterruptStatus)
                  000056d8    0000003c     sysbios.aem4f : BIOS.obj (.text:ti_sysbios_family_arm_m3_Hwi_excSvCall__I)
                  00005714    00000004     --HOLE-- [fill = 0]
                  00005718    0000003c                   : BIOS.obj (.text:ti_sysbios_heaps_HeapMem_init__I)
                  00005754    00000004     --HOLE-- [fill = 0]
                  00005758    0000003c                   : BIOS.obj (.text:ti_sysbios_knl_Swi_restore__E)
                  00005794    00000038     drivers_MSP432P401R.aem4f : I2C.oem4f (.text:I2C_init)
                  000057cc    00000038                               : I2CMSP432.oem4f (.text:perfChangeNotifyFxn)
                  00005804    00000038     rtsv7M4_T_le_v4SPD16_eabi.lib : fs_tod_t2.obj (.text)
                  0000583c    00000004     --HOLE-- [fill = 0]
                  00005840    00000038     sysbios.aem4f : BIOS.obj (.text:ti_sysbios_family_arm_m3_Hwi_excNoIsr__I)
                  00005878    00000038                   : BIOS.obj (.text:ti_sysbios_knl_Task_processVitalTaskFlag__I)
                  000058b0    00000038     ti.targets.arm.rtsarm.aem4f : SysMin.oem4f (.text:xdc_runtime_SysMin_putch__E)
                  000058e8    00000038                                 : System.oem4f (.text:xdc_runtime_System_atexit__E)
                  00005920    00000034     msp432p4xx_driverlib.lib : flash.o (.text:FlashCtl_enableReadBuffering)
                  00005954    00000004     --HOLE-- [fill = 0]
                  00005958    00000034     sysbios.aem4f : BIOS.obj (.text:ti_sysbios_family_arm_m3_Hwi_Instance_finalize__E)
                  0000598c    00000004     --HOLE-- [fill = 0]
                  00005990    00000034                   : BIOS.obj (.text:ti_sysbios_family_arm_m3_Hwi_excNmi__I)
                  000059c4    00000004     --HOLE-- [fill = 0]
                  000059c8    00000034                   : BIOS.obj (.text:ti_sysbios_hal_Hwi_checkStack)
                  000059fc    00000034     ti.targets.arm.rtsarm.aem4f : Core-label.oem4f (.text:xdc_runtime_Core_assignLabel__I)
                  00005a30    00000033                                 : Text.oem4f (.text:xdc_runtime_Text_printVisFxn__I)
                  00005a63    00000005     --HOLE-- [fill = 0]
                  00005a68    00000032     sysbios.aem4f : BIOS.obj (.text:ti_sysbios_hal_Hwi_initStack)
                  00005a9a    00000002     --HOLE-- [fill = 0]
                  00005a9c    00000030     msp432p4xx_driverlib.lib : gpio.o (.text:GPIO_getEnabledInterruptStatus)
                  00005acc    00000030                              : gpio.o (.text:GPIO_setAsInputPinWithPullDownResistor)
                  00005afc    00000030                              : gpio.o (.text:GPIO_setAsInputPinWithPullUpResistor)
                  00005b2c    00000030     drivers_MSP432P401R.aem4f : I2C.oem4f (.text:I2C_open)
                  00005b5c    00000030     MAX30105_pem4f.oem4f (.text:ti_sysbios_BIOS_atExitFunc__I)
                  00005b8c    00000030     MAX30105_pem4f.oem4f (.text:ti_sysbios_BIOS_startFunc__I)
                  00005bbc    00000004     --HOLE-- [fill = 0]
                  00005bc0    00000030     sysbios.aem4f : BIOS.obj (.text:ti_sysbios_family_arm_m3_TaskSupport_start__E)
                  00005bf0    00000030     MAX30105_pem4f.oem4f (.text:ti_sysbios_gates_GateHwi_Object__create__S)
                  00005c20    00000030     MAX30105_pem4f.oem4f (.text:ti_sysbios_gates_GateMutex_Object__create__S)
                  00005c50    00000030     sysbios.aem4f : BIOS.obj (.text:ti_sysbios_gates_GateMutex_enter__E)
                  00005c80    00000030     MAX30105_pem4f.oem4f (.text:ti_sysbios_heaps_HeapMem_Object__create__S)
                  00005cb0    00000030     MAX30105_pem4f.oem4f (.text:ti_sysbios_knl_Semaphore_construct)
                  00005ce0    00000030     sysbios.aem4f : BIOS.obj (.text:ti_sysbios_knl_Semaphore_pendTimeout__I)
                  00005d10    00000030                   : BIOS.obj (.text:ti_sysbios_knl_Task_unblockI__E)
                  00005d40    00000030     ti.targets.arm.rtsarm.aem4f : SysMin.oem4f (.text:xdc_runtime_SysMin_abort__E)
                  00005d70    00000030                                 : System.oem4f (.text:xdc_runtime_System_processAtExit__E)
                  00005da0    0000002e     rtsv7M4_T_le_v4SPD16_eabi.lib : i_tofd_t2.obj (.text)
                  00005dce    00000002     --HOLE-- [fill = 0]
                  00005dd0    0000002c     msp432p4xx_driverlib.lib : gpio.o (.text:GPIO_setAsInputPin)
                  00005dfc    0000002c                              : pcm.o (.text:PCM_getCoreVoltageLevel)
                  00005e28    0000002c     power_tirtos_MSP432P401R.aem4f : PowerMSP432_tirtos.oem4f (.text:PowerMSP432_updateFreqs)
                  00005e54    0000002c     drivers_MSP432P401R.aem4f : PowerMSP432.oem4f (.text:Power_releaseConstraint)
                  00005e80    0000002c                               : PowerMSP432.oem4f (.text:Power_setConstraint)
                  00005eac    0000002c     MAX30105.obj (.text:_ZN8MAX301059clearFIFOEP10I2C_Config)
                  00005ed8    0000002c     MAX30105_pem4f.oem4f (.text:ti_sysbios_knl_Clock_doTick__I)
                  00005f04    0000002c     MAX30105_pem4f.oem4f (.text:ti_sysbios_knl_Queue_construct)
                  00005f30    0000002c     sysbios.aem4f : BIOS.obj (.text:ti_sysbios_knl_Task_restore__E)
                  00005f5c    0000002c     ti.targets.arm.rtsarm.aem4f : Text.oem4f (.text:xdc_runtime_Text_cordText__E)
                  00005f88    0000002a     msp432p4xx_driverlib.lib : pcm.o (.text:PCM_getPowerMode)
                  00005fb2    0000002a     ti.targets.arm.rtsarm.aem4f : System.oem4f (.text:xdc_runtime_System_putchar__I)
                  00005fdc    00000028     msp432p4xx_driverlib.lib : flash.o (.text:FlashCtl_setWaitState)
                  00006004    00000028                              : pcm.o (.text:PCM_gotoLPM0)
                  0000602c    00000028     MAX30105.obj (.text:_ZN8MAX301055getIREP10I2C_Config)
                  00006054    00000028     MAX30105.obj (.text:_ZN8MAX301056getRedEP10I2C_Config)
                  0000607c    00000028     MAX30105.obj (.text:_ZN8MAX301058getGreenEP10I2C_Config)
                  000060a4    00000004     --HOLE-- [fill = 0]
                  000060a8    00000028     sysbios.aem4f : BIOS.obj (.text:ti_sysbios_knl_Clock_addI__E)
                  000060d0    00000028                   : BIOS.obj (.text:ti_sysbios_knl_Swi_Module_startup__E)
                  000060f8    00000026     drivers_MSP432P401R.aem4f : List.oem4f (.text:List_put)
                  0000611e    00000026     sysbios.aem4f : m3_Hwi_asm.obj (.text:ti_sysbios_family_arm_m3_Hwi_pendSV__I)
                  00006144    00000026     ti.targets.arm.rtsarm.aem4f : System.oem4f (.text:xdc_runtime_System_avprintf__E)
                  0000616a    00000002     --HOLE-- [fill = 0]
                  0000616c    00000024     msp432p4xx_driverlib.lib : cs.o (.text:CS_setDCOCenteredFrequency)
                  00006190    00000024                              : gpio.o (.text:GPIO_setAsOutputPin)
                  000061b4    00000024                              : i2c.o (.text:I2C_masterSendMultiByteNext)
                  000061d8    00000024                              : rtc_c.o (.text:RTC_C_holdClock)
                  000061fc    00000024                              : rtc_c.o (.text:RTC_C_startClock)
                  00006220    00000024     MAX30105.obj (.text:_ZN8MAX3010510setLEDModeEP10I2C_Configh)
                  00006244    00000024     MAX30105.obj (.text:_ZN8MAX3010511setADCRangeEP10I2C_Configh)
                  00006268    00000024     MAX30105.obj (.text:_ZN8MAX3010513setPulseWidthEP10I2C_Configh)
                  0000628c    00000024     MAX30105.obj (.text:_ZN8MAX3010513setSampleRateEP10I2C_Configh)
                  000062b0    00000024     MAX30105.obj (.text:_ZN8MAX3010514setFIFOAverageEP10I2C_Configh)
                  000062d4    00000024     MAX30105_pem4f.oem4f (.text:ti_sysbios_BIOS_errorRaiseHook__I)
                  000062f8    00000024     MAX30105_pem4f.oem4f (.text:ti_sysbios_BIOS_registerRTSLock__I)
                  0000631c    00000024     MAX30105_pem4f.oem4f (.text:ti_sysbios_BIOS_removeRTSLock__I)
                  00006340    00000024     sysbios.aem4f : BIOS.obj (.text:ti_sysbios_family_arm_msp432_ClockFreqs_setFrequency__E)
                  00006364    00000024     MAX30105_pem4f.oem4f (.text:ti_sysbios_gates_GateMutex_Object__delete__S)
                  00006388    00000024     sysbios.aem4f : BIOS.obj (.text:ti_sysbios_knl_Clock_Module_startup__E)
                  000063ac    00000004     --HOLE-- [fill = 0]
                  000063b0    00000024                   : BIOS.obj (.text:ti_sysbios_knl_Semaphore_Instance_init__E)
                  000063d4    00000004     --HOLE-- [fill = 0]
                  000063d8    00000024                   : BIOS.obj (.text:ti_sysbios_knl_Task_restoreHwi__E)
                  000063fc    00000024     ti.targets.arm.rtsarm.aem4f : System.oem4f (.text:xdc_runtime_System_vprintf__E)
                  00006420    00000022     MAX30105_pem4f.oem4f (.text:xdc_runtime_SysMin_output__I)
                  00006442    00000002     --HOLE-- [fill = 0]
                  00006444    00000020     msp432p4xx_driverlib.lib : gpio.o (.text:GPIO_interruptEdgeSelect)
                  00006464    00000020     drivers_MSP432P401R.aem4f : PowerMSP432.oem4f (.text:PowerMSP432_getFreqs)
                  00006484    00000020                               : PowerMSP432.oem4f (.text:Power_unregisterNotify)
                  000064a4    00000020     MAX30105_pem4f.oem4f (.text:ti_sysbios_BIOS_rtsLock__I)
                  000064c4    00000020     sysbios.aem4f : m3_Hwi_asm.obj (.text:ti_sysbios_family_arm_m3_Hwi_excHandlerAsm__I)
                  000064e4    00000004     --HOLE-- [fill = 0]
                  000064e8    00000020                   : BIOS.obj (.text:ti_sysbios_family_arm_m3_Hwi_excHandler__I)
                  00006508    00000020     MAX30105_pem4f.oem4f (.text:ti_sysbios_gates_GateHwi_Object__delete__S)
                  00006528    00000020     MAX30105_pem4f.oem4f (.text:ti_sysbios_heaps_HeapMem_Object__delete__S)
                  00006548    00000020     sysbios.aem4f : BIOS.obj (.text:ti_sysbios_knl_Idle_run__E)
                  00006568    00000020     MAX30105_pem4f.oem4f (.text:ti_sysbios_knl_Semaphore_Object__destruct__S)
                  00006588    00000020     ti.targets.arm.rtsarm.aem4f : Registry.oem4f (.text:xdc_runtime_Registry_findById__E)
                  000065a8    00000020                                 : SysMin.oem4f (.text:xdc_runtime_SysMin_Module_startup__E)
                  000065c8    0000001e     sysbios.aem4f : m3_Hwi_asm_switch.obj (.text:ti_sysbios_family_xxx_Hwi_switchAndRunFunc)
                  000065e6    00000002     --HOLE-- [fill = 0]
                  000065e8    0000001c     msp432p4xx_driverlib.lib : pcm.o (.text:PCM_enableRudeMode)
                  00006604    0000001c     drivers_MSP432P401R.aem4f : PowerMSP432.oem4f (.text:Power_registerNotify)
                  00006620    0000001c     MAX30105_pem4f.oem4f (.text:ti_sysbios_family_arm_m3_Hwi_Object__destruct__S)
                  0000663c    00000004     --HOLE-- [fill = 0]
                  00006640    0000001c     sysbios.aem4f : BIOS.obj (.text:ti_sysbios_gates_GateMutex_Instance_init__E)
                  0000665c    0000001c     MAX30105_pem4f.oem4f (.text:ti_sysbios_knl_Queue_Object__destruct__S)
                  00006678    0000001c     sysbios.aem4f : BIOS.obj (.text:ti_sysbios_knl_Queue_put__E)
                  00006694    00000004     --HOLE-- [fill = 0]
                  00006698    0000001c                   : BIOS.obj (.text:ti_sysbios_knl_Task_enter__I)
                  000066b4    0000001c     ti.targets.arm.rtsarm.aem4f : Error.oem4f (.text:xdc_runtime_Error_raiseX__E)
                  000066d0    0000001c                                 : Memory.oem4f (.text:xdc_runtime_Memory_valloc__E)
                  000066ec    0000001c                                 : SysMin.oem4f (.text:xdc_runtime_SysMin_exit__E)
                  00006708    0000001c                                 : System.oem4f (.text:xdc_runtime_System_abort__E)
                  00006724    0000001a     drivers_MSP432P401R.aem4f : List.oem4f (.text:List_remove)
                  0000673e    0000001a     MAX30105.obj (.text:_ZN8MAX3010519setPulseAmplitudeIREP10I2C_Configh)
                  00006758    0000001a     MAX30105.obj (.text:_ZN8MAX3010520setPulseAmplitudeRedEP10I2C_Configh)
                  00006772    0000001a     MAX30105.obj (.text:_ZN8MAX3010522setPulseAmplitudeGreenEP10I2C_Configh)
                  0000678c    0000001a     MAX30105.obj (.text:_ZN8MAX3010526setPulseAmplitudeProximityEP10I2C_Configh)
                  000067a6    0000001a     MAX30105_pem4f.oem4f (.text:ti_sysbios_family_arm_m3_Hwi_Handle__label__S)
                  000067c0    0000001a     MAX30105_pem4f.oem4f (.text:ti_sysbios_gates_GateHwi_Handle__label__S)
                  000067da    0000001a     MAX30105_pem4f.oem4f (.text:ti_sysbios_gates_GateMutex_Handle__label__S)
                  000067f4    0000001a     MAX30105_pem4f.oem4f (.text:ti_sysbios_heaps_HeapMem_Handle__label__S)
                  0000680e    0000001a     MAX30105_pem4f.oem4f (.text:ti_sysbios_knl_Swi_Handle__label__S)
                  00006828    0000001a     MAX30105_pem4f.oem4f (.text:ti_sysbios_knl_Task_Handle__label__S)
                  00006842    0000001a     MAX30105_pem4f.oem4f (.text:xdc_runtime_System_aprintf__E)
                  0000685c    0000001a     MAX30105_pem4f.oem4f (.text:xdc_runtime_System_printf__E)
                  00006876    00000002     --HOLE-- [fill = 0]
                  00006878    00000018     msp432p4xx_driverlib.lib : gpio.o (.text:GPIO_clearInterruptFlag)
                  00006890    00000018                              : gpio.o (.text:GPIO_setDriveStrengthLow)
                  000068a8    00000018                              : gpio.o (.text:GPIO_setOutputLowOnPin)
                  000068c0    00000018                              : i2c.o (.text:I2C_masterIsStartSent)
                  000068d8    00000018                              : wdt_a.o (.text:WDT_A_holdTimer)
                  000068f0    00000018     MAX30105.obj (.text:_ZN8MAX3010518enableFIFORolloverEP10I2C_Config)
                  00006908    00000018     MAX30105.obj (.text:_ZN8MAX301056wakeUpEP10I2C_Config)
                  00006920    00000018     rtsv7M4_T_le_v4SPD16_eabi.lib : args_main.obj (.text)
                  00006938    00000018     MAX30105_pem4f.oem4f (.text:ti_sysbios_BIOS_rtsUnlock__I)
                  00006950    00000018     MAX30105_pem4f.oem4f (.text:ti_sysbios_family_arm_m3_Hwi_Module__startupDone__F)
                  00006968    00000018     sysbios.aem4f : m3_TaskSupport_asm.obj (.text:ti_sysbios_family_arm_m3_TaskSupport_swap__E)
                  00006980    00000018     MAX30105_pem4f.oem4f (.text:ti_sysbios_family_arm_msp432_Timer_Module__startupDone__F)
                  00006998    00000018     sysbios.aem4f : BIOS.obj (.text:ti_sysbios_gates_GateMutex_leave__E)
                  000069b0    00000018                   : BIOS.obj (.text:ti_sysbios_knl_Task_sleepTimeout__I)
                  000069c8    00000018     ti.targets.arm.rtsarm.aem4f : Error.oem4f (.text:xdc_runtime_Error_check__E)
                  000069e0    00000018                                 : System.oem4f (.text:xdc_runtime_System_exit__E)
                  000069f8    00000018                                 : Text.oem4f (.text:xdc_runtime_Text_ropeText__E)
                  00006a10    00000016     tirtosport.aem4f : HwiP_tirtos.oem4f (.text:HwiP_delete)
                  00006a26    00000016                      : SemaphoreP_tirtos.oem4f (.text:SemaphoreP_delete)
                  00006a3c    00000016     MAX30105.obj (.text:_Z31ti_sysbios_knl_Task_Params_initP26ti_sysbios_knl_Task_Params)
                  00006a52    00000016     MAX30105_pem4f.oem4f (.text:ti_sysbios_BIOS_exitFunc__I)
                  00006a68    00000014     msp432p4xx_driverlib.lib : gpio.o (.text:GPIO_setDriveStrengthHigh)
                  00006a7c    00000014                              : gpio.o (.text:GPIO_setOutputHighOnPin)
                  00006a90    00000014     drivers_MSP432P401R.aem4f : PowerMSP432.oem4f (.text:Power_idleFunc)
                  00006aa4    00000014     msp432p4xx_driverlib.lib : wdt_a.o (.text:WDT_A_startTimer)
                  00006ab8    00000014     rtsv7M4_T_le_v4SPD16_eabi.lib : _lock.obj (.text)
                  00006acc    00000014                                   : strcpy.obj (.text)
                  00006ae0    00000014                                   : strlen.obj (.text)
                  00006af4    00000014     MAX30105_pem4f.oem4f (.text:ti_sysbios_family_arm_m3_Hwi_Object__get__S)
                  00006b08    00000014     sysbios.aem4f : BIOS.obj (.text:ti_sysbios_family_arm_m3_Hwi_switchFromBootStack__E)
                  00006b1c    00000014     MAX30105_pem4f.oem4f (.text:ti_sysbios_heaps_HeapMem_Object__get__S)
                  00006b30    00000014     MAX30105_pem4f.oem4f (.text:ti_sysbios_knl_Swi_Object__get__S)
                  00006b44    00000012     MSP_EXP432P401R.obj (.text:MSP_EXP432P401R_initI2C)
                  00006b56    00000012     tirtosport.aem4f : SemaphoreP_tirtos.oem4f (.text:SemaphoreP_pend)
                  00006b68    00000012     MAX30105.obj (.text:_ZN8MAX3010510readPartIDEP10I2C_Config)
                  00006b7a    00000006     msp432p4xx_driverlib.lib : i2c.o (.text:I2C_masterReceiveMultiByteNext)
                  00006b80    00000012     sysbios.aem4f : BIOS.obj (.text:ti_sysbios_hal_Hwi_Module_startup__E)
                  00006b92    00000012     MAX30105_pem4f.oem4f (.text:xdc_runtime_Startup_exec__I)
                  00006ba4    00000010     msp432p4xx_driverlib.lib : gpio.o (.text:GPIO_getInterruptStatus)
                  00006bb4    00000010     drivers_MSP432P401R.aem4f : I2C.oem4f (.text:I2C_Params_init)
                  00006bc4    00000010     msp432p4xx_driverlib.lib : i2c.o (.text:I2C_masterReceiveMultiByteStop)
                  00006bd4    00000010                              : i2c.o (.text:I2C_masterReceiveStart)
                  00006be4    00000010                              : i2c.o (.text:I2C_masterSendStart)
                  00006bf4    00000010                              : pcm.o (.text:PCM_gotoLPM4)
                  00006c04    00000010     MAX30105.obj (.text:_ZN8MAX301059safeCheckEh)
                  00006c14    00000004     --HOLE-- [fill = 0]
                  00006c18    00000010     sysbios.aem4f : BIOS.obj (.text:ti_sysbios_BIOS_setCpuFreq__E)
                  00006c28    00000010                   : BIOS.obj (.text:ti_sysbios_BIOS_setThreadType__E)
                  00006c38    00000010                   : BIOS.obj (.text:ti_sysbios_BIOS_start__E)
                  00006c48    00000010                   : m3_TaskSupport_asm.obj (.text:ti_sysbios_family_arm_m3_TaskSupport_glue)
                  00006c58    00000010                   : BIOS.obj (.text:ti_sysbios_family_arm_msp432_init_Boot_disableWatchdog)
                  00006c68    00000010                   : BIOS.obj (.text:ti_sysbios_gates_GateMutex_Instance_finalize__E)
                  00006c78    00000010                   : BIOS.obj (.text:ti_sysbios_knl_Semaphore_Instance_finalize__E)
                  00006c88    00000010                   : BIOS.obj (.text:ti_sysbios_knl_Swi_disable__E)
                  00006c98    00000010     MAX30105_pem4f.oem4f (.text:ti_sysbios_knl_Task_Object__get__S)
                  00006ca8    00000010     sysbios.aem4f : BIOS.obj (.text:ti_sysbios_knl_Task_disable__E)
                  00006cb8    00000010     ti.targets.arm.rtsarm.aem4f : Gate.oem4f (.text:xdc_runtime_Gate_leaveSystem__E)
                  00006cc8    00000010                                 : Memory.oem4f (.text:xdc_runtime_Memory_free__E)
                  00006cd8    00000010                                 : SysMin.oem4f (.text:xdc_runtime_SysMin_ready__E)
                  00006ce8    00000010                                 : System.oem4f (.text:xdc_runtime_System_vsnprintf__E)
                  00006cf8    00000010     MAX30105_pem4f.oem4f (.text:xdc_runtime_Text_visitRope__I)
                  00006d08    0000000e     tirtosport.aem4f : HwiP_tirtos.oem4f (.text:HwiP_Params_init)
                  00006d16    0000000e     msp432p4xx_driverlib.lib : i2c.o (.text:I2C_clearInterruptFlag)
                  00006d24    0000000e                              : i2c.o (.text:I2C_disableInterrupt)
                  00006d32    0000000e                              : i2c.o (.text:I2C_setMode)
                  00006d40    0000000e     rtsv7M4_T_le_v4SPD16_eabi.lib : copy_decompress_none.obj (.text:decompress:none)
                  00006d4e    00000002     --HOLE-- [fill = 0]
                  00006d50    0000000e     sysbios.aem4f : BIOS.obj (.text:ti_sysbios_knl_Idle_loop__E)
                  00006d5e    00000002     --HOLE-- [fill = 0]
                  00006d60    0000000e                   : BIOS.obj (.text:ti_sysbios_knl_Queue_empty__E)
                  00006d6e    0000000c     MAX30105_pem4f.oem4f (.text:.bootCodeSection:ti_sysbios_family_arm_msp432_init_Boot_init__I)
                  00006d7a    0000000c     msp432p4xx_driverlib.lib : cpu.o (.text:CPU_cpsid)
                  00006d86    0000000c                              : cpu.o (.text:CPU_cpsie)
                  00006d92    0000000c                              : i2c.o (.text:I2C_disableModule)
                  00006d9e    0000000c                              : i2c.o (.text:I2C_enableModule)
                  00006daa    00000002     --HOLE-- [fill = 0]
                  00006dac    0000000c                              : pcm.o (.text:PCM_getPowerState)
                  00006db8    0000000c     drivers_MSP432P401R.aem4f : PowerMSP432.oem4f (.text:Power_getConstraintMask)
                  00006dc4    0000000c                               : PowerMSP432.oem4f (.text:Power_getPerformanceLevel)
                  00006dd0    0000000c     MAX30105.obj (.text:_ZN8MAX30105C1Ev)
                  00006ddc    0000000c     rtsv7M4_T_le_v4SPD16_eabi.lib : copy_zero_init.obj (.text:decompress:ZI)
                  00006de8    0000000c     MAX30105_pem4f.oem4f (.text:ti_sysbios_family_arm_m3_Hwi_Params__init__S)
                  00006df4    00000004     --HOLE-- [fill = 0]
                  00006df8    0000000c     sysbios.aem4f : BIOS.obj (.text:ti_sysbios_family_arm_m3_Hwi_disableFxn__E)
                  00006e04    00000004     --HOLE-- [fill = 0]
                  00006e08    0000000c                   : BIOS.obj (.text:ti_sysbios_family_arm_m3_TaskSupport_checkStack__E)
                  00006e14    00000004     --HOLE-- [fill = 0]
                  00006e18    0000000c                   : BIOS.obj (.text:ti_sysbios_family_arm_m3_TaskSupport_getStackAlignment__E)
                  00006e24    00000004     --HOLE-- [fill = 0]
                  00006e28    0000000c                   : BIOS.obj (.text:ti_sysbios_family_arm_msp432_Timer_getMaxTicks__E)
                  00006e34    00000004     --HOLE-- [fill = 0]
                  00006e38    0000000c                   : BIOS.obj (.text:ti_sysbios_gates_GateHwi_enter__E)
                  00006e44    0000000c     MAX30105_pem4f.oem4f (.text:ti_sysbios_knl_Queue_Object__get__S)
                  00006e50    0000000c     MAX30105_pem4f.oem4f (.text:ti_sysbios_knl_Semaphore_Params__init__S)
                  00006e5c    0000000c     MAX30105_pem4f.oem4f (.text:ti_sysbios_knl_Task_Params__init__S)
                  00006e68    0000000c     ti.targets.arm.rtsarm.aem4f : Error.oem4f (.text:xdc_runtime_Error_init__E)
                  00006e74    0000000c                                 : Gate.oem4f (.text:xdc_runtime_Gate_enterSystem__E)
                  00006e80    0000000c                                 : Memory.oem4f (.text:xdc_runtime_Memory_calloc__E)
                  00006e8c    0000000c                                 : Memory.oem4f (.text:xdc_runtime_Memory_getMaxDefaultTypeAlign__E)
                  00006e98    0000000c                                 : Startup.oem4f (.text:xdc_runtime_Startup_rtsDone__E)
                  00006ea4    0000000a     drivers_MSP432P401R.aem4f : I2CMSP432.oem4f (.text:I2CMSP432_init)
                  00006eae    0000000a                               : I2C.oem4f (.text:I2C_close)
                  00006eb8    0000000a                               : I2C.oem4f (.text:I2C_transfer)
                  00006ec2    0000000a     tirtosport.aem4f : SemaphoreP_tirtos.oem4f (.text:SemaphoreP_post)
                  00006ecc    0000000a     MAX30105_pem4f.oem4f (.text:xdc_runtime_IHeap_alloc)
                  00006ed6    0000000a     MAX30105_pem4f.oem4f (.text:xdc_runtime_IHeap_free)
                  00006ee0    00000008     msp432p4xx_driverlib.lib : i2c.o (.text:I2C_enableInterrupt)
                  00006ee8    00000008     MSP_EXP432P401R.obj (.text:MSP_EXP432P401R_initGPIO)
                  00006ef0    00000008     MSP_EXP432P401R.obj (.text:MSP_EXP432P401R_initGeneral)
                  00006ef8    00000008     msp432p4xx_driverlib.lib : pcm.o (.text:PCM_setPowerMode)
                  00006f00    00000008                              : pcm.o (.text:PCM_setPowerState)
                  00006f08    00000008     tirtosport.aem4f : SemaphoreP_tirtos.oem4f (.text:SemaphoreP_Params_init)
                  00006f10    00000008     drivers_MSP432P401R.aem4f : I2CMSP432.oem4f (.text:blockingTransferCallback)
                  00006f18    00000008     sysbios.aem4f : BIOS.obj (.text:ti_sysbios_family_arm_m3_Hwi_doSwiRestore__I)
                  00006f20    00000008                   : BIOS.obj (.text:ti_sysbios_family_arm_m3_Hwi_startup__E)
                  00006f28    00000006                   : BIOS.obj (.text:ti_sysbios_family_arm_m3_Hwi_doTaskRestore__I)
                  00006f2e    00000002     --HOLE-- [fill = 0]
                  00006f30    00000006                   : BIOS.obj (.text:ti_sysbios_family_arm_m3_Hwi_restoreFxn__E)
                  00006f36    00000002     --HOLE-- [fill = 0]
                  00006f38    00000006                   : BIOS.obj (.text:ti_sysbios_gates_GateHwi_leave__E)
                  00006f3e    00000002     --HOLE-- [fill = 0]
                  00006f40    00000006                   : BIOS.obj (.text:ti_sysbios_heaps_HeapMem_isBlocking__E)
                  00006f46    00000002     --HOLE-- [fill = 0]
                  00006f48    00000006                   : BIOS.obj (.text:ti_sysbios_knl_Queue_Instance_init__E)
                  00006f4e    00000002     --HOLE-- [fill = 0]
                  00006f50    00000006                   : BIOS.obj (.text:ti_sysbios_knl_Swi_startup__E)
                  00006f56    00000006     ti.targets.arm.rtsarm.aem4f : System.oem4f (.text:xdc_runtime_System_Module_startup__E)
                  00006f5c    00000004     --HOLE-- [fill = 0]
                  00006f60    00000004     sysbios.aem4f : BIOS.obj (.text:ti_sysbios_gates_GateHwi_query__E)
                  00006f64    00000004     --HOLE-- [fill = 0]
                  00006f68    00000004                   : BIOS.obj (.text:ti_sysbios_gates_GateMutex_query__E)
                  00006f6c    00000004     --HOLE-- [fill = 0]
                  00006f70    00000004                   : BIOS.obj (.text:ti_sysbios_knl_Task_startup__E)
                  00006f74    00000004     --HOLE-- [fill = 0]
                  00006f78    00000002                   : BIOS.obj (.text:ti_sysbios_BIOS_linkedWithIncorrectBootLibrary__E)
                  00006f7a    00000006     --HOLE-- [fill = 0]
                  00006f80    00000002                   : BIOS.obj (.text:ti_sysbios_gates_GateHwi_Instance_init__E)
                  00006f82    00000006     --HOLE-- [fill = 0]
                  00006f88    00000002                   : BIOS.obj (.text:ti_sysbios_knl_Clock_logTick__E)

.const     0    00006f8c    00001d86     
                  00006f8c    0000181b     MAX30105_pem4f.oem4f (.const:xdc_runtime_Text_charTab__A)
                  000087a7    00000001     MAX30105_pem4f.oem4f (.const:xdc_runtime_Error_policy__C)
                  000087a8    000000b0     MAX30105_pem4f.oem4f (.const:xdc_runtime_Text_nodeTab__A)
                  00008858    00000048     MAX30105_pem4f.oem4f (.const:.string)
                  000088a0    0000003c     MAX30105_pem4f.oem4f (.const:ti_sysbios_knl_Task_Object__PARAMS__C)
                  000088dc    00000030     MAX30105_pem4f.oem4f (.const:ti_sysbios_family_arm_m3_Hwi_Object__PARAMS__C)
                  0000890c    00000028     MAX30105_pem4f.oem4f (.const:ti_sysbios_heaps_HeapMem_Module__FXNS__C)
                  00008934    00000024     MAX30105_pem4f.oem4f (.const:ti_sysbios_gates_GateHwi_Module__FXNS__C)
                  00008958    00000024     MAX30105_pem4f.oem4f (.const:ti_sysbios_gates_GateMutex_Module__FXNS__C)
                  0000897c    00000024     MAX30105_pem4f.oem4f (.const:ti_sysbios_heaps_HeapMem_Object__PARAMS__C)
                  000089a0    00000024     MAX30105_pem4f.oem4f (.const:ti_sysbios_knl_Semaphore_Object__PARAMS__C)
                  000089c4    00000020     drivers_MSP432P401R.aem4f : I2CMSP432.oem4f (.const)
                  000089e4    00000020     MAX30105_pem4f.oem4f (.const:ti_sysbios_family_arm_m3_Hwi_Object__DESC__C)
                  00008a04    00000020     MAX30105_pem4f.oem4f (.const:ti_sysbios_gates_GateHwi_Object__DESC__C)
                  00008a24    00000020     MAX30105_pem4f.oem4f (.const:ti_sysbios_gates_GateMutex_Object__DESC__C)
                  00008a44    00000020     MAX30105_pem4f.oem4f (.const:ti_sysbios_heaps_HeapMem_Object__DESC__C)
                  00008a64    00000020     MAX30105_pem4f.oem4f (.const:ti_sysbios_knl_Queue_Object__DESC__C)
                  00008a84    00000020     MAX30105_pem4f.oem4f (.const:ti_sysbios_knl_Semaphore_Object__DESC__C)
                  00008aa4    00000020     MAX30105_pem4f.oem4f (.const:ti_sysbios_knl_Task_Object__DESC__C)
                  00008ac4    00000020     MAX30105_pem4f.oem4f (.const:xdc_runtime_Startup_sfxnTab__A)
                  00008ae4    00000018     MSP_EXP432P401R.obj (.const:I2C_config)
                  00008afc    00000018     MAX30105_pem4f.oem4f (.const:ti_sysbios_gates_GateHwi_Object__PARAMS__C)
                  00008b14    00000018     MAX30105_pem4f.oem4f (.const:ti_sysbios_gates_GateMutex_Object__PARAMS__C)
                  00008b2c    00000018     MAX30105_pem4f.oem4f (.const:ti_sysbios_knl_Queue_Object__PARAMS__C)
                  00008b44    00000014     MSP_EXP432P401R.obj (.const:GPIOMSP432_config)
                  00008b58    00000010     MSP_EXP432P401R.obj (.const:PowerMSP432_config)
                  00008b68    00000010     drivers_MSP432P401R.aem4f : I2C.oem4f (.const)
                  00008b78    00000010     MSP_EXP432P401R.obj (.const:i2cMSP432HWAttrs)
                  00008b88    00000010     MAX30105_pem4f.oem4f (.const:xdc_runtime_Startup_sfxnRts__A)
                  00008b98    0000000c     drivers_MSP432P401R.aem4f : GPIOMSP432.oem4f (.const:.string)
                  00008ba4    0000000c     MAX30105_pem4f.oem4f (.const:xdc_runtime_Startup_firstFxns__A)
                  00008bb0    00000008     MAX30105_pem4f.oem4f (.const:ti_sysbios_family_arm_m3_Hwi_excHookFuncs__A)
                  00008bb8    00000008     MAX30105_pem4f.oem4f (.const:ti_sysbios_knl_Idle_funcList__A)
                  00008bc0    00000008     MAX30105_pem4f.oem4f (.const:ti_sysbios_knl_Idle_funcList__C)
                  00008bc8    00000008     MAX30105_pem4f.oem4f (.const:xdc_runtime_Startup_firstFxns__C)
                  00008bd0    00000008     MAX30105_pem4f.oem4f (.const:xdc_runtime_Startup_lastFxns__C)
                  00008bd8    00000004     MAX30105_pem4f.oem4f (.const:ti_sysbios_family_arm_m3_Hwi_E_NMI__C)
                  00008bdc    00000004     MAX30105_pem4f.oem4f (.const:ti_sysbios_family_arm_m3_Hwi_E_alreadyDefined__C)
                  00008be0    00000004     MAX30105_pem4f.oem4f (.const:ti_sysbios_family_arm_m3_Hwi_E_busFault__C)
                  00008be4    00000004     MAX30105_pem4f.oem4f (.const:ti_sysbios_family_arm_m3_Hwi_E_debugMon__C)
                  00008be8    00000004     MAX30105_pem4f.oem4f (.const:ti_sysbios_family_arm_m3_Hwi_E_hardFault__C)
                  00008bec    00000004     MAX30105_pem4f.oem4f (.const:ti_sysbios_family_arm_m3_Hwi_E_memFault__C)
                  00008bf0    00000004     MAX30105_pem4f.oem4f (.const:ti_sysbios_family_arm_m3_Hwi_E_noIsr__C)
                  00008bf4    00000004     MAX30105_pem4f.oem4f (.const:ti_sysbios_family_arm_m3_Hwi_E_reserved__C)
                  00008bf8    00000004     MAX30105_pem4f.oem4f (.const:ti_sysbios_family_arm_m3_Hwi_E_svCall__C)
                  00008bfc    00000004     MAX30105_pem4f.oem4f (.const:ti_sysbios_family_arm_m3_Hwi_E_usageFault__C)
                  00008c00    00000004     MAX30105_pem4f.oem4f (.const:ti_sysbios_family_arm_m3_Hwi_NUM_INTERRUPTS__C)
                  00008c04    00000004     MAX30105_pem4f.oem4f (.const:ti_sysbios_family_arm_m3_Hwi_Object__count__C)
                  00008c08    00000004     MAX30105_pem4f.oem4f (.const:ti_sysbios_family_arm_m3_Hwi_ccr__C)
                  00008c0c    00000004     MAX30105_pem4f.oem4f (.const:ti_sysbios_family_arm_m3_Hwi_excHandlerFunc__C)
                  00008c10    00000004     MAX30105_pem4f.oem4f (.const:ti_sysbios_family_arm_m3_Hwi_excHookFuncs__C)
                  00008c14    00000004     MAX30105_pem4f.oem4f (.const:ti_sysbios_family_arm_m3_Hwi_nullIsrFunc__C)
                  00008c18    00000004     MAX30105_pem4f.oem4f (.const:ti_sysbios_family_arm_m3_Hwi_priGroup__C)
                  00008c1c    00000004     MAX30105_pem4f.oem4f (.const:ti_sysbios_family_arm_m3_TaskSupport_stackAlignment__C)
                  00008c20    00000004     MAX30105_pem4f.oem4f (.const:ti_sysbios_family_arm_msp432_Timer_numTimerDevices__C)
                  00008c24    00000004     MAX30105_pem4f.oem4f (.const:ti_sysbios_family_arm_msp432_Timer_startupNeeded__C)
                  00008c28    00000004     MAX30105_pem4f.oem4f (.const:ti_sysbios_gates_GateMutex_Instance_State_sem__O)
                  00008c2c    00000004     MAX30105_pem4f.oem4f (.const:ti_sysbios_hal_Hwi_E_stackOverflow__C)
                  00008c30    00000004     MAX30105_pem4f.oem4f (.const:ti_sysbios_heaps_HeapMem_E_memory__C)
                  00008c34    00000004     MAX30105_pem4f.oem4f (.const:ti_sysbios_heaps_HeapMem_Module__gateObj__C)
                  00008c38    00000004     MAX30105_pem4f.oem4f (.const:ti_sysbios_heaps_HeapMem_Object__count__C)
                  00008c3c    00000004     MAX30105_pem4f.oem4f (.const:ti_sysbios_heaps_HeapMem_reqAlign__C)
                  00008c40    00000004     MAX30105_pem4f.oem4f (.const:ti_sysbios_knl_Clock_Module_State_clockQ__O)
                  00008c44    00000004     MAX30105_pem4f.oem4f (.const:ti_sysbios_knl_Semaphore_Instance_State_pendQ__O)
                  00008c48    00000004     MAX30105_pem4f.oem4f (.const:ti_sysbios_knl_Swi_Object__count__C)
                  00008c4c    00000004     MAX30105_pem4f.oem4f (.const:ti_sysbios_knl_Task_E_spOutOfBounds__C)
                  00008c50    00000004     MAX30105_pem4f.oem4f (.const:ti_sysbios_knl_Task_E_stackOverflow__C)
                  00008c54    00000004     MAX30105_pem4f.oem4f (.const:ti_sysbios_knl_Task_Module_State_inactiveQ__O)
                  00008c58    00000004     MAX30105_pem4f.oem4f (.const:ti_sysbios_knl_Task_Object__count__C)
                  00008c5c    00000004     MAX30105_pem4f.oem4f (.const:ti_sysbios_knl_Task_allBlockedFunc__C)
                  00008c60    00000004     MAX30105_pem4f.oem4f (.const:ti_sysbios_knl_Task_defaultStackHeap__C)
                  00008c64    00000004     MAX30105_pem4f.oem4f (.const:ti_sysbios_knl_Task_defaultStackSize__C)
                  00008c68    00000004     MAX30105_pem4f.oem4f (.const:ti_sysbios_knl_Task_numConstructedTasks__C)
                  00008c6c    00000004     MAX30105_pem4f.oem4f (.const:xdc_runtime_Assert_E_assertFailed__C)
                  00008c70    00000004     MAX30105_pem4f.oem4f (.const:xdc_runtime_Core_A_initializedParams__C)
                  00008c74    00000004     MAX30105_pem4f.oem4f (.const:xdc_runtime_Core_Module__diagsEnabled__C)
                  00008c78    00000004     MAX30105_pem4f.oem4f (.const:xdc_runtime_Core_Module__diagsIncluded__C)
                  00008c7c    00000004     MAX30105_pem4f.oem4f (.const:xdc_runtime_Core_Module__diagsMask__C)
                  00008c80    00000004     MAX30105_pem4f.oem4f (.const:xdc_runtime_Error_E_memory__C)
                  00008c84    00000004     MAX30105_pem4f.oem4f (.const:xdc_runtime_Error_Module__diagsEnabled__C)
                  00008c88    00000004     MAX30105_pem4f.oem4f (.const:xdc_runtime_Error_Module__diagsIncluded__C)
                  00008c8c    00000004     MAX30105_pem4f.oem4f (.const:xdc_runtime_Error_Module__diagsMask__C)
                  00008c90    00000004     MAX30105_pem4f.oem4f (.const:xdc_runtime_Error_Module__loggerFxn8__C)
                  00008c94    00000004     MAX30105_pem4f.oem4f (.const:xdc_runtime_Error_Module__loggerObj__C)
                  00008c98    00000004     MAX30105_pem4f.oem4f (.const:xdc_runtime_Error_policyFxn__C)
                  00008c9c    00000004     MAX30105_pem4f.oem4f (.const:xdc_runtime_Error_raiseHook__C)
                  00008ca0    00000004     MAX30105_pem4f.oem4f (.const:xdc_runtime_IGateProvider_Interface__BASE__C)
                  00008ca4    00000004     MAX30105_pem4f.oem4f (.const:xdc_runtime_IHeap_Interface__BASE__C)
                  00008ca8    00000004     MAX30105_pem4f.oem4f (.const:xdc_runtime_IModule_Interface__BASE__C)
                  00008cac    00000004     MAX30105_pem4f.oem4f (.const:xdc_runtime_Log_L_error__C)
                  00008cb0    00000004     MAX30105_pem4f.oem4f (.const:xdc_runtime_Memory_defaultHeapInstance__C)
                  00008cb4    00000004     MAX30105_pem4f.oem4f (.const:xdc_runtime_Startup_execImpl__C)
                  00008cb8    00000004     MAX30105_pem4f.oem4f (.const:xdc_runtime_Startup_maxPasses__C)
                  00008cbc    00000004     MAX30105_pem4f.oem4f (.const:xdc_runtime_Startup_sfxnRts__C)
                  00008cc0    00000004     MAX30105_pem4f.oem4f (.const:xdc_runtime_Startup_sfxnTab__C)
                  00008cc4    00000004     MAX30105_pem4f.oem4f (.const:xdc_runtime_SysMin_bufSize__C)
                  00008cc8    00000004     MAX30105_pem4f.oem4f (.const:xdc_runtime_SysMin_outputFunc__C)
                  00008ccc    00000004     MAX30105_pem4f.oem4f (.const:xdc_runtime_System_Module__gateObj__C)
                  00008cd0    00000004     MAX30105_pem4f.oem4f (.const:xdc_runtime_System_abortFxn__C)
                  00008cd4    00000004     MAX30105_pem4f.oem4f (.const:xdc_runtime_System_exitFxn__C)
                  00008cd8    00000004     MAX30105_pem4f.oem4f (.const:xdc_runtime_System_extendFxn__C)
                  00008cdc    00000004     MAX30105_pem4f.oem4f (.const:xdc_runtime_System_maxAtexitHandlers__C)
                  00008ce0    00000004     MAX30105_pem4f.oem4f (.const:xdc_runtime_Text_charTab__C)
                  00008ce4    00000004     MAX30105_pem4f.oem4f (.const:xdc_runtime_Text_nameEmpty__C)
                  00008ce8    00000004     MAX30105_pem4f.oem4f (.const:xdc_runtime_Text_nameStatic__C)
                  00008cec    00000004     MAX30105_pem4f.oem4f (.const:xdc_runtime_Text_nameUnknown__C)
                  00008cf0    00000004     MAX30105_pem4f.oem4f (.const:xdc_runtime_Text_nodeTab__C)
                  00008cf4    00000004     MAX30105_pem4f.oem4f (.const:xdc_runtime_Text_visitRopeFxn__C)
                  00008cf8    00000002     MAX30105_pem4f.oem4f (.const:ti_sysbios_family_arm_m3_Hwi_Module__id__C)
                  00008cfa    00000002     MAX30105_pem4f.oem4f (.const:ti_sysbios_hal_Hwi_Module__id__C)
                  00008cfc    00000002     MAX30105_pem4f.oem4f (.const:ti_sysbios_heaps_HeapMem_Module__id__C)
                  00008cfe    00000002     MAX30105_pem4f.oem4f (.const:ti_sysbios_knl_Task_Module__id__C)
                  00008d00    00000002     MAX30105_pem4f.oem4f (.const:xdc_runtime_Core_Module__id__C)
                  00008d02    00000002     MAX30105_pem4f.oem4f (.const:xdc_runtime_Error_Module__loggerDefined__C)
                  00008d04    00000002     MAX30105_pem4f.oem4f (.const:xdc_runtime_Error_maxDepth__C)
                  00008d06    00000002     MAX30105_pem4f.oem4f (.const:xdc_runtime_Memory_Module__id__C)
                  00008d08    00000002     MAX30105_pem4f.oem4f (.const:xdc_runtime_SysMin_flushAtExit__C)
                  00008d0a    00000002     MAX30105_pem4f.oem4f (.const:xdc_runtime_Text_charCnt__C)
                  00008d0c    00000002     MAX30105_pem4f.oem4f (.const:xdc_runtime_Text_isLoaded__C)
                  00008d0e    00000002     MAX30105_pem4f.oem4f (.const:xdc_runtime_Text_registryModsLastId__C)
                  00008d10    00000002     MAX30105_pem4f.oem4f (.const:xdc_runtime_Text_unnamedModsLastId__C)

.cinit     0    00008d18    00000260     
                  00008d18    00000229     (.cinit..data.load) [load image, compression = lzss]
                  00008f41    00000003     --HOLE-- [fill = 0]
                  00008f44    0000000c     (__TI_handler_table)
                  00008f50    00000008     (.cinit..bss.load) [load image, compression = zero_init]
                  00008f58    00000008     (.cinit..vecs.load) [load image, compression = zero_init]
                  00008f60    00000018     (__TI_cinit_table)

.resetVecs 
*          0    00000000    0000003c     
                  00000000    0000003c     MAX30105_pem4f.oem4f (.resetVecs)

.bss       0    20000140    000010e4     UNINITIALIZED
                  20000140    00000800     (.common:ti_sysbios_heaps_HeapMem_Instance_State_0_buf__A)
                  20000940    00000280     (.common:task0Stack)
                  20000bc0    00000200     MAX30105_pem4f.oem4f (.bss:taskStackSection)
                  20000dc0    00000140     (.common:ti_sysbios_family_arm_m3_Hwi_dispatchTable)
                  20000f00    00000120     rtsv7M4_T_le_v4SPD16_eabi.lib : trgmsg.obj (.bss:_CIOBUF_)
                  20001020    00000100     (.common:xdc_runtime_SysMin_Module_State_0_outbuf__A)
                  20001120    00000050     (.common:task0Struct)
                  20001170    00000048     (.common:i2cMSP432Objects)
                  200011b8    00000034     (.common:sense)
                  200011ec    00000030     drivers_MSP432P401R.aem4f : GPIOMSP432.oem4f (.bss:gpioCallbackInfo)
                  2000121c    00000008     rtsv7M4_T_le_v4SPD16_eabi.lib : trgdrv.obj (.bss:parmbuf)

.data      0    20001224    00000501     UNINITIALIZED
                  20001224    0000009c     drivers_MSP432P401R.aem4f : PowerMSP432.oem4f (.data:PowerMSP432_perfLevels)
                  200012c0    00000080     MAX30105_pem4f.oem4f (.data:ti_sysbios_knl_Swi_Module_State_0_readyQ__A)
                  20001340    00000080     MAX30105_pem4f.oem4f (.data:ti_sysbios_knl_Task_Module_State_0_readyQ__A)
                  200013c0    0000004c     MAX30105_pem4f.oem4f (.data:ti_sysbios_family_arm_msp432_Timer_Object__table__V)
                  2000140c    0000004c     MAX30105_pem4f.oem4f (.data:ti_sysbios_knl_Task_Object__table__V)
                  20001458    00000044     MAX30105_pem4f.oem4f (.data:ti_sysbios_knl_Task_Module__state__V)
                  2000149c    00000038     MAX30105_pem4f.oem4f (.data:ti_sysbios_gates_GateMutex_Object__table__V)
                  200014d4    00000034     MAX30105_pem4f.oem4f (.data:ti_sysbios_family_arm_m3_Hwi_Module__state__V)
                  20001508    00000030     msp432p4xx_driverlib.lib : gpio.o (.data:GPIO_PORT_TO_BASE)
                  20001538    00000030     MAX30105_pem4f.oem4f (.data:ti_sysbios_knl_Swi_Object__table__V)
                  20001568    0000002c     MAX30105_pem4f.oem4f (.data:ti_sysbios_knl_Clock_Module__state__V)
                  20001594    00000028     drivers_MSP432P401R.aem4f : PowerMSP432.oem4f (.data:PowerMSP432_module)
                  200015bc    00000024     MAX30105_pem4f.oem4f (.data:ti_sysbios_BIOS_Module__state__V)
                  200015e0    00000020     MAX30105_pem4f.oem4f (.data:ti_sysbios_family_arm_msp432_Timer_Module_State_0_device__A)
                  20001600    0000001c     MAX30105_pem4f.oem4f (.data:ti_sysbios_knl_Swi_Module__state__V)
                  2000161c    00000018     MAX30105_pem4f.oem4f (.data:ti_sysbios_family_arm_m3_Hwi_Object__table__V)
                  20001634    00000018     MAX30105_pem4f.oem4f (.data:ti_sysbios_heaps_HeapMem_Object__table__V)
                  2000164c    00000010     MSP_EXP432P401R.obj (.data:gpioPinConfigs)
                  2000165c    00000010     MAX30105_pem4f.oem4f (.data:ti_sysbios_family_arm_msp432_Timer_Module_State_0_handles__A)
                  2000166c    0000000c     rtsv7M4_T_le_v4SPD16_eabi.lib : exit.obj (.data:$O1$$)
                  20001678    0000000c     MAX30105_pem4f.oem4f (.data:ti_sysbios_family_arm_msp432_ClockFreqs_Module__state__V)
                  20001684    0000000c     MAX30105_pem4f.oem4f (.data:ti_sysbios_family_arm_msp432_Timer_Module__state__V)
                  20001690    0000000c     MAX30105_pem4f.oem4f (.data:xdc_runtime_SysMin_Module__state__V)
                  2000169c    00000008     rtsv7M4_T_le_v4SPD16_eabi.lib : _lock.obj (.data:$O1$$)
                  200016a4    00000008     MSP_EXP432P401R.obj (.data:gpioCallbackFunctions)
                  200016ac    00000008     MAX30105_pem4f.oem4f (.data:ti_sysbios_family_arm_m3_Hwi_Module__root__V)
                  200016b4    00000008     MAX30105_pem4f.oem4f (.data:ti_sysbios_gates_GateHwi_Module__root__V)
                  200016bc    00000008     MAX30105_pem4f.oem4f (.data:ti_sysbios_gates_GateMutex_Module__root__V)
                  200016c4    00000008     MAX30105_pem4f.oem4f (.data:ti_sysbios_heaps_HeapMem_Module__root__V)
                  200016cc    00000008     MAX30105_pem4f.oem4f (.data:ti_sysbios_knl_Queue_Module__root__V)
                  200016d4    00000008     MAX30105_pem4f.oem4f (.data:ti_sysbios_knl_Semaphore_Module__root__V)
                  200016dc    00000008     MAX30105_pem4f.oem4f (.data:ti_sysbios_knl_Task_Module__root__V)
                  200016e4    00000008     MAX30105_pem4f.oem4f (.data:xdc_runtime_Registry_Module__state__V)
                  200016ec    00000008     MAX30105_pem4f.oem4f (.data:xdc_runtime_Startup_Module__state__V)
                  200016f4    00000008     MAX30105_pem4f.oem4f (.data:xdc_runtime_System_Module_State_0_atexitHandlers__A)
                  200016fc    00000008     MAX30105_pem4f.oem4f (.data:xdc_runtime_System_Module__state__V)
                  20001704    00000004     drivers_MSP432P401R.aem4f : I2C.oem4f (.data)
                  20001708    00000004     rtsv7M4_T_le_v4SPD16_eabi.lib : stkdepth_vars.obj (.data)
                  2000170c    00000004     MAX30105_pem4f.oem4f (.data:ti_sysbios_family_arm_m3_Hwi_Module_State_0_excContext__A)
                  20001710    00000004     MAX30105_pem4f.oem4f (.data:ti_sysbios_family_arm_m3_Hwi_Module_State_0_excStack__A)
                  20001714    00000004     MAX30105_pem4f.oem4f (.data:ti_sysbios_gates_GateHwi_Object__table__V)
                  20001718    00000004     MAX30105_pem4f.oem4f (.data:ti_sysbios_knl_Task_Module_State_0_idleTask__A)
                  2000171c    00000004     MAX30105_pem4f.oem4f (.data:xdc_runtime_Memory_Module__state__V)
                  20001720    00000002     MAX30105_pem4f.oem4f (.data:ti_sysbios_family_arm_m3_Hwi_Module_State_0_excActive__A)
                  20001722    00000002     MAX30105_pem4f.oem4f (.data:xdc_runtime_Error_Module__state__V)
                  20001724    00000001     drivers_MSP432P401R.aem4f : GPIOMSP432.oem4f (.data)

.stack     0    2000fd00    00000300     UNINITIALIZED
                  2000fd00    00000300     --HOLE--

.bootVecs 
*          0    00000000    00000008     DSECT
                  00000000    00000008     boot.aem4f : boot.oem4f (.bootVecs)

.vecs      0    20000000    00000140     UNINITIALIZED
                  20000000    00000140     MAX30105_pem4f.oem4f (.vecs)

xdc.meta   0    00000000    000000fc     COPY SECTION
                  00000000    000000fc     MAX30105_pem4f.oem4f (xdc.meta)

.binit     0    00000000    00000000     

MODULE SUMMARY

       Module                     code    ro data   rw data
       ------                     ----    -------   -------
    ./
       MAX30105.obj               3305    0         772    
       MSP_EXP432P401R.obj        34      76        96     
    +--+--------------------------+-------+---------+---------+
       Total:                     3339    76        868    
                                                           
    /Users/dave/Documents/GitHub/FinBit_MSP432/i2c_MAX30105_STABLE/Debug/configPkg/package/cfg/
       MAX30105_pem4f.oem4f       1868    7482      4440   
    +--+--------------------------+-------+---------+---------+
       Total:                     1868    7482      4440   
                                                           
    /Applications/ti/ccsv7/tools/compiler/ti-cgt-arm_16.9.1.LTS/lib/rtsv7M4_T_le_v4SPD16_eabi.lib
       trgdrv.obj                 804     0         8      
       fd_add_t2.obj              438     0         0      
       trgmsg.obj                 104     0         288    
       fd_cmp_t2.obj              268     0         0      
       fd_mul_t2.obj              252     0         0      
       memcpy_t2.obj              156     0         0      
       memset_t2.obj              122     0         0      
       fd_tos_t2.obj              110     0         0      
       copy_decompress_lzss.obj   104     0         0      
       exit.obj                   84      0         12     
       cpy_tbl.obj                76      0         0      
       fd_toi_t2.obj              72      0         0      
       fd_tou_t2.obj              68      0         0      
       u_divt2.obj                64      0         0      
       fs_tod_t2.obj              56      0         0      
       i_tofd_t2.obj              46      0         0      
       _lock.obj                  20      0         8      
       args_main.obj              24      0         0      
       strcpy.obj                 20      0         0      
       strlen.obj                 20      0         0      
       copy_decompress_none.obj   14      0         0      
       copy_zero_init.obj         12      0         0      
       stkdepth_vars.obj          0       0         4      
       i_div0.obj                 2       0         0      
    +--+--------------------------+-------+---------+---------+
       Total:                     2936    0         320    
                                                           
    /Users/dave/Documents/GitHub/FinBit_MSP432/i2c_MAX30105_STABLE/src/sysbios/sysbios.aem4f
       BIOS.obj                   8858    0         0      
       m3_Hwi_asm.obj             306     0         0      
       m3_TaskSupport_asm.obj     180     0         0      
       m3_Hwi_asm_switch.obj      118     0         0      
    +--+--------------------------+-------+---------+---------+
       Total:                     9462    0         0      
                                                           
    /Users/dave/ti/tirtos_msp43x_2_20_00_06/products/bios_6_46_00_23/packages/ti/targets/arm/rtsarm/lib/auto_init.aem4f
       auto_init.oem4f            160     0         0      
    +--+--------------------------+-------+---------+---------+
       Total:                     160     0         0      
                                                           
    /Users/dave/ti/tirtos_msp43x_2_20_00_06/products/bios_6_46_00_23/packages/ti/targets/arm/rtsarm/lib/boot.aem4f
       boot.oem4f                 88      0         0      
    +--+--------------------------+-------+---------+---------+
       Total:                     88      0         0      
                                                           
    /Users/dave/ti/tirtos_msp43x_2_20_00_06/products/bios_6_46_00_23/packages/ti/targets/arm/rtsarm/lib/ti.targets.arm.rtsarm.aem4f
       System.oem4f               1255    0         0      
       Text.oem4f                 672     0         0      
       Error.oem4f                524     0         0      
       Core-mem.oem4f             358     0         0      
       Startup.oem4f              340     0         0      
       SysMin.oem4f               248     0         0      
       Core-smem.oem4f            204     0         0      
       Memory.oem4f               176     0         0      
       Assert.oem4f               84      0         0      
       Core-params.oem4f          70      0         0      
       Core-label.oem4f           52      0         0      
       Registry.oem4f             32      0         0      
       Gate.oem4f                 28      0         0      
    +--+--------------------------+-------+---------+---------+
       Total:                     4043    0         0      
                                                           
    /Users/dave/ti/tirtos_msp43x_2_20_00_06/products/msp432_driverlib_3_21_00_05/driverlib/MSP432P4xx/ccs/msp432p4xx_driverlib.lib
       pcm.o                      1214    0         0      
       gpio.o                     456     0         48     
       i2c.o                      330     0         0      
       cs.o                       260     0         0      
       flash.o                    156     0         0      
       rtc_c.o                    72      0         0      
       wdt_a.o                    44      0         0      
       cpu.o                      28      0         0      
    +--+--------------------------+-------+---------+---------+
       Total:                     2560    0         48     
                                                           
    /Users/dave/ti/tirtos_msp43x_2_20_00_06/products/tidrivers_msp43x_2_20_00_08/packages/ti/drivers/lib/drivers_MSP432P401R.aem4f
       I2CMSP432.oem4f            1378    32        0      
       PowerMSP432.oem4f          1212    0         196    
       GPIOMSP432.oem4f           660     12        49     
       I2C.oem4f                  140     16        4      
       List.oem4f                 72      0         0      
    +--+--------------------------+-------+---------+---------+
       Total:                     3462    60        249    
                                                           
    /Users/dave/ti/tirtos_msp43x_2_20_00_06/products/tidrivers_msp43x_2_20_00_08/packages/ti/drivers/lib/power_tirtos_MSP432P401R.aem4f
       PowerMSP432_tirtos.oem4f   106     0         0      
    +--+--------------------------+-------+---------+---------+
       Total:                     106     0         0      
                                                           
    /Users/dave/ti/tirtos_msp43x_2_20_00_06/products/tidrivers_msp43x_2_20_00_08/packages/ti/drivers/ports/lib/tirtosport.aem4f
       SemaphoreP_tirtos.oem4f    146     0         0      
       HwiP_tirtos.oem4f          138     0         0      
    +--+--------------------------+-------+---------+---------+
       Total:                     284     0         0      
                                                           
       Stack:                     0       0         768    
       Linker Generated:          0       605       0      
    +--+--------------------------+-------+---------+---------+
       Grand Total:               28308   8223      6693   


LINKER GENERATED COPY TABLES

__TI_cinit_table @ 00008f60 records: 3, size/record: 8, table size: 24
	.data: load addr=00008d18, load size=00000229 bytes, run addr=20001224, run size=00000501 bytes, compression=lzss
	.bss: load addr=00008f50, load size=00000008 bytes, run addr=20000140, run size=000010e4 bytes, compression=zero_init
	.vecs: load addr=00008f58, load size=00000008 bytes, run addr=20000000, run size=00000140 bytes, compression=zero_init


LINKER GENERATED HANDLER TABLE

__TI_handler_table @ 00008f44 records: 3, size/record: 4, table size: 12
	index: 0, handler: __TI_decompress_lzss
	index: 1, handler: __TI_decompress_none
	index: 2, handler: __TI_zero_init


GLOBAL SYMBOLS: SORTED ALPHABETICALLY BY Name 

address   name                                                        
-------   ----                                                        
00004b5d  C$$EXIT                                                     
000043d3  C$$IO$$                                                     
00006d7b  CPU_cpsid                                                   
00006d87  CPU_cpsie                                                   
000019fd  CPU_wfi                                                     
000029bd  CS_initClockSignal                                          
0000616d  CS_setDCOCenteredFrequency                                  
00005495  FlashCtl_disableReadBuffering                               
00005921  FlashCtl_enableReadBuffering                                
00005fdd  FlashCtl_setWaitState                                       
00008b44  GPIOMSP432_config                                           
00006879  GPIO_clearInterruptFlag                                     
00005a9d  GPIO_getEnabledInterruptStatus                              
00006ba5  GPIO_getInterruptStatus                                     
00004a61  GPIO_hwiIntFxn                                              
000046c9  GPIO_init                                                   
00006445  GPIO_interruptEdgeSelect                                    
00005dd1  GPIO_setAsInputPin                                          
00005acd  GPIO_setAsInputPinWithPullDownResistor                      
00005afd  GPIO_setAsInputPinWithPullUpResistor                        
00006191  GPIO_setAsOutputPin                                         
00005075  GPIO_setAsPeripheralModuleFunctionInputPin                  
00004ab5  GPIO_setCallback                                            
00001e29  GPIO_setConfig                                              
00006a69  GPIO_setDriveStrengthHigh                                   
00006891  GPIO_setDriveStrengthLow                                    
00006a7d  GPIO_setOutputHighOnPin                                     
000068a9  GPIO_setOutputLowOnPin                                      
00004d05  GPIO_write                                                  
00000e3f  HOSTclock                                                   
00000e07  HOSTclose                                                   
00000dc9  HOSTgetenv                                                  
[...]
00006c39  osi_start                                                   
00006c39  ti_sysbios_BIOS_start__E                                    
00006c49  ti_sysbios_family_arm_m3_TaskSupport_glue                   
00006c59  ti_sysbios_family_arm_msp432_init_Boot_disableWatchdog      
00006c69  ti_sysbios_gates_GateMutex_Instance_finalize__E             
00006c79  ti_sysbios_knl_Semaphore_Instance_finalize__E               
00006c89  ti_sysbios_knl_Swi_disable__E                               
00006c99  ti_sysbios_knl_Task_Object__get__S                          
00006ca9  osi_TaskDisable                                             
00006ca9  ti_sysbios_knl_Task_disable__E                              
00006cb9  xdc_runtime_Gate_leaveSystem__E                             
00006cc9  xdc_runtime_Memory_free__E                                  
00006cd9  xdc_runtime_SysMin_ready__E                                 
00006cd9  xdc_runtime_System_SupportProxy_ready__E                    
00006ce9  xdc_runtime_System_vsnprintf__E                             
00006cf9  xdc_runtime_Text_visitRope__I                               
00006d09  HwiP_Params_init                                            
00006d17  I2C_clearInterruptFlag                                      
00006d25  I2C_disableInterrupt                                        
00006d33  I2C_setMode                                                 
00006d41  __TI_decompress_none                                        
00006d51  ti_sysbios_knl_Idle_loop__E                                 
00006d61  ti_sysbios_knl_Queue_empty__E                               
00006d6f  ti_sysbios_family_arm_msp432_init_Boot_init__I              
00006d6f  xdc_runtime_Startup_reset__I                                
00006d7b  CPU_cpsid                                                   
00006d87  CPU_cpsie                                                   
00006d93  I2C_disableModule                                           
00006d9f  I2C_enableModule                                            
00006dad  PCM_getPowerState                                           
00006db9  Power_getConstraintMask                                     
00006dc5  Power_getPerformanceLevel                                   
00006dd1  _ZN8MAX30105C1Ev                                            
00006dd1  _ZN8MAX30105C2Ev                                            
00006ddd  __TI_zero_init                                              
00006de9  ti_sysbios_family_arm_m3_Hwi_Params__init__S                
00006de9  ti_sysbios_hal_Hwi_HwiProxy_Params__init__S                 
00006df9  ti_sysbios_family_arm_m3_Hwi_disableFxn__E                  
00006df9  ti_sysbios_hal_Hwi_HwiProxy_disable__E                      
00006e09  ti_sysbios_family_arm_m3_TaskSupport_checkStack__E          
00006e09  ti_sysbios_knl_Task_SupportProxy_checkStack__E              
00006e19  ti_sysbios_family_arm_m3_TaskSupport_getStackAlignment__E   
00006e19  ti_sysbios_knl_Task_SupportProxy_getStackAlignment__E       
00006e29  ti_sysbios_family_arm_msp432_Timer_getMaxTicks__E           
00006e39  ti_sysbios_gates_GateHwi_enter__E                           
00006e45  ti_sysbios_knl_Queue_Object__get__S                         
00006e51  ti_sysbios_knl_Semaphore_Params__init__S                    
00006e5d  ti_sysbios_knl_Task_Params__init__S                         
00006e69  xdc_runtime_Error_init__E                                   
00006e75  xdc_runtime_Gate_enterSystem__E                             
00006e81  xdc_runtime_Memory_calloc__E                                
00006e8d  xdc_runtime_Memory_getMaxDefaultTypeAlign__E                
00006e99  xdc_runtime_Startup_rtsDone__E                              
00006ea5  I2CMSP432_init                                              
00006eaf  I2C_close                                                   
00006eb9  I2C_transfer                                                
00006ec3  SemaphoreP_post                                             
00006ec3  SemaphoreP_postFromClock                                    
00006ec3  SemaphoreP_postFromISR                                      
00006ecd  xdc_runtime_Memory_HeapProxy_alloc__E                       
00006ed7  xdc_runtime_Memory_HeapProxy_free__E                        
00006ee1  I2C_enableInterrupt                                         
00006ee9  MSP_EXP432P401R_initGPIO                                    
00006ef1  MSP_EXP432P401R_initGeneral                                 
00006ef9  PCM_setPowerMode                                            
00006f01  PCM_setPowerState                                           
00006f09  SemaphoreP_Params_init                                      
00006f19  ti_sysbios_family_arm_m3_Hwi_doSwiRestore__I                
00006f21  ti_sysbios_family_arm_m3_Hwi_startup__E                     
00006f21  ti_sysbios_hal_Hwi_HwiProxy_startup__E                      
00006f29  ti_sysbios_family_arm_m3_Hwi_doTaskRestore__I               
00006f31  HwiP_restore                                                
00006f31  ti_sysbios_family_arm_m3_Hwi_restoreFxn__E                  
00006f31  ti_sysbios_hal_Hwi_HwiProxy_restore__E                      
00006f39  ti_sysbios_gates_GateHwi_leave__E                           
00006f41  ti_sysbios_heaps_HeapMem_isBlocking__E                      
00006f49  ti_sysbios_knl_Queue_Instance_init__E                       
00006f51  ti_sysbios_knl_Swi_startup__E                               
00006f57  xdc_runtime_System_Module_startup__E                        
00006f61  ti_sysbios_gates_GateHwi_query__E                           
00006f61  xdc_runtime_Main_Module_GateProxy_query__E                  
00006f61  xdc_runtime_System_Module_GateProxy_query__E                
00006f69  ti_sysbios_BIOS_RtsGateProxy_query__E                       
00006f69  ti_sysbios_gates_GateMutex_query__E                         
00006f69  ti_sysbios_heaps_HeapMem_Module_GateProxy_query__E          
00006f71  ti_sysbios_knl_Task_startup__E                              
00006f79  ti_sysbios_BIOS_linkedWithIncorrectBootLibrary__E           
00006f81  ti_sysbios_gates_GateHwi_Instance_init__E                   
00006f89  ti_sysbios_knl_Clock_logTick__E                             
00006f8c  xdc_runtime_Text_charTab__A                                 
000087a7  xdc_runtime_Error_policy__C                                 
000087a8  xdc_runtime_Text_nodeTab__A                                 
000088a0  ti_sysbios_knl_Task_Object__PARAMS__C                       
000088dc  ti_sysbios_family_arm_m3_Hwi_Object__PARAMS__C              
0000890c  ti_sysbios_heaps_HeapMem_Module__FXNS__C                    
00008934  ti_sysbios_gates_GateHwi_Module__FXNS__C                    
00008958  ti_sysbios_gates_GateMutex_Module__FXNS__C                  
0000897c  ti_sysbios_heaps_HeapMem_Object__PARAMS__C                  
000089a0  ti_sysbios_knl_Semaphore_Object__PARAMS__C                  
000089c4  I2CMSP432_fxnTable                                          
000089e4  ti_sysbios_family_arm_m3_Hwi_Object__DESC__C                
00008a04  ti_sysbios_gates_GateHwi_Object__DESC__C                    
00008a24  ti_sysbios_gates_GateMutex_Object__DESC__C                  
00008a44  ti_sysbios_heaps_HeapMem_Object__DESC__C                    
00008a64  ti_sysbios_knl_Queue_Object__DESC__C                        
00008a84  ti_sysbios_knl_Semaphore_Object__DESC__C                    
00008aa4  ti_sysbios_knl_Task_Object__DESC__C                         
00008ac4  xdc_runtime_Startup_sfxnTab__A                              
00008ae4  I2C_config                                                  
00008afc  ti_sysbios_gates_GateHwi_Object__PARAMS__C                  
00008b14  ti_sysbios_gates_GateMutex_Object__PARAMS__C                
00008b2c  ti_sysbios_knl_Queue_Object__PARAMS__C                      
00008b44  GPIOMSP432_config                                           
00008b58  PowerMSP432_config                                          
00008b68  I2C_defaultParams                                           
00008b78  i2cMSP432HWAttrs                                            
00008b88  xdc_runtime_Startup_sfxnRts__A                              
00008ba4  xdc_runtime_Startup_firstFxns__A                            
00008bb0  ti_sysbios_family_arm_m3_Hwi_excHookFuncs__A                
00008bb8  ti_sysbios_knl_Idle_funcList__A                             
00008bc0  ti_sysbios_knl_Idle_funcList__C                             
00008bc8  xdc_runtime_Startup_firstFxns__C                            
00008bd0  xdc_runtime_Startup_lastFxns__C                             
00008bd8  ti_sysbios_family_arm_m3_Hwi_E_NMI__C                       
00008bdc  ti_sysbios_family_arm_m3_Hwi_E_alreadyDefined__C            
00008be0  ti_sysbios_family_arm_m3_Hwi_E_busFault__C                  
00008be4  ti_sysbios_family_arm_m3_Hwi_E_debugMon__C                  
00008be8  ti_sysbios_family_arm_m3_Hwi_E_hardFault__C                 
00008bec  ti_sysbios_family_arm_m3_Hwi_E_memFault__C                  
00008bf0  ti_sysbios_family_arm_m3_Hwi_E_noIsr__C                     
00008bf4  ti_sysbios_family_arm_m3_Hwi_E_reserved__C                  
00008bf8  ti_sysbios_family_arm_m3_Hwi_E_svCall__C                    
00008bfc  ti_sysbios_family_arm_m3_Hwi_E_usageFault__C                
00008c00  ti_sysbios_family_arm_m3_Hwi_NUM_INTERRUPTS__C              
00008c04  ti_sysbios_family_arm_m3_Hwi_Object__count__C               
00008c08  ti_sysbios_family_arm_m3_Hwi_ccr__C                         
00008c0c  ti_sysbios_family_arm_m3_Hwi_excHandlerFunc__C              
00008c10  ti_sysbios_family_arm_m3_Hwi_excHookFuncs__C                
00008c14  ti_sysbios_family_arm_m3_Hwi_nullIsrFunc__C                 
00008c18  ti_sysbios_family_arm_m3_Hwi_priGroup__C                    
00008c1c  ti_sysbios_family_arm_m3_TaskSupport_stackAlignment__C      
00008c20  ti_sysbios_family_arm_msp432_Timer_numTimerDevices__C       
00008c24  ti_sysbios_family_arm_msp432_Timer_startupNeeded__C         
00008c28  ti_sysbios_gates_GateMutex_Instance_State_sem__O            
00008c2c  ti_sysbios_hal_Hwi_E_stackOverflow__C                       
00008c30  ti_sysbios_heaps_HeapMem_E_memory__C                        
00008c34  ti_sysbios_heaps_HeapMem_Module__gateObj__C                 
00008c38  ti_sysbios_heaps_HeapMem_Object__count__C                   
00008c3c  ti_sysbios_heaps_HeapMem_reqAlign__C                        
00008c40  ti_sysbios_knl_Clock_Module_State_clockQ__O                 
00008c44  ti_sysbios_knl_Semaphore_Instance_State_pendQ__O            
00008c48  ti_sysbios_knl_Swi_Object__count__C                         
00008c4c  ti_sysbios_knl_Task_E_spOutOfBounds__C                      
00008c50  ti_sysbios_knl_Task_E_stackOverflow__C                      
00008c54  ti_sysbios_knl_Task_Module_State_inactiveQ__O               
00008c58  ti_sysbios_knl_Task_Object__count__C                        
00008c5c  ti_sysbios_knl_Task_allBlockedFunc__C                       
00008c60  ti_sysbios_knl_Task_defaultStackHeap__C                     
00008c64  ti_sysbios_knl_Task_defaultStackSize__C                     
00008c68  ti_sysbios_knl_Task_numConstructedTasks__C                  
00008c6c  xdc_runtime_Assert_E_assertFailed__C                        
00008c70  xdc_runtime_Core_A_initializedParams__C                     
00008c74  xdc_runtime_Core_Module__diagsEnabled__C                    
00008c78  xdc_runtime_Core_Module__diagsIncluded__C                   
00008c7c  xdc_runtime_Core_Module__diagsMask__C                       
00008c80  xdc_runtime_Error_E_memory__C                               
00008c84  xdc_runtime_Error_Module__diagsEnabled__C                   
00008c88  xdc_runtime_Error_Module__diagsIncluded__C                  
00008c8c  xdc_runtime_Error_Module__diagsMask__C                      
00008c90  xdc_runtime_Error_Module__loggerFxn8__C                     
00008c94  xdc_runtime_Error_Module__loggerObj__C                      
00008c98  xdc_runtime_Error_policyFxn__C                              
00008c9c  xdc_runtime_Error_raiseHook__C                              
00008ca0  xdc_runtime_IGateProvider_Interface__BASE__C                
00008ca4  xdc_runtime_IHeap_Interface__BASE__C                        
00008ca8  xdc_runtime_IModule_Interface__BASE__C                      
00008cac  xdc_runtime_Log_L_error__C                                  
00008cb0  xdc_runtime_Memory_defaultHeapInstance__C                   
00008cb4  xdc_runtime_Startup_execImpl__C                             
00008cb8  xdc_runtime_Startup_maxPasses__C                            
00008cbc  xdc_runtime_Startup_sfxnRts__C                              
00008cc0  xdc_runtime_Startup_sfxnTab__C                              
00008cc4  xdc_runtime_SysMin_bufSize__C                               
00008cc8  xdc_runtime_SysMin_outputFunc__C                            
00008ccc  xdc_runtime_System_Module__gateObj__C                       
00008cd0  xdc_runtime_System_abortFxn__C                              
00008cd4  xdc_runtime_System_exitFxn__C                               
00008cd8  xdc_runtime_System_extendFxn__C                             
00008cdc  xdc_runtime_System_maxAtexitHandlers__C                     
00008ce0  xdc_runtime_Text_charTab__C                                 
00008ce4  xdc_runtime_Text_nameEmpty__C                               
00008ce8  xdc_runtime_Text_nameStatic__C                              
00008cec  xdc_runtime_Text_nameUnknown__C                             
00008cf0  xdc_runtime_Text_nodeTab__C                                 
00008cf4  xdc_runtime_Text_visitRopeFxn__C                            
00008cf8  ti_sysbios_family_arm_m3_Hwi_Module__id__C                  
00008cfa  ti_sysbios_hal_Hwi_Module__id__C                            
00008cfc  ti_sysbios_heaps_HeapMem_Module__id__C                      
00008cfe  ti_sysbios_knl_Task_Module__id__C                           
00008d00  xdc_runtime_Core_Module__id__C                              
00008d02  xdc_runtime_Error_Module__loggerDefined__C                  
00008d04  xdc_runtime_Error_maxDepth__C                               
00008d06  xdc_runtime_Memory_Module__id__C                            
00008d08  xdc_runtime_SysMin_flushAtExit__C                           
00008d0a  xdc_runtime_Text_charCnt__C                                 
00008d0c  xdc_runtime_Text_isLoaded__C                                
00008d0e  xdc_runtime_Text_registryModsLastId__C                      
00008d10  xdc_runtime_Text_unnamedModsLastId__C                       
00008d18  __TI_static_base__                                          
00008f44  __TI_Handler_Table_Base                                     
00008f50  __TI_Handler_Table_Limit                                    
00008f60  __TI_CINIT_Base                                             
00008f78  __TI_CINIT_Limit                                            
20000000  ti_sysbios_family_arm_m3_Hwi_ramVectors                     
20000140  ti_sysbios_heaps_HeapMem_Instance_State_0_buf__A            
20000940  task0Stack                                                  
20000bc0  ti_sysbios_knl_Task_Instance_State_0_stack__A               
20000dc0  ti_sysbios_family_arm_m3_Hwi_dispatchTable                  
20000f00  __CIOBUF_                                                   
20001020  xdc_runtime_SysMin_Module_State_0_outbuf__A                 
20001120  task0Struct                                                 
20001170  i2cMSP432Objects                                            
200011b8  sense                                                       
20001224  PowerMSP432_perfLevels                                      
200012c0  ti_sysbios_knl_Swi_Module_State_0_readyQ__A                 
20001340  ti_sysbios_knl_Task_Module_State_0_readyQ__A                
200013c0  ti_sysbios_family_arm_msp432_Timer_Object__table__V         
2000140c  ti_sysbios_knl_Task_Object__table__V                        
20001458  ti_sysbios_knl_Task_Module__state__V                        
2000149c  ti_sysbios_gates_GateMutex_Object__table__V                 
200014d4  ti_sysbios_family_arm_m3_Hwi_Module__state__V               
20001538  ti_sysbios_knl_Swi_Object__table__V                         
20001568  ti_sysbios_knl_Clock_Module__state__V                       
20001594  PowerMSP432_module                                          
200015bc  ti_sysbios_BIOS_Module__state__V                            
200015e0  ti_sysbios_family_arm_msp432_Timer_Module_State_0_device__A 
20001600  ti_sysbios_knl_Swi_Module__state__V                         
2000161c  ti_sysbios_family_arm_m3_Hwi_Object__table__V               
20001634  ti_sysbios_heaps_HeapMem_Object__table__V                   
2000164c  gpioPinConfigs                                              
2000165c  ti_sysbios_family_arm_msp432_Timer_Module_State_0_handles__A
2000166c  __TI_cleanup_ptr                                            
20001670  __TI_dtors_ptr                                              
20001674  __TI_enable_exit_profile_output                             
20001678  ti_sysbios_family_arm_msp432_ClockFreqs_Module__state__V    
20001684  ti_sysbios_family_arm_msp432_Timer_Module__state__V         
20001690  xdc_runtime_SysMin_Module__state__V                         
2000169c  _lock                                                       
200016a0  _unlock                                                     
200016a4  gpioCallbackFunctions                                       
200016ac  ti_sysbios_family_arm_m3_Hwi_Module__root__V                
200016b4  ti_sysbios_gates_GateHwi_Module__root__V                    
200016bc  ti_sysbios_gates_GateMutex_Module__root__V                  
200016c4  ti_sysbios_heaps_HeapMem_Module__root__V                    
200016cc  ti_sysbios_knl_Queue_Module__root__V                        
200016d4  ti_sysbios_knl_Semaphore_Module__root__V                    
200016dc  ti_sysbios_knl_Task_Module__root__V                         
200016e4  xdc_runtime_Registry_Module__state__V                       
200016ec  xdc_runtime_Startup_Module__state__V                        
200016f4  xdc_runtime_System_Module_State_0_atexitHandlers__A         
200016fc  xdc_runtime_System_Module__state__V                         
20001708  main_func_sp                                                
2000170c  ti_sysbios_family_arm_m3_Hwi_Module_State_0_excContext__A   
20001710  ti_sysbios_family_arm_m3_Hwi_Module_State_0_excStack__A     
20001714  ti_sysbios_gates_GateHwi_Object__table__V                   
20001718  ti_sysbios_knl_Task_Module_State_0_idleTask__A              
2000171c  xdc_runtime_Memory_Module__state__V                         
20001720  ti_sysbios_family_arm_m3_Hwi_Module_State_0_excActive__A    
20001722  xdc_runtime_Error_Module__state__V                          
2000fd00  __stack                                                     
20010000  __STACK_END                                                 
4000480c  WDTCTL_SYM                                                  
e000e000  ti_sysbios_family_arm_m3_Hwi_nvic                           
ffffffff  __TI_pprof_out_hndl                                         
ffffffff  __TI_prof_data_size                                         
ffffffff  __TI_prof_data_start                                        
ffffffff  __binit__                                                   
ffffffff  __c_args__                                                  
ffffffff  binit                                                       
UNDEFED   SHT$$INIT_ARRAY$$Base                                       
UNDEFED   SHT$$INIT_ARRAY$$Limit                                      

[654 symbols]
