******************************************************************************
                  TI ARM Linker Unix v16.9.1                   
******************************************************************************
>> Linked Mon Jul 10 13:34:33 2017

OUTPUT FILE NAME:   <FinBit_tagOS.out>
ENTRY POINT SYMBOL: "_c_int00"  address: 00005631


MEMORY CONFIGURATION

         name            origin    length      used     unused   attr    fill
----------------------  --------  ---------  --------  --------  ----  --------
  MAIN                  00000000   00040000  0000a040  00035fc0  R  X
  INFO                  00200000   00004000  00000000  00004000  R  X
  SRAM_CODE             01000000   00010000  00000000  00010000  RW X
  SRAM_DATA             20000000   00010000  00002641  0000d9bf  RW  


SEGMENT ALLOCATION MAP

run origin  load origin   length   init length attrs members
----------  ----------- ---------- ----------- ----- -------
00000000    00000000    0000a048   0000a048    r-x
  00000000    00000000    0000003c   0000003c    r-- .resetVecs
  0000003c    0000003c    00000004   00000004    r-- .init_array
  00000040    00000040    00007faa   00007faa    r-x .text
  00007fec    00007fec    00001de6   00001de6    r-- .const
  00009dd8    00009dd8    00000270   00000270    r-- .cinit
20000000    20000000    00002341   00000000    rw-
  20000000    20000000    00000140   00000000    rw- .vecs
  20000140    20000140    00001ce8   00000000    rw- .bss
  20001e28    20001e28    00000519   00000000    rw- .data
2000fd00    2000fd00    00000300   00000000    rw-
  2000fd00    2000fd00    00000300   00000000    rw- .stack


SECTION ALLOCATION MAP

 output                                  attributes/
section   page    origin      length       input sections
--------  ----  ----------  ----------   ----------------
.text      0    00000040    00007faa     
                  00000040    0000068c     main.obj (.text:_Z7taskFxnjj)
                  000006cc    00000004     msp432p4xx_driverlib.lib : cpu.o (.text:CPU_wfi)
                  000006d0    00000430     sysbios.aem4f : BIOS.obj (.text:ti_sysbios_family_arm_m3_Hwi_excDumpRegs__I)
                  00000b00    0000034c     ti.targets.arm.rtsarm.aem4f : System.oem4f (.text:xdc_runtime_System_doPrint__I)
                  00000e4c    00000324     rtsv7M4_T_le_v4SPD16_eabi.lib : trgdrv.obj (.text)
                  00001170    000002a0     MAX30105.obj (.text:_ZN8MAX3010512readFIFODATAEP10I2C_Confighh)
                  00001410    0000029c     MAX30105.obj (.text:_ZN8MAX301055setupEP10I2C_Confighhhttt)
                  000016ac    00000264     drivers_MSP432P401R.aem4f : PowerMSP432.oem4f (.text:Power_sleep)
                  00001910    000001cc     main.obj (.text:main)
                  00001adc    000001b6     rtsv7M4_T_le_v4SPD16_eabi.lib : fd_add_t2.obj (.text)
                  00001c92    00000002     power_tirtos_MSP432P401R.aem4f : PowerMSP432_tirtos.oem4f (.text:PowerMSP432_initPolicy)
                  00001c94    000001a4     FinBit_tagOS_pem4f.oem4f (.text:xdc_runtime_System_printfExtend__I)
                  00001e38    000001a0     msp432p4xx_driverlib.lib : pcm.o (.text:__PCM_setPowerStateAdvanced)
                  00001fd8    00000178     drivers_MSP432P401R.aem4f : I2CMSP432.oem4f (.text:I2CMSP432_open)
                  00002150    00000174     sysbios.aem4f : BIOS.obj (.text:ti_sysbios_family_arm_m3_Hwi_excBusFault__I)
                  000022c4    00000004     tirtosport.aem4f : HwiP_tirtos.oem4f (.text:HwiP_disable)
                  000022c8    00000164     sysbios.aem4f : BIOS.obj (.text:ti_sysbios_family_arm_m3_Hwi_excUsageFault__I)
                  0000242c    00000004     msp432p4xx_driverlib.lib : i2c.o (.text:I2C_setSlaveAddress)
                  00002430    00000148     sysbios.aem4f : BIOS.obj (.text:ti_sysbios_family_arm_m3_Hwi_excMemFault__I)
                  00002578    00000140     drivers_MSP432P401R.aem4f : GPIOMSP432.oem4f (.text:GPIO_setConfig)
                  000026b8    00000138     sysbios.aem4f : BIOS.obj (.text:ti_sysbios_knl_Semaphore_pend__E)
                  000027f0    0000012e     system_clock.obj (.text:_ZN5Clock6setDayEv)
                  0000291e    00000002     rtsv7M4_T_le_v4SPD16_eabi.lib : i_div0.obj (.text)
                  00002920    00000120     MAX30105.obj (.text:_ZN8MAX301055checkEP10I2C_Config)
                  00002a40    00000118     drivers_MSP432P401R.aem4f : I2CMSP432.oem4f (.text:I2CMSP432_hwiIntFxn)
                  00002b58    00000118     ti.targets.arm.rtsarm.aem4f : Error.oem4f (.text:xdc_runtime_Error_policyDefault__E)
                  00002c70    0000010c     sysbios.aem4f : BIOS.obj (.text:ti_sysbios_family_arm_m3_Hwi_excFillContext__I)
                  00002d7c    00000004     drivers_MSP432P401R.aem4f : List.oem4f (.text:List_head)
                  00002d80    0000010c     sysbios.aem4f : BIOS.obj (.text:ti_sysbios_family_arm_m3_Hwi_excHandlerMax__I)
                  00002e8c    00000100     ti.targets.arm.rtsarm.aem4f : Core-mem.oem4f (.text:xdc_runtime_Core_createObject__I)
                  00002f8c    000000fc     rtsv7M4_T_le_v4SPD16_eabi.lib : fd_mul_t2.obj (.text)
                  00003088    000000f8     i2c_helper.obj (.text:_Z14readRegisterU8P10I2C_ConfighhPhj)
                  00003180    000000f8     ti.targets.arm.rtsarm.aem4f : Startup.oem4f (.text:xdc_runtime_Startup_startMods__I)
                  00003278    000000f4     rtsv7M4_T_le_v4SPD16_eabi.lib : dtor_list.obj (.text)
                  0000336c    000000f0     drivers_MSP432P401R.aem4f : PowerMSP432.oem4f (.text:initPerfControl)
                  0000345c    000000ec     sysbios.aem4f : m3_Hwi_asm.obj (.text:ti_sysbios_family_arm_m3_Hwi_dispatch__I)
                  00003548    000000e0     msp432p4xx_driverlib.lib : cs.o (.text:CS_initClockSignal)
                  00003628    000000dc                              : pcm.o (.text:__PCM_setPowerModeAdvanced)
                  00003704    00000004     drivers_MSP432P401R.aem4f : List.oem4f (.text:List_next)
                  00003708    000000cc     sysbios.aem4f : BIOS.obj (.text:ti_sysbios_heaps_HeapMem_alloc__E)
                  000037d4    00000004     drivers_MSP432P401R.aem4f : PowerMSP432.oem4f (.text:PowerMSP432_getNumPerfLevels)
                  000037d8    000000cc     sysbios.aem4f : BIOS.obj (.text:ti_sysbios_knl_Task_Instance_init__E)
                  000038a4    000000cc     ti.targets.arm.rtsarm.aem4f : Core-smem.oem4f (.text:xdc_runtime_Core_constructObject__I)
                  00003970    000000c8     sysbios.aem4f : BIOS.obj (.text:ti_sysbios_knl_Task_sleep__E)
                  00003a38    000000bc                   : BIOS.obj (.text:ti_sysbios_family_arm_m3_Hwi_excDebugMon__I)
                  00003af4    00000004     FinBit_tagOS_pem4f.oem4f (.text:ti_sysbios_BIOS_RtsGateProxy_enter__E)
                  00003af8    000000bc     sysbios.aem4f : BIOS.obj (.text:ti_sysbios_family_arm_m3_Hwi_excHardFault__I)
                  00003bb4    00000004     FinBit_tagOS_pem4f.oem4f (.text:ti_sysbios_BIOS_RtsGateProxy_leave__E)
                  00003bb8    000000bc     sysbios.aem4f : BIOS.obj (.text:ti_sysbios_knl_Task_Instance_finalize__E)
                  00003c74    00000004     FinBit_tagOS_pem4f.oem4f (.text:ti_sysbios_family_arm_m3_Hwi_destruct)
                  00003c78    000000b4     sysbios.aem4f : BIOS.obj (.text:ti_sysbios_knl_Task_checkStacks__E)
                  00003d2c    000000b0     msp432p4xx_driverlib.lib : pcm.o (.text:__PCM_setCoreVoltageLevelAdvanced)
                  00003ddc    000000ac     system_clock.obj (.text:_ZN5Clock4tickEv)
                  00003e88    000000a8     sysbios.aem4f : BIOS.obj (.text:ti_sysbios_family_arm_msp432_Timer_periodicStub__E)
                  00003f30    000000a0     auto_init.aem4f : auto_init.oem4f (.text)
                  00003fd0    000000a0     ti.targets.arm.rtsarm.aem4f : Text.oem4f (.text:xdc_runtime_Text_putMod__E)
                  00004070    0000009e     system_clock.obj (.text:_Z14clockTerminatej)
                  0000410e    0000009c     rtsv7M4_T_le_v4SPD16_eabi.lib : memcpy_t2.obj (.text)
                  000041aa    00000006     drivers_MSP432P401R.aem4f : I2CMSP432.oem4f (.text:I2CMSP432_control)
                  000041b0    0000009c     sysbios.aem4f : BIOS.obj (.text:ti_sysbios_knl_Task_postInit__I)
                  0000424c    0000009a     ti.targets.arm.rtsarm.aem4f : Text.oem4f (.text:xdc_runtime_Text_putSite__E)
                  000042e6    00000002     FinBit_tagOS_pem4f.oem4f (.text:ti_sysbios_BIOS_nullFunc__I)
                  000042e8    00000094     sysbios.aem4f : BIOS.obj (.text:ti_sysbios_family_arm_m3_Hwi_Instance_init__E)
                  0000437c    00000004     FinBit_tagOS_pem4f.oem4f (.text:ti_sysbios_family_arm_m3_TaskSupport_Module__startupDone__S)
                  00004380    00000094     sysbios.aem4f : BIOS.obj (.text:ti_sysbios_family_arm_m3_Hwi_initNVIC__E)
                  00004414    00000092     drivers_MSP432P401R.aem4f : I2CMSP432.oem4f (.text:I2CMSP432_cancel)
                  000044a6    0000008c                               : I2CMSP432.oem4f (.text:I2CMSP432_transfer)
                  00004532    00000002     --HOLE-- [fill = 0]
                  00004534    0000008c     sysbios.aem4f : m3_TaskSupport_asm.obj (.text:ti_sysbios_family_arm_m3_TaskSupport_buildTaskStack)
                  000045c0    00000086     MAX30105.obj (.text:_ZN8MAX3010510enableSlotEP10I2C_Confighh)
                  00004646    00000086     rtsv7M4_T_le_v4SPD16_eabi.lib : fd_cmp_t2.obj (.text:__aeabi_cdcmple)
                  000046cc    00000086                                   : fd_cmp_t2.obj (.text:__aeabi_cdrcmple)
                  00004752    00000002     --HOLE-- [fill = 0]
                  00004754    00000084     system_clock.obj (.text:_Z9clockTaskj)
                  000047d8    00000084     sysbios.aem4f : BIOS.obj (.text:ti_sysbios_family_arm_m3_Hwi_postInit__I)
                  0000485c    00000083     MAX30105.obj (.text:_ZN8MAX3010514writeRegister8EP10I2C_Confighh)
                  000048df    00000001     --HOLE-- [fill = 0]
                  000048e0    00000080     MAX30105.obj (.text:_ZN8MAX3010515readTemperatureEP10I2C_Config)
                  00004960    0000007c     msp432p4xx_driverlib.lib : pcm.o (.text:PCM_gotoLPM3)
                  000049dc    0000007c     main.obj (.text:__sti___8_main_cpp_cl0)
                  00004a58    0000007c     sysbios.aem4f : BIOS.obj (.text:ti_sysbios_heaps_HeapMem_free__E)
                  00004ad4    0000007a     rtsv7M4_T_le_v4SPD16_eabi.lib : memset_t2.obj (.text)
                  00004b4e    00000002     --HOLE-- [fill = 0]
                  00004b50    00000079     MAX30105.obj (.text:_ZN8MAX301055beginEP10I2C_Config)
                  00004bc9    00000001     --HOLE-- [fill = 0]
                  00004bca    00000006     msp432p4xx_driverlib.lib : i2c.o (.text:I2C_getEnabledInterruptStatus)
                  00004bd0    00000070     sysbios.aem4f : BIOS.obj (.text:ti_sysbios_knl_Semaphore_post__E)
                  00004c40    00000070                   : BIOS.obj (.text:ti_sysbios_knl_Task_exit__E)
                  00004cb0    0000006e     rtsv7M4_T_le_v4SPD16_eabi.lib : fd_tos_t2.obj (.text)
                  00004d1e    00000002     --HOLE-- [fill = 0]
                  00004d20    0000006d     ti.targets.arm.rtsarm.aem4f : System.oem4f (.text:xdc_runtime_System_formatNum__I)
                  00004d8d    00000003     --HOLE-- [fill = 0]
                  00004d90    0000006c     sysbios.aem4f : BIOS.obj (.text:ti_sysbios_knl_Clock_workFunc__E)
                  00004dfc    00000004     FinBit_tagOS_pem4f.oem4f (.text:ti_sysbios_heaps_HeapMem_Module_GateProxy_enter__E)
                  00004e00    0000006c     sysbios.aem4f : BIOS.obj (.text:ti_sysbios_knl_Swi_restoreHwi__E)
                  00004e6c    0000006c     ti.targets.arm.rtsarm.aem4f : Error.oem4f (.text:xdc_runtime_Error_print__E)
                  00004ed8    0000006c                                 : Memory.oem4f (.text:xdc_runtime_Memory_alloc__E)
                  00004f44    00000068     system_clock.obj (.text:_ZN5ClockC1Ei)
                  00004fac    00000068     rtsv7M4_T_le_v4SPD16_eabi.lib : copy_decompress_lzss.obj (.text:decompress:lzss)
                  00005014    00000068     drivers_MSP432P401R.aem4f : I2CMSP432.oem4f (.text:primeTransfer)
                  0000507c    00000068     rtsv7M4_T_le_v4SPD16_eabi.lib : trgmsg.obj (.text)
                  000050e4    00000066     drivers_MSP432P401R.aem4f : I2CMSP432.oem4f (.text:I2CMSP432_close)
                  0000514a    00000066     ti.targets.arm.rtsarm.aem4f : Core-mem.oem4f (.text:xdc_runtime_Core_deleteObject__I)
                  000051b0    00000064     MAX30105.obj (.text:_ZN8MAX3010516readTemperatureFEP10I2C_Config)
                  00005214    00000004     FinBit_tagOS_pem4f.oem4f (.text:ti_sysbios_heaps_HeapMem_Module_GateProxy_leave__E)
                  00005218    00000064     sysbios.aem4f : BIOS.obj (.text:ti_sysbios_family_arm_m3_Hwi_dispatchC__I)
                  0000527c    00000062     tirtosport.aem4f : HwiP_tirtos.oem4f (.text:HwiP_create)
                  000052de    00000002     --HOLE-- [fill = 0]
                  000052e0    00000060     sysbios.aem4f : BIOS.obj (.text:ti_sysbios_knl_Task_schedule__I)
                  00005340    0000005e     MAX30105.obj (.text:_ZN8MAX3010513readRegister8EP10I2C_Configh)
                  0000539e    00000002     --HOLE-- [fill = 0]
                  000053a0    0000005c     drivers_MSP432P401R.aem4f : GPIOMSP432.oem4f (.text:GPIO_init)
                  000053fc    00000004     FinBit_tagOS_pem4f.oem4f (.text:ti_sysbios_knl_Clock_TimerProxy_getMaxTicks__E)
                  00005400    0000005c     sysbios.aem4f : BIOS.obj (.text:ti_sysbios_knl_Swi_run__I)
                  0000545c    00000004     FinBit_tagOS_pem4f.oem4f (.text:ti_sysbios_knl_Queue_destruct)
                  00005460    0000005c     sysbios.aem4f : BIOS.obj (.text:ti_sysbios_knl_Swi_schedule__I)
                  000054bc    00000004     FinBit_tagOS_pem4f.oem4f (.text:ti_sysbios_knl_Semaphore_destruct)
                  000054c0    0000005c     sysbios.aem4f : BIOS.obj (.text:ti_sysbios_knl_Task_Module_startup__E)
                  0000551c    00000004     ti.targets.arm.rtsarm.aem4f : Error.oem4f (.text:xdc_runtime_Error_getSite__E)
                  00005520    0000005c     sysbios.aem4f : BIOS.obj (.text:ti_sysbios_knl_Task_startCore__E)
                  0000557c    0000005b     ti.targets.arm.rtsarm.aem4f : Text.oem4f (.text:xdc_runtime_Text_putLab__E)
                  000055d7    00000001     --HOLE-- [fill = 0]
                  000055d8    00000058     tirtosport.aem4f : SemaphoreP_tirtos.oem4f (.text:SemaphoreP_create)
                  00005630    00000058     boot.aem4f : boot.oem4f (.text)
                  00005688    00000058     FinBit_tagOS_pem4f.oem4f (.text:ti_sysbios_family_arm_m3_Hwi_construct)
                  000056e0    00000058     sysbios.aem4f : m3_Hwi_asm_switch.obj (.text:ti_sysbios_family_arm_m3_Hwi_initStacks__E)
                  00005738    00000054     drivers_MSP432P401R.aem4f : GPIOMSP432.oem4f (.text:GPIO_hwiIntFxn)
                  0000578c    00000054                               : GPIOMSP432.oem4f (.text:GPIO_setCallback)
                  000057e0    00000054                               : I2CMSP432.oem4f (.text:initHw)
                  00005834    00000054     rtsv7M4_T_le_v4SPD16_eabi.lib : exit.obj (.text)
                  00005888    00000054     sysbios.aem4f : BIOS.obj (.text:ti_sysbios_family_arm_msp432_Timer_initDevice__I)
                  000058dc    00000004     FinBit_tagOS_pem4f.oem4f (.text:xdc_runtime_System_Module_GateProxy_enter__E)
                  000058e0    00000054     sysbios.aem4f : BIOS.obj (.text:ti_sysbios_family_arm_msp432_init_Boot_configureClocksHigh)
                  00005934    00000054     FinBit_tagOS_pem4f.oem4f (.text:ti_sysbios_knl_Task_construct)
                  00005988    00000054     ti.targets.arm.rtsarm.aem4f : Assert.oem4f (.text:xdc_runtime_Assert_raise__I)
                  000059dc    00000050     drivers_MSP432P401R.aem4f : GPIOMSP432.oem4f (.text:GPIO_write)
                  00005a2c    00000050     msp432p4xx_driverlib.lib : pcm.o (.text:PCM_shutdownDevice)
                  00005a7c    00000004     FinBit_tagOS_pem4f.oem4f (.text:xdc_runtime_System_Module_GateProxy_leave__E)
                  00005a80    00000050     sysbios.aem4f : BIOS.obj (.text:ti_sysbios_family_arm_m3_Hwi_Module_startup__E)
                  00005ad0    00000050     ti.targets.arm.rtsarm.aem4f : Startup.oem4f (.text:xdc_runtime_Startup_exec__E)
                  00005b20    00000050                                 : Text.oem4f (.text:xdc_runtime_Text_visitRope2__I)
                  00005b70    0000004c     rtsv7M4_T_le_v4SPD16_eabi.lib : cpy_tbl.obj (.text)
                  00005bbc    00000004     ti.targets.arm.rtsarm.aem4f : System.oem4f (.text:xdc_runtime_System_aprintf_va__F)
                  00005bc0    0000004c     sysbios.aem4f : BIOS.obj (.text:ti_sysbios_family_arm_msp432_Timer_postInit__I)
                  00005c0c    00000004     ti.targets.arm.rtsarm.aem4f : System.oem4f (.text:xdc_runtime_System_printf_va__F)
                  00005c10    0000004c     sysbios.aem4f : BIOS.obj (.text:ti_sysbios_family_arm_msp432_Timer_start__E)
                  00005c5c    00000004     --HOLE-- [fill = 0]
                  00005c60    0000004c                   : BIOS.obj (.text:ti_sysbios_heaps_HeapMem_getStats__E)
                  00005cac    00000004     --HOLE-- [fill = 0]
                  00005cb0    0000004c                   : BIOS.obj (.text:ti_sysbios_knl_Swi_runLoop__I)
                  00005cfc    00000004     --HOLE-- [fill = 0]
                  00005d00    0000004c                   : BIOS.obj (.text:ti_sysbios_knl_Task_allBlockedFunction__I)
                  00005d4c    0000004a     system_clock.obj (.text:_ZN5Clock14setMillisecondEi)
                  00005d96    00000002     --HOLE-- [fill = 0]
                  00005d98    00000048     msp432p4xx_driverlib.lib : gpio.o (.text:GPIO_setAsPeripheralModuleFunctionInputPin)
                  00005de0    00000048     rtsv7M4_T_le_v4SPD16_eabi.lib : fd_toi_t2.obj (.text)
                  00005e28    00000048     sysbios.aem4f : BIOS.obj (.text:ti_sysbios_family_arm_m3_Hwi_disableInterrupt__E)
                  00005e70    00000048                   : BIOS.obj (.text:ti_sysbios_family_arm_m3_Hwi_enableInterrupt__E)
                  00005eb8    00000048                   : BIOS.obj (.text:ti_sysbios_family_arm_m3_Hwi_excReserved__I)
                  00005f00    00000046     MAX30105.obj (.text:_ZN8MAX301057bitMaskEP10I2C_Confighhh)
                  00005f46    00000046     ti.targets.arm.rtsarm.aem4f : Core-params.oem4f (.text:xdc_runtime_Core_assignParams__I)
                  00005f8c    00000044     drivers_MSP432P401R.aem4f : PowerMSP432.oem4f (.text:Power_init)
                  00005fd0    00000044     rtsv7M4_T_le_v4SPD16_eabi.lib : fd_tou_t2.obj (.text)
                  00006014    00000004     --HOLE-- [fill = 0]
                  00006018    00000044     sysbios.aem4f : BIOS.obj (.text:ti_sysbios_family_arm_m3_Hwi_getStackInfo__E)
                  0000605c    00000004     --HOLE-- [fill = 0]
                  00006060    00000044                   : BIOS.obj (.text:ti_sysbios_knl_Swi_post__E)
                  000060a4    00000044     ti.targets.arm.rtsarm.aem4f : Error.oem4f (.text:xdc_runtime_Error_setX__E)
                  000060e8    00000044                                 : SysMin.oem4f (.text:xdc_runtime_SysMin_flush__E)
                  0000612c    00000044                                 : Text.oem4f (.text:xdc_runtime_Text_xprintf__I)
                  00006170    00000042     MAX30105.obj (.text:_ZN8MAX301059softResetEP10I2C_Config)
                  000061b2    00000042     drivers_MSP432P401R.aem4f : I2CMSP432.oem4f (.text:completeTransfer)
                  000061f4    00000040     msp432p4xx_driverlib.lib : flash.o (.text:FlashCtl_disableReadBuffering)
                  00006234    00000040                              : i2c.o (.text:I2C_masterSendMultiByteFinish)
                  00006274    00000040     drivers_MSP432P401R.aem4f : PowerMSP432.oem4f (.text:notify)
                  000062b4    00000040     rtsv7M4_T_le_v4SPD16_eabi.lib : u_divt2.obj (.text)
                  000062f4    00000004     --HOLE-- [fill = 0]
                  000062f8    00000040     sysbios.aem4f : BIOS.obj (.text:ti_sysbios_family_arm_msp432_Timer_Module_startup__E)
                  00006338    00000040                   : BIOS.obj (.text:ti_sysbios_family_arm_msp432_Timer_startup__E)
                  00006378    00000040                   : BIOS.obj (.text:ti_sysbios_heaps_HeapMem_Instance_init__E)
                  000063b8    0000003e     msp432p4xx_driverlib.lib : i2c.o (.text:I2C_initMaster)
                  000063f6    0000003c     power_tirtos_MSP432P401R.aem4f : PowerMSP432_tirtos.oem4f (.text:PowerMSP432_sleepPolicy)
                  00006432    00000006     msp432p4xx_driverlib.lib : i2c.o (.text:I2C_getInterruptStatus)
                  00006438    0000003c     sysbios.aem4f : BIOS.obj (.text:ti_sysbios_family_arm_m3_Hwi_excSvCall__I)
                  00006474    00000004     --HOLE-- [fill = 0]
                  00006478    0000003c                   : BIOS.obj (.text:ti_sysbios_heaps_HeapMem_init__I)
                  000064b4    00000004     --HOLE-- [fill = 0]
                  000064b8    0000003c                   : BIOS.obj (.text:ti_sysbios_knl_Clock_Instance_init__E)
                  000064f4    00000004     --HOLE-- [fill = 0]
                  000064f8    0000003c                   : BIOS.obj (.text:ti_sysbios_knl_Swi_restore__E)
                  00006534    00000038     drivers_MSP432P401R.aem4f : I2C.oem4f (.text:I2C_init)
                  0000656c    00000038                               : I2CMSP432.oem4f (.text:perfChangeNotifyFxn)
                  000065a4    00000038     rtsv7M4_T_le_v4SPD16_eabi.lib : fs_tod_t2.obj (.text)
                  000065dc    00000004     --HOLE-- [fill = 0]
                  000065e0    00000038     sysbios.aem4f : BIOS.obj (.text:ti_sysbios_family_arm_m3_Hwi_excNoIsr__I)
                  00006618    00000038                   : BIOS.obj (.text:ti_sysbios_knl_Task_processVitalTaskFlag__I)
                  00006650    00000038     ti.targets.arm.rtsarm.aem4f : SysMin.oem4f (.text:xdc_runtime_SysMin_putch__E)
                  00006688    00000038                                 : System.oem4f (.text:xdc_runtime_System_atexit__E)
                  000066c0    00000034     msp432p4xx_driverlib.lib : flash.o (.text:FlashCtl_enableReadBuffering)
                  000066f4    00000004     --HOLE-- [fill = 0]
                  000066f8    00000034     sysbios.aem4f : BIOS.obj (.text:ti_sysbios_family_arm_m3_Hwi_Instance_finalize__E)
                  0000672c    00000004     --HOLE-- [fill = 0]
                  00006730    00000034                   : BIOS.obj (.text:ti_sysbios_family_arm_m3_Hwi_excNmi__I)
                  00006764    00000004     --HOLE-- [fill = 0]
                  00006768    00000034                   : BIOS.obj (.text:ti_sysbios_hal_Hwi_checkStack)
                  0000679c    00000034     FinBit_tagOS_pem4f.oem4f (.text:ti_sysbios_knl_Clock_construct)
                  000067d0    00000034     ti.targets.arm.rtsarm.aem4f : Core-label.oem4f (.text:xdc_runtime_Core_assignLabel__I)
                  00006804    00000033                                 : Text.oem4f (.text:xdc_runtime_Text_printVisFxn__I)
                  00006837    00000001     --HOLE-- [fill = 0]
                  00006838    00000032     sysbios.aem4f : BIOS.obj (.text:ti_sysbios_hal_Hwi_initStack)
                  0000686a    00000002     --HOLE-- [fill = 0]
                  0000686c    00000030     msp432p4xx_driverlib.lib : gpio.o (.text:GPIO_getEnabledInterruptStatus)
                  0000689c    00000030                              : gpio.o (.text:GPIO_setAsInputPinWithPullDownResistor)
                  000068cc    00000030                              : gpio.o (.text:GPIO_setAsInputPinWithPullUpResistor)
                  000068fc    00000030     drivers_MSP432P401R.aem4f : GPIOMSP432.oem4f (.text:GPIO_toggle)
                  0000692c    00000030                               : I2C.oem4f (.text:I2C_open)
                  0000695c    00000030     FinBit_tagOS_pem4f.oem4f (.text:ti_sysbios_BIOS_atExitFunc__I)
                  0000698c    00000030     FinBit_tagOS_pem4f.oem4f (.text:ti_sysbios_BIOS_startFunc__I)
                  000069bc    00000004     --HOLE-- [fill = 0]
                  000069c0    00000030     sysbios.aem4f : BIOS.obj (.text:ti_sysbios_family_arm_m3_TaskSupport_start__E)
                  000069f0    00000030     FinBit_tagOS_pem4f.oem4f (.text:ti_sysbios_gates_GateHwi_Object__create__S)
                  00006a20    00000030     FinBit_tagOS_pem4f.oem4f (.text:ti_sysbios_gates_GateMutex_Object__create__S)
                  00006a50    00000030     sysbios.aem4f : BIOS.obj (.text:ti_sysbios_gates_GateMutex_enter__E)
                  00006a80    00000030     FinBit_tagOS_pem4f.oem4f (.text:ti_sysbios_heaps_HeapMem_Object__create__S)
                  00006ab0    00000030     FinBit_tagOS_pem4f.oem4f (.text:ti_sysbios_knl_Semaphore_construct)
                  00006ae0    00000030     sysbios.aem4f : BIOS.obj (.text:ti_sysbios_knl_Semaphore_pendTimeout__I)
                  00006b10    00000030                   : BIOS.obj (.text:ti_sysbios_knl_Task_unblockI__E)
                  00006b40    00000030     ti.targets.arm.rtsarm.aem4f : SysMin.oem4f (.text:xdc_runtime_SysMin_abort__E)
                  00006b70    00000030                                 : System.oem4f (.text:xdc_runtime_System_processAtExit__E)
                  00006ba0    0000002e     FinBit_tagOS_pem4f.oem4f (.text:malloc)
                  00006bce    0000002e     rtsv7M4_T_le_v4SPD16_eabi.lib : i_tofd_t2.obj (.text)
                  00006bfc    0000002c     msp432p4xx_driverlib.lib : gpio.o (.text:GPIO_setAsInputPin)
                  00006c28    0000002c                              : pcm.o (.text:PCM_getCoreVoltageLevel)
                  00006c54    0000002c     power_tirtos_MSP432P401R.aem4f : PowerMSP432_tirtos.oem4f (.text:PowerMSP432_updateFreqs)
                  00006c80    0000002c     drivers_MSP432P401R.aem4f : PowerMSP432.oem4f (.text:Power_releaseConstraint)
                  00006cac    0000002c                               : PowerMSP432.oem4f (.text:Power_setConstraint)
                  00006cd8    0000002c     MAX30105.obj (.text:_ZN8MAX301059clearFIFOEP10I2C_Config)
                  00006d04    0000002c     FinBit_tagOS_pem4f.oem4f (.text:ti_sysbios_knl_Clock_doTick__I)
                  00006d30    0000002c     FinBit_tagOS_pem4f.oem4f (.text:ti_sysbios_knl_Queue_construct)
                  00006d5c    00000004     --HOLE-- [fill = 0]
                  00006d60    0000002c     sysbios.aem4f : BIOS.obj (.text:ti_sysbios_knl_Task_restore__E)
                  00006d8c    0000002c     ti.targets.arm.rtsarm.aem4f : Text.oem4f (.text:xdc_runtime_Text_cordText__E)
                  00006db8    0000002a     msp432p4xx_driverlib.lib : pcm.o (.text:PCM_getPowerMode)
                  00006de2    0000002a     ti.targets.arm.rtsarm.aem4f : System.oem4f (.text:xdc_runtime_System_putchar__I)
                  00006e0c    00000028     msp432p4xx_driverlib.lib : flash.o (.text:FlashCtl_setWaitState)
                  00006e34    00000028                              : pcm.o (.text:PCM_gotoLPM0)
                  00006e5c    00000028     MAX30105.obj (.text:_ZN8MAX301059safeCheckEP10I2C_Configh)
                  00006e84    00000004     --HOLE-- [fill = 0]
                  00006e88    00000028     sysbios.aem4f : BIOS.obj (.text:ti_sysbios_knl_Clock_addI__E)
                  00006eb0    00000028                   : BIOS.obj (.text:ti_sysbios_knl_Swi_Module_startup__E)
                  00006ed8    00000026     drivers_MSP432P401R.aem4f : List.oem4f (.text:List_put)
                  00006efe    00000026     sysbios.aem4f : m3_Hwi_asm.obj (.text:ti_sysbios_family_arm_m3_Hwi_pendSV__I)
                  00006f24    00000026     ti.targets.arm.rtsarm.aem4f : System.oem4f (.text:xdc_runtime_System_avprintf__E)
                  00006f4a    00000002     --HOLE-- [fill = 0]
                  00006f4c    00000024     msp432p4xx_driverlib.lib : cs.o (.text:CS_setDCOCenteredFrequency)
                  00006f70    00000024                              : gpio.o (.text:GPIO_setAsOutputPin)
                  00006f94    00000024                              : i2c.o (.text:I2C_masterSendMultiByteNext)
                  00006fb8    00000024                              : rtc_c.o (.text:RTC_C_holdClock)
                  00006fdc    00000024                              : rtc_c.o (.text:RTC_C_startClock)
                  00007000    00000024     system_clock.obj (.text:_ZN5Clock10setCenturyEv)
                  00007024    00000024     system_clock.obj (.text:_ZN5Clock7setHourEv)
                  00007048    00000024     system_clock.obj (.text:_ZN5Clock7setYearEv)
                  0000706c    00000024     system_clock.obj (.text:_ZN5Clock8setMonthEv)
                  00007090    00000024     system_clock.obj (.text:_ZN5Clock9setMinuteEv)
                  000070b4    00000024     system_clock.obj (.text:_ZN5Clock9setSecondEv)
                  000070d8    00000024     MAX30105.obj (.text:_ZN8MAX3010510setLEDModeEP10I2C_Configh)
                  000070fc    00000024     MAX30105.obj (.text:_ZN8MAX3010511setADCRangeEP10I2C_Configh)
                  00007120    00000024     MAX30105.obj (.text:_ZN8MAX3010513setPulseWidthEP10I2C_Configh)
                  00007144    00000024     MAX30105.obj (.text:_ZN8MAX3010513setSampleRateEP10I2C_Configh)
                  00007168    00000024     MAX30105.obj (.text:_ZN8MAX3010514setFIFOAverageEP10I2C_Configh)
                  0000718c    00000024     FinBit_tagOS_pem4f.oem4f (.text:ti_sysbios_BIOS_errorRaiseHook__I)
                  000071b0    00000024     FinBit_tagOS_pem4f.oem4f (.text:ti_sysbios_BIOS_registerRTSLock__I)
                  000071d4    00000024     FinBit_tagOS_pem4f.oem4f (.text:ti_sysbios_BIOS_removeRTSLock__I)
                  000071f8    00000024     sysbios.aem4f : BIOS.obj (.text:ti_sysbios_family_arm_msp432_ClockFreqs_setFrequency__E)
                  0000721c    00000024     FinBit_tagOS_pem4f.oem4f (.text:ti_sysbios_gates_GateMutex_Object__delete__S)
                  00007240    00000024     sysbios.aem4f : BIOS.obj (.text:ti_sysbios_knl_Clock_Module_startup__E)
                  00007264    00000004     --HOLE-- [fill = 0]
                  00007268    00000024                   : BIOS.obj (.text:ti_sysbios_knl_Clock_start__E)
                  0000728c    00000004     --HOLE-- [fill = 0]
                  00007290    00000024                   : BIOS.obj (.text:ti_sysbios_knl_Semaphore_Instance_init__E)
                  000072b4    00000004     --HOLE-- [fill = 0]
                  000072b8    00000024                   : BIOS.obj (.text:ti_sysbios_knl_Task_restoreHwi__E)
                  000072dc    00000024     ti.targets.arm.rtsarm.aem4f : System.oem4f (.text:xdc_runtime_System_vprintf__E)
                  00007300    00000022     FinBit_tagOS_pem4f.oem4f (.text:xdc_runtime_SysMin_output__I)
                  00007322    00000002     --HOLE-- [fill = 0]
                  00007324    00000020     msp432p4xx_driverlib.lib : gpio.o (.text:GPIO_interruptEdgeSelect)
                  00007344    00000020     drivers_MSP432P401R.aem4f : PowerMSP432.oem4f (.text:PowerMSP432_getFreqs)
                  00007364    00000020                               : PowerMSP432.oem4f (.text:Power_unregisterNotify)
                  00007384    00000020     FinBit_tagOS_pem4f.oem4f (.text:ti_sysbios_BIOS_rtsLock__I)
                  000073a4    00000020     sysbios.aem4f : m3_Hwi_asm.obj (.text:ti_sysbios_family_arm_m3_Hwi_excHandlerAsm__I)
                  000073c4    00000004     --HOLE-- [fill = 0]
                  000073c8    00000020                   : BIOS.obj (.text:ti_sysbios_family_arm_m3_Hwi_excHandler__I)
                  000073e8    00000020     FinBit_tagOS_pem4f.oem4f (.text:ti_sysbios_gates_GateHwi_Object__delete__S)
                  00007408    00000020     FinBit_tagOS_pem4f.oem4f (.text:ti_sysbios_heaps_HeapMem_Object__delete__S)
                  00007428    00000020     sysbios.aem4f : BIOS.obj (.text:ti_sysbios_knl_Idle_run__E)
                  00007448    00000020     FinBit_tagOS_pem4f.oem4f (.text:ti_sysbios_knl_Semaphore_Object__destruct__S)
                  00007468    00000020     ti.targets.arm.rtsarm.aem4f : Registry.oem4f (.text:xdc_runtime_Registry_findById__E)
                  00007488    00000020                                 : SysMin.oem4f (.text:xdc_runtime_SysMin_Module_startup__E)
                  000074a8    0000001e     sysbios.aem4f : m3_Hwi_asm_switch.obj (.text:ti_sysbios_family_xxx_Hwi_switchAndRunFunc)
                  000074c6    0000001c     MSP_EXP432P401R.obj (.text:MSP_EXP432P401R_initI2C)
                  000074e2    00000002     --HOLE-- [fill = 0]
                  000074e4    0000001c     msp432p4xx_driverlib.lib : pcm.o (.text:PCM_enableRudeMode)
                  00007500    0000001c     drivers_MSP432P401R.aem4f : PowerMSP432.oem4f (.text:Power_registerNotify)
                  0000751c    0000001c     MAX30105.obj (.text:_ZN8MAX3010514getNirFIFOHeadEv)
                  00007538    0000001c     MAX30105.obj (.text:_ZN8MAX3010514getRedFIFOHeadEv)
                  00007554    0000001c     MAX30105.obj (.text:_ZN8MAX3010516getGreenFIFOHeadEv)
                  00007570    0000001c     FinBit_tagOS_pem4f.oem4f (.text:ti_sysbios_family_arm_m3_Hwi_Object__destruct__S)
                  0000758c    00000004     --HOLE-- [fill = 0]
                  00007590    0000001c     sysbios.aem4f : BIOS.obj (.text:ti_sysbios_gates_GateMutex_Instance_init__E)
                  000075ac    0000001c     FinBit_tagOS_pem4f.oem4f (.text:ti_sysbios_knl_Queue_Object__destruct__S)
                  000075c8    0000001c     sysbios.aem4f : BIOS.obj (.text:ti_sysbios_knl_Queue_put__E)
                  000075e4    00000004     --HOLE-- [fill = 0]
                  000075e8    0000001c                   : BIOS.obj (.text:ti_sysbios_knl_Task_enter__I)
                  00007604    0000001c     ti.targets.arm.rtsarm.aem4f : Error.oem4f (.text:xdc_runtime_Error_raiseX__E)
                  00007620    0000001c                                 : Memory.oem4f (.text:xdc_runtime_Memory_valloc__E)
                  0000763c    0000001c                                 : SysMin.oem4f (.text:xdc_runtime_SysMin_exit__E)
                  00007658    0000001c                                 : System.oem4f (.text:xdc_runtime_System_abort__E)
                  00007674    0000001a     drivers_MSP432P401R.aem4f : List.oem4f (.text:List_remove)
                  0000768e    0000001a     MAX30105.obj (.text:_ZN8MAX3010519setPulseAmplitudeIREP10I2C_Configh)
                  000076a8    0000001a     MAX30105.obj (.text:_ZN8MAX3010520setPulseAmplitudeRedEP10I2C_Configh)
                  000076c2    0000001a     MAX30105.obj (.text:_ZN8MAX3010522setPulseAmplitudeGreenEP10I2C_Configh)
                  000076dc    0000001a     MAX30105.obj (.text:_ZN8MAX3010526setPulseAmplitudeProximityEP10I2C_Configh)
                  000076f6    0000001a     FinBit_tagOS_pem4f.oem4f (.text:ti_sysbios_family_arm_m3_Hwi_Handle__label__S)
                  00007710    0000001a     FinBit_tagOS_pem4f.oem4f (.text:ti_sysbios_gates_GateHwi_Handle__label__S)
                  0000772a    0000001a     FinBit_tagOS_pem4f.oem4f (.text:ti_sysbios_gates_GateMutex_Handle__label__S)
                  00007744    0000001a     FinBit_tagOS_pem4f.oem4f (.text:ti_sysbios_heaps_HeapMem_Handle__label__S)
                  0000775e    0000001a     FinBit_tagOS_pem4f.oem4f (.text:ti_sysbios_knl_Swi_Handle__label__S)
                  00007778    0000001a     FinBit_tagOS_pem4f.oem4f (.text:ti_sysbios_knl_Task_Handle__label__S)
                  00007792    0000001a     FinBit_tagOS_pem4f.oem4f (.text:xdc_runtime_System_aprintf__E)
                  000077ac    0000001a     FinBit_tagOS_pem4f.oem4f (.text:xdc_runtime_System_printf__E)
                  000077c6    00000002     --HOLE-- [fill = 0]
                  000077c8    00000018     msp432p4xx_driverlib.lib : gpio.o (.text:GPIO_clearInterruptFlag)
                  000077e0    00000018                              : gpio.o (.text:GPIO_getInputPinValue)
                  000077f8    00000018                              : gpio.o (.text:GPIO_setDriveStrengthLow)
                  00007810    00000018                              : gpio.o (.text:GPIO_setOutputLowOnPin)
                  00007828    00000018                              : i2c.o (.text:I2C_masterIsStartSent)
                  00007840    00000018                              : wdt_a.o (.text:WDT_A_holdTimer)
                  00007858    00000018     MAX30105.obj (.text:_ZN8MAX3010518enableFIFORolloverEP10I2C_Config)
                  00007870    00000018     MAX30105.obj (.text:_ZN8MAX301056wakeUpEP10I2C_Config)
                  00007888    00000018     MAX30105.obj (.text:_ZN8MAX301058shutDownEP10I2C_Config)
                  000078a0    00000018     FinBit_tagOS_pem4f.oem4f (.text:free)
                  000078b8    00000018     rtsv7M4_T_le_v4SPD16_eabi.lib : args_main.obj (.text)
                  000078d0    00000018     FinBit_tagOS_pem4f.oem4f (.text:ti_sysbios_BIOS_rtsUnlock__I)
                  000078e8    00000018     FinBit_tagOS_pem4f.oem4f (.text:ti_sysbios_family_arm_m3_Hwi_Module__startupDone__F)
                  00007900    00000018     sysbios.aem4f : m3_TaskSupport_asm.obj (.text:ti_sysbios_family_arm_m3_TaskSupport_swap__E)
                  00007918    00000018     FinBit_tagOS_pem4f.oem4f (.text:ti_sysbios_family_arm_msp432_Timer_Module__startupDone__F)
                  00007930    00000018     sysbios.aem4f : BIOS.obj (.text:ti_sysbios_gates_GateMutex_leave__E)
                  00007948    00000018                   : BIOS.obj (.text:ti_sysbios_knl_Task_sleepTimeout__I)
                  00007960    00000018     ti.targets.arm.rtsarm.aem4f : Error.oem4f (.text:xdc_runtime_Error_check__E)
                  00007978    00000018                                 : System.oem4f (.text:xdc_runtime_System_exit__E)
                  00007990    00000018                                 : Text.oem4f (.text:xdc_runtime_Text_ropeText__E)
                  000079a8    00000016     tirtosport.aem4f : HwiP_tirtos.oem4f (.text:HwiP_delete)
                  000079be    00000016                      : SemaphoreP_tirtos.oem4f (.text:SemaphoreP_delete)
                  000079d4    00000016     main.obj (.text:_Z31ti_sysbios_knl_Task_Params_initP26ti_sysbios_knl_Task_Params)
                  000079ea    00000016     main.obj (.text:_Z32ti_sysbios_knl_Clock_Params_initP27ti_sysbios_knl_Clock_Params)
                  00007a00    00000016     main.obj (.text:_Z36ti_sysbios_knl_Semaphore_Params_initP31ti_sysbios_knl_Semaphore_Params)
                  00007a16    00000016     FinBit_tagOS_pem4f.oem4f (.text:ti_sysbios_BIOS_exitFunc__I)
                  00007a2c    00000014     drivers_MSP432P401R.aem4f : GPIOMSP432.oem4f (.text:GPIO_read)
                  00007a40    00000014     msp432p4xx_driverlib.lib : gpio.o (.text:GPIO_setDriveStrengthHigh)
                  00007a54    00000014                              : gpio.o (.text:GPIO_setOutputHighOnPin)
                  00007a68    00000014                              : gpio.o (.text:GPIO_toggleOutputOnPin)
                  00007a7c    00000014     drivers_MSP432P401R.aem4f : PowerMSP432.oem4f (.text:Power_idleFunc)
                  00007a90    00000014     msp432p4xx_driverlib.lib : wdt_a.o (.text:WDT_A_startTimer)
                  00007aa4    00000014     rtsv7M4_T_le_v4SPD16_eabi.lib : _lock.obj (.text)
                  00007ab8    00000014                                   : strcpy.obj (.text)
                  00007acc    00000014                                   : strlen.obj (.text)
                  00007ae0    00000014     FinBit_tagOS_pem4f.oem4f (.text:ti_sysbios_family_arm_m3_Hwi_Object__get__S)
                  00007af4    00000004     --HOLE-- [fill = 0]
                  00007af8    00000014     sysbios.aem4f : BIOS.obj (.text:ti_sysbios_family_arm_m3_Hwi_switchFromBootStack__E)
                  00007b0c    00000014     FinBit_tagOS_pem4f.oem4f (.text:ti_sysbios_heaps_HeapMem_Object__get__S)
                  00007b20    00000014     FinBit_tagOS_pem4f.oem4f (.text:ti_sysbios_knl_Swi_Object__get__S)
                  00007b34    00000012     tirtosport.aem4f : SemaphoreP_tirtos.oem4f (.text:SemaphoreP_pend)
                  00007b46    00000012     system_clock.obj (.text:_ZN5Clock12setMilleniumEv)
                  00007b58    00000012     MAX30105.obj (.text:_ZN8MAX3010510readPartIDEP10I2C_Config)
                  00007b6a    00000012     MAX30105.obj (.text:_ZN8MAX3010514getReadPointerEP10I2C_Config)
                  00007b7c    00000012     MAX30105.obj (.text:_ZN8MAX3010515getWritePointerEP10I2C_Config)
                  00007b8e    00000002     --HOLE-- [fill = 0]
                  00007b90    00000012     sysbios.aem4f : BIOS.obj (.text:ti_sysbios_hal_Hwi_Module_startup__E)
                  00007ba2    00000012     FinBit_tagOS_pem4f.oem4f (.text:xdc_runtime_Startup_exec__I)
                  00007bb4    00000010     msp432p4xx_driverlib.lib : gpio.o (.text:GPIO_getInterruptStatus)
                  00007bc4    00000010     drivers_MSP432P401R.aem4f : I2C.oem4f (.text:I2C_Params_init)
                  00007bd4    00000010     msp432p4xx_driverlib.lib : i2c.o (.text:I2C_masterReceiveMultiByteStop)
                  00007be4    00000010                              : i2c.o (.text:I2C_masterReceiveStart)
                  00007bf4    00000010                              : i2c.o (.text:I2C_masterSendStart)
                  00007c04    00000010                              : pcm.o (.text:PCM_gotoLPM4)
                  00007c14    00000010     system_clock.obj (.text:_Z8clockPrdj)
                  00007c24    00000010     system_clock.obj (.text:_ZN5Clock8getTicksEv)
                  00007c34    00000004     --HOLE-- [fill = 0]
                  00007c38    00000010     sysbios.aem4f : BIOS.obj (.text:ti_sysbios_BIOS_exit__E)
                  00007c48    00000010                   : BIOS.obj (.text:ti_sysbios_BIOS_setCpuFreq__E)
                  00007c58    00000010                   : BIOS.obj (.text:ti_sysbios_BIOS_setThreadType__E)
                  00007c68    00000010                   : BIOS.obj (.text:ti_sysbios_BIOS_start__E)
                  00007c78    00000010                   : m3_TaskSupport_asm.obj (.text:ti_sysbios_family_arm_m3_TaskSupport_glue)
                  00007c88    00000010                   : BIOS.obj (.text:ti_sysbios_family_arm_msp432_init_Boot_disableWatchdog)
                  00007c98    00000010                   : BIOS.obj (.text:ti_sysbios_gates_GateMutex_Instance_finalize__E)
                  00007ca8    00000010                   : BIOS.obj (.text:ti_sysbios_knl_Semaphore_Instance_finalize__E)
                  00007cb8    00000010                   : BIOS.obj (.text:ti_sysbios_knl_Swi_disable__E)
                  00007cc8    00000010     FinBit_tagOS_pem4f.oem4f (.text:ti_sysbios_knl_Task_Object__get__S)
                  00007cd8    00000010     sysbios.aem4f : BIOS.obj (.text:ti_sysbios_knl_Task_disable__E)
                  00007ce8    00000010     ti.targets.arm.rtsarm.aem4f : Gate.oem4f (.text:xdc_runtime_Gate_leaveSystem__E)
                  00007cf8    00000010                                 : Memory.oem4f (.text:xdc_runtime_Memory_free__E)
                  00007d08    00000010                                 : SysMin.oem4f (.text:xdc_runtime_SysMin_ready__E)
                  00007d18    00000010                                 : System.oem4f (.text:xdc_runtime_System_vsnprintf__E)
                  00007d28    00000010     FinBit_tagOS_pem4f.oem4f (.text:xdc_runtime_Text_visitRope__I)
                  00007d38    0000000e     tirtosport.aem4f : HwiP_tirtos.oem4f (.text:HwiP_Params_init)
                  00007d46    0000000e     msp432p4xx_driverlib.lib : i2c.o (.text:I2C_clearInterruptFlag)
                  00007d54    0000000e                              : i2c.o (.text:I2C_disableInterrupt)
                  00007d62    0000000e                              : i2c.o (.text:I2C_setMode)
                  00007d70    0000000e     system_clock.obj (.text:_ZN5Clock5getIdEv)
                  00007d7e    0000000e     rtsv7M4_T_le_v4SPD16_eabi.lib : copy_decompress_none.obj (.text:decompress:none)
                  00007d8c    00000004     --HOLE-- [fill = 0]
                  00007d90    0000000e     sysbios.aem4f : BIOS.obj (.text:ti_sysbios_knl_Idle_loop__E)
                  00007d9e    00000002     --HOLE-- [fill = 0]
                  00007da0    0000000e                   : BIOS.obj (.text:ti_sysbios_knl_Queue_empty__E)
                  00007dae    0000000c     FinBit_tagOS_pem4f.oem4f (.text:.bootCodeSection:ti_sysbios_family_arm_msp432_init_Boot_init__I)
                  00007dba    0000000c     msp432p4xx_driverlib.lib : cpu.o (.text:CPU_cpsid)
                  00007dc6    0000000c                              : cpu.o (.text:CPU_cpsie)
                  00007dd2    0000000c                              : i2c.o (.text:I2C_disableModule)
                  00007dde    0000000c                              : i2c.o (.text:I2C_enableModule)
                  00007dea    00000002     --HOLE-- [fill = 0]
                  00007dec    0000000c                              : pcm.o (.text:PCM_getPowerState)
                  00007df8    0000000c     drivers_MSP432P401R.aem4f : PowerMSP432.oem4f (.text:Power_getConstraintMask)
                  00007e04    0000000c                               : PowerMSP432.oem4f (.text:Power_getPerformanceLevel)
                  00007e10    0000000c     system_clock.obj (.text:_ZN5ClockD1Ev)
                  00007e1c    0000000c     MAX30105.obj (.text:_ZN8MAX30105C1Ev)
                  00007e28    0000000c     rtsv7M4_T_le_v4SPD16_eabi.lib : copy_zero_init.obj (.text:decompress:ZI)
                  00007e34    0000000c     FinBit_tagOS_pem4f.oem4f (.text:ti_sysbios_family_arm_m3_Hwi_Params__init__S)
                  00007e40    0000000c     sysbios.aem4f : BIOS.obj (.text:ti_sysbios_family_arm_m3_Hwi_disableFxn__E)
                  00007e4c    00000004     --HOLE-- [fill = 0]
                  00007e50    0000000c                   : BIOS.obj (.text:ti_sysbios_family_arm_m3_TaskSupport_checkStack__E)
                  00007e5c    00000004     --HOLE-- [fill = 0]
                  00007e60    0000000c                   : BIOS.obj (.text:ti_sysbios_family_arm_m3_TaskSupport_getStackAlignment__E)
                  00007e6c    00000004     --HOLE-- [fill = 0]
                  00007e70    0000000c                   : BIOS.obj (.text:ti_sysbios_family_arm_msp432_Timer_getMaxTicks__E)
                  00007e7c    00000004     --HOLE-- [fill = 0]
                  00007e80    0000000c                   : BIOS.obj (.text:ti_sysbios_gates_GateHwi_enter__E)
                  00007e8c    0000000c     FinBit_tagOS_pem4f.oem4f (.text:ti_sysbios_knl_Clock_Params__init__S)
                  00007e98    0000000c     FinBit_tagOS_pem4f.oem4f (.text:ti_sysbios_knl_Queue_Object__get__S)
                  00007ea4    0000000c     FinBit_tagOS_pem4f.oem4f (.text:ti_sysbios_knl_Semaphore_Params__init__S)
                  00007eb0    0000000c     FinBit_tagOS_pem4f.oem4f (.text:ti_sysbios_knl_Task_Params__init__S)
                  00007ebc    0000000c     ti.targets.arm.rtsarm.aem4f : Error.oem4f (.text:xdc_runtime_Error_init__E)
                  00007ec8    0000000c                                 : Gate.oem4f (.text:xdc_runtime_Gate_enterSystem__E)
                  00007ed4    0000000c                                 : Memory.oem4f (.text:xdc_runtime_Memory_calloc__E)
                  00007ee0    0000000c                                 : Memory.oem4f (.text:xdc_runtime_Memory_getMaxDefaultTypeAlign__E)
                  00007eec    0000000c                                 : Startup.oem4f (.text:xdc_runtime_Startup_rtsDone__E)
                  00007ef8    0000000a     drivers_MSP432P401R.aem4f : I2CMSP432.oem4f (.text:I2CMSP432_init)
                  00007f02    0000000a                               : I2C.oem4f (.text:I2C_close)
                  00007f0c    0000000a                               : I2C.oem4f (.text:I2C_transfer)
                  00007f16    0000000a     tirtosport.aem4f : SemaphoreP_tirtos.oem4f (.text:SemaphoreP_post)
                  00007f20    0000000a     FinBit_tagOS_pem4f.oem4f (.text:xdc_runtime_IHeap_alloc)
                  00007f2a    0000000a     FinBit_tagOS_pem4f.oem4f (.text:xdc_runtime_IHeap_free)
                  00007f34    00000008     msp432p4xx_driverlib.lib : i2c.o (.text:I2C_enableInterrupt)
                  00007f3c    00000008     MSP_EXP432P401R.obj (.text:MSP_EXP432P401R_initGPIO)
                  00007f44    00000008     MSP_EXP432P401R.obj (.text:MSP_EXP432P401R_initGeneral)
                  00007f4c    00000008     msp432p4xx_driverlib.lib : pcm.o (.text:PCM_setPowerMode)
                  00007f54    00000008                              : pcm.o (.text:PCM_setPowerState)
                  00007f5c    00000008     tirtosport.aem4f : SemaphoreP_tirtos.oem4f (.text:SemaphoreP_Params_init)
                  00007f64    00000008     drivers_MSP432P401R.aem4f : I2CMSP432.oem4f (.text:blockingTransferCallback)
                  00007f6c    00000004     --HOLE-- [fill = 0]
                  00007f70    00000008     sysbios.aem4f : BIOS.obj (.text:ti_sysbios_family_arm_m3_Hwi_doSwiRestore__I)
                  00007f78    00000008                   : BIOS.obj (.text:ti_sysbios_family_arm_m3_Hwi_startup__E)
                  00007f80    00000006     msp432p4xx_driverlib.lib : i2c.o (.text:I2C_masterReceiveMultiByteNext)
                  00007f86    00000002     --HOLE-- [fill = 0]
                  00007f88    00000006     sysbios.aem4f : BIOS.obj (.text:ti_sysbios_family_arm_m3_Hwi_doTaskRestore__I)
                  00007f8e    00000002     --HOLE-- [fill = 0]
                  00007f90    00000006                   : BIOS.obj (.text:ti_sysbios_family_arm_m3_Hwi_restoreFxn__E)
                  00007f96    00000002     --HOLE-- [fill = 0]
                  00007f98    00000006                   : BIOS.obj (.text:ti_sysbios_gates_GateHwi_leave__E)
                  00007f9e    00000002     --HOLE-- [fill = 0]
                  00007fa0    00000006                   : BIOS.obj (.text:ti_sysbios_heaps_HeapMem_isBlocking__E)
                  00007fa6    00000002     --HOLE-- [fill = 0]
                  00007fa8    00000006                   : BIOS.obj (.text:ti_sysbios_knl_Queue_Instance_init__E)
                  00007fae    00000002     --HOLE-- [fill = 0]
                  00007fb0    00000006                   : BIOS.obj (.text:ti_sysbios_knl_Swi_startup__E)
                  00007fb6    00000006     ti.targets.arm.rtsarm.aem4f : System.oem4f (.text:xdc_runtime_System_Module_startup__E)
                  00007fbc    00000004     --HOLE-- [fill = 0]
                  00007fc0    00000004     sysbios.aem4f : BIOS.obj (.text:ti_sysbios_gates_GateHwi_query__E)
                  00007fc4    00000004     --HOLE-- [fill = 0]
                  00007fc8    00000004                   : BIOS.obj (.text:ti_sysbios_gates_GateMutex_query__E)
                  00007fcc    00000004     --HOLE-- [fill = 0]
                  00007fd0    00000004                   : BIOS.obj (.text:ti_sysbios_knl_Task_startup__E)
                  00007fd4    00000004     --HOLE-- [fill = 0]
                  00007fd8    00000002                   : BIOS.obj (.text:ti_sysbios_BIOS_linkedWithIncorrectBootLibrary__E)
                  00007fda    00000006     --HOLE-- [fill = 0]
                  00007fe0    00000002                   : BIOS.obj (.text:ti_sysbios_gates_GateHwi_Instance_init__E)
                  00007fe2    00000006     --HOLE-- [fill = 0]
                  00007fe8    00000002                   : BIOS.obj (.text:ti_sysbios_knl_Clock_logTick__E)

.const     0    00007fec    00001de6     
                  00007fec    0000181b     FinBit_tagOS_pem4f.oem4f (.const:xdc_runtime_Text_charTab__A)
                  00009807    00000001     FinBit_tagOS_pem4f.oem4f (.const:xdc_runtime_Error_policy__C)
                  00009808    000000b0     FinBit_tagOS_pem4f.oem4f (.const:xdc_runtime_Text_nodeTab__A)
                  000098b8    00000048     FinBit_tagOS_pem4f.oem4f (.const:.string)
                  00009900    0000003c     FinBit_tagOS_pem4f.oem4f (.const:ti_sysbios_knl_Task_Object__PARAMS__C)
                  0000993c    00000030     FinBit_tagOS_pem4f.oem4f (.const:ti_sysbios_family_arm_m3_Hwi_Object__PARAMS__C)
                  0000996c    00000028     FinBit_tagOS_pem4f.oem4f (.const:ti_sysbios_heaps_HeapMem_Module__FXNS__C)
                  00009994    00000024     MSP_EXP432P401R.obj (.const:I2C_config)
                  000099b8    00000024     FinBit_tagOS_pem4f.oem4f (.const:ti_sysbios_gates_GateHwi_Module__FXNS__C)
                  000099dc    00000024     FinBit_tagOS_pem4f.oem4f (.const:ti_sysbios_gates_GateMutex_Module__FXNS__C)
                  00009a00    00000024     FinBit_tagOS_pem4f.oem4f (.const:ti_sysbios_heaps_HeapMem_Object__PARAMS__C)
                  00009a24    00000024     FinBit_tagOS_pem4f.oem4f (.const:ti_sysbios_knl_Clock_Object__PARAMS__C)
                  00009a48    00000024     FinBit_tagOS_pem4f.oem4f (.const:ti_sysbios_knl_Semaphore_Object__PARAMS__C)
                  00009a6c    00000020     drivers_MSP432P401R.aem4f : I2CMSP432.oem4f (.const)
                  00009a8c    00000020     MSP_EXP432P401R.obj (.const:i2cMSP432HWAttrs)
                  00009aac    00000020     FinBit_tagOS_pem4f.oem4f (.const:ti_sysbios_family_arm_m3_Hwi_Object__DESC__C)
                  00009acc    00000020     FinBit_tagOS_pem4f.oem4f (.const:ti_sysbios_gates_GateHwi_Object__DESC__C)
                  00009aec    00000020     FinBit_tagOS_pem4f.oem4f (.const:ti_sysbios_gates_GateMutex_Object__DESC__C)
                  00009b0c    00000020     FinBit_tagOS_pem4f.oem4f (.const:ti_sysbios_heaps_HeapMem_Object__DESC__C)
                  00009b2c    00000020     FinBit_tagOS_pem4f.oem4f (.const:ti_sysbios_knl_Clock_Object__DESC__C)
                  00009b4c    00000020     FinBit_tagOS_pem4f.oem4f (.const:ti_sysbios_knl_Queue_Object__DESC__C)
                  00009b6c    00000020     FinBit_tagOS_pem4f.oem4f (.const:ti_sysbios_knl_Semaphore_Object__DESC__C)
                  00009b8c    00000020     FinBit_tagOS_pem4f.oem4f (.const:ti_sysbios_knl_Task_Object__DESC__C)
                  00009bac    00000020     FinBit_tagOS_pem4f.oem4f (.const:xdc_runtime_Startup_sfxnTab__A)
                  00009bcc    00000018     FinBit_tagOS_pem4f.oem4f (.const:ti_sysbios_gates_GateHwi_Object__PARAMS__C)
                  00009be4    00000018     FinBit_tagOS_pem4f.oem4f (.const:ti_sysbios_gates_GateMutex_Object__PARAMS__C)
                  00009bfc    00000018     FinBit_tagOS_pem4f.oem4f (.const:ti_sysbios_knl_Queue_Object__PARAMS__C)
                  00009c14    00000014     MSP_EXP432P401R.obj (.const:GPIOMSP432_config)
                  00009c28    00000010     MSP_EXP432P401R.obj (.const:PowerMSP432_config)
                  00009c38    00000010     drivers_MSP432P401R.aem4f : I2C.oem4f (.const)
                  00009c48    00000010     FinBit_tagOS_pem4f.oem4f (.const:xdc_runtime_Startup_sfxnRts__A)
                  00009c58    0000000c     drivers_MSP432P401R.aem4f : GPIOMSP432.oem4f (.const:.string)
                  00009c64    0000000c     FinBit_tagOS_pem4f.oem4f (.const:xdc_runtime_Startup_firstFxns__A)
                  00009c70    00000008     FinBit_tagOS_pem4f.oem4f (.const:ti_sysbios_family_arm_m3_Hwi_excHookFuncs__A)
                  00009c78    00000008     FinBit_tagOS_pem4f.oem4f (.const:ti_sysbios_knl_Idle_funcList__A)
                  00009c80    00000008     FinBit_tagOS_pem4f.oem4f (.const:ti_sysbios_knl_Idle_funcList__C)
                  00009c88    00000008     FinBit_tagOS_pem4f.oem4f (.const:xdc_runtime_Startup_firstFxns__C)
                  00009c90    00000008     FinBit_tagOS_pem4f.oem4f (.const:xdc_runtime_Startup_lastFxns__C)
                  00009c98    00000004     FinBit_tagOS_pem4f.oem4f (.const:ti_sysbios_family_arm_m3_Hwi_E_NMI__C)
                  00009c9c    00000004     FinBit_tagOS_pem4f.oem4f (.const:ti_sysbios_family_arm_m3_Hwi_E_alreadyDefined__C)
                  00009ca0    00000004     FinBit_tagOS_pem4f.oem4f (.const:ti_sysbios_family_arm_m3_Hwi_E_busFault__C)
                  00009ca4    00000004     FinBit_tagOS_pem4f.oem4f (.const:ti_sysbios_family_arm_m3_Hwi_E_debugMon__C)
                  00009ca8    00000004     FinBit_tagOS_pem4f.oem4f (.const:ti_sysbios_family_arm_m3_Hwi_E_hardFault__C)
                  00009cac    00000004     FinBit_tagOS_pem4f.oem4f (.const:ti_sysbios_family_arm_m3_Hwi_E_memFault__C)
                  00009cb0    00000004     FinBit_tagOS_pem4f.oem4f (.const:ti_sysbios_family_arm_m3_Hwi_E_noIsr__C)
                  00009cb4    00000004     FinBit_tagOS_pem4f.oem4f (.const:ti_sysbios_family_arm_m3_Hwi_E_reserved__C)
                  00009cb8    00000004     FinBit_tagOS_pem4f.oem4f (.const:ti_sysbios_family_arm_m3_Hwi_E_svCall__C)
                  00009cbc    00000004     FinBit_tagOS_pem4f.oem4f (.const:ti_sysbios_family_arm_m3_Hwi_E_usageFault__C)
                  00009cc0    00000004     FinBit_tagOS_pem4f.oem4f (.const:ti_sysbios_family_arm_m3_Hwi_NUM_INTERRUPTS__C)
                  00009cc4    00000004     FinBit_tagOS_pem4f.oem4f (.const:ti_sysbios_family_arm_m3_Hwi_Object__count__C)
                  00009cc8    00000004     FinBit_tagOS_pem4f.oem4f (.const:ti_sysbios_family_arm_m3_Hwi_ccr__C)
                  00009ccc    00000004     FinBit_tagOS_pem4f.oem4f (.const:ti_sysbios_family_arm_m3_Hwi_excHandlerFunc__C)
                  00009cd0    00000004     FinBit_tagOS_pem4f.oem4f (.const:ti_sysbios_family_arm_m3_Hwi_excHookFuncs__C)
                  00009cd4    00000004     FinBit_tagOS_pem4f.oem4f (.const:ti_sysbios_family_arm_m3_Hwi_nullIsrFunc__C)
                  00009cd8    00000004     FinBit_tagOS_pem4f.oem4f (.const:ti_sysbios_family_arm_m3_Hwi_priGroup__C)
                  00009cdc    00000004     FinBit_tagOS_pem4f.oem4f (.const:ti_sysbios_family_arm_m3_TaskSupport_stackAlignment__C)
                  00009ce0    00000004     FinBit_tagOS_pem4f.oem4f (.const:ti_sysbios_family_arm_msp432_Timer_numTimerDevices__C)
                  00009ce4    00000004     FinBit_tagOS_pem4f.oem4f (.const:ti_sysbios_family_arm_msp432_Timer_startupNeeded__C)
                  00009ce8    00000004     FinBit_tagOS_pem4f.oem4f (.const:ti_sysbios_gates_GateMutex_Instance_State_sem__O)
                  00009cec    00000004     FinBit_tagOS_pem4f.oem4f (.const:ti_sysbios_hal_Hwi_E_stackOverflow__C)
                  00009cf0    00000004     FinBit_tagOS_pem4f.oem4f (.const:ti_sysbios_heaps_HeapMem_E_memory__C)
                  00009cf4    00000004     FinBit_tagOS_pem4f.oem4f (.const:ti_sysbios_heaps_HeapMem_Module__gateObj__C)
                  00009cf8    00000004     FinBit_tagOS_pem4f.oem4f (.const:ti_sysbios_heaps_HeapMem_Object__count__C)
                  00009cfc    00000004     FinBit_tagOS_pem4f.oem4f (.const:ti_sysbios_heaps_HeapMem_reqAlign__C)
                  00009d00    00000004     FinBit_tagOS_pem4f.oem4f (.const:ti_sysbios_knl_Clock_Module_State_clockQ__O)
                  00009d04    00000004     FinBit_tagOS_pem4f.oem4f (.const:ti_sysbios_knl_Semaphore_Instance_State_pendQ__O)
                  00009d08    00000004     FinBit_tagOS_pem4f.oem4f (.const:ti_sysbios_knl_Swi_Object__count__C)
                  00009d0c    00000004     FinBit_tagOS_pem4f.oem4f (.const:ti_sysbios_knl_Task_E_spOutOfBounds__C)
                  00009d10    00000004     FinBit_tagOS_pem4f.oem4f (.const:ti_sysbios_knl_Task_E_stackOverflow__C)
                  00009d14    00000004     FinBit_tagOS_pem4f.oem4f (.const:ti_sysbios_knl_Task_Module_State_inactiveQ__O)
                  00009d18    00000004     FinBit_tagOS_pem4f.oem4f (.const:ti_sysbios_knl_Task_Object__count__C)
                  00009d1c    00000004     FinBit_tagOS_pem4f.oem4f (.const:ti_sysbios_knl_Task_allBlockedFunc__C)
                  00009d20    00000004     FinBit_tagOS_pem4f.oem4f (.const:ti_sysbios_knl_Task_defaultStackHeap__C)
                  00009d24    00000004     FinBit_tagOS_pem4f.oem4f (.const:ti_sysbios_knl_Task_defaultStackSize__C)
                  00009d28    00000004     FinBit_tagOS_pem4f.oem4f (.const:ti_sysbios_knl_Task_numConstructedTasks__C)
                  00009d2c    00000004     FinBit_tagOS_pem4f.oem4f (.const:xdc_runtime_Assert_E_assertFailed__C)
                  00009d30    00000004     FinBit_tagOS_pem4f.oem4f (.const:xdc_runtime_Core_A_initializedParams__C)
                  00009d34    00000004     FinBit_tagOS_pem4f.oem4f (.const:xdc_runtime_Core_Module__diagsEnabled__C)
                  00009d38    00000004     FinBit_tagOS_pem4f.oem4f (.const:xdc_runtime_Core_Module__diagsIncluded__C)
                  00009d3c    00000004     FinBit_tagOS_pem4f.oem4f (.const:xdc_runtime_Core_Module__diagsMask__C)
                  00009d40    00000004     FinBit_tagOS_pem4f.oem4f (.const:xdc_runtime_Error_E_memory__C)
                  00009d44    00000004     FinBit_tagOS_pem4f.oem4f (.const:xdc_runtime_Error_Module__diagsEnabled__C)
                  00009d48    00000004     FinBit_tagOS_pem4f.oem4f (.const:xdc_runtime_Error_Module__diagsIncluded__C)
                  00009d4c    00000004     FinBit_tagOS_pem4f.oem4f (.const:xdc_runtime_Error_Module__diagsMask__C)
                  00009d50    00000004     FinBit_tagOS_pem4f.oem4f (.const:xdc_runtime_Error_Module__loggerFxn8__C)
                  00009d54    00000004     FinBit_tagOS_pem4f.oem4f (.const:xdc_runtime_Error_Module__loggerObj__C)
                  00009d58    00000004     FinBit_tagOS_pem4f.oem4f (.const:xdc_runtime_Error_policyFxn__C)
                  00009d5c    00000004     FinBit_tagOS_pem4f.oem4f (.const:xdc_runtime_Error_raiseHook__C)
                  00009d60    00000004     FinBit_tagOS_pem4f.oem4f (.const:xdc_runtime_IGateProvider_Interface__BASE__C)
                  00009d64    00000004     FinBit_tagOS_pem4f.oem4f (.const:xdc_runtime_IHeap_Interface__BASE__C)
                  00009d68    00000004     FinBit_tagOS_pem4f.oem4f (.const:xdc_runtime_IModule_Interface__BASE__C)
                  00009d6c    00000004     FinBit_tagOS_pem4f.oem4f (.const:xdc_runtime_Log_L_error__C)
                  00009d70    00000004     FinBit_tagOS_pem4f.oem4f (.const:xdc_runtime_Memory_defaultHeapInstance__C)
                  00009d74    00000004     FinBit_tagOS_pem4f.oem4f (.const:xdc_runtime_Startup_execImpl__C)
                  00009d78    00000004     FinBit_tagOS_pem4f.oem4f (.const:xdc_runtime_Startup_maxPasses__C)
                  00009d7c    00000004     FinBit_tagOS_pem4f.oem4f (.const:xdc_runtime_Startup_sfxnRts__C)
                  00009d80    00000004     FinBit_tagOS_pem4f.oem4f (.const:xdc_runtime_Startup_sfxnTab__C)
                  00009d84    00000004     FinBit_tagOS_pem4f.oem4f (.const:xdc_runtime_SysMin_bufSize__C)
                  00009d88    00000004     FinBit_tagOS_pem4f.oem4f (.const:xdc_runtime_SysMin_outputFunc__C)
                  00009d8c    00000004     FinBit_tagOS_pem4f.oem4f (.const:xdc_runtime_System_Module__gateObj__C)
                  00009d90    00000004     FinBit_tagOS_pem4f.oem4f (.const:xdc_runtime_System_abortFxn__C)
                  00009d94    00000004     FinBit_tagOS_pem4f.oem4f (.const:xdc_runtime_System_exitFxn__C)
                  00009d98    00000004     FinBit_tagOS_pem4f.oem4f (.const:xdc_runtime_System_extendFxn__C)
                  00009d9c    00000004     FinBit_tagOS_pem4f.oem4f (.const:xdc_runtime_System_maxAtexitHandlers__C)
                  00009da0    00000004     FinBit_tagOS_pem4f.oem4f (.const:xdc_runtime_Text_charTab__C)
                  00009da4    00000004     FinBit_tagOS_pem4f.oem4f (.const:xdc_runtime_Text_nameEmpty__C)
                  00009da8    00000004     FinBit_tagOS_pem4f.oem4f (.const:xdc_runtime_Text_nameStatic__C)
                  00009dac    00000004     FinBit_tagOS_pem4f.oem4f (.const:xdc_runtime_Text_nameUnknown__C)
                  00009db0    00000004     FinBit_tagOS_pem4f.oem4f (.const:xdc_runtime_Text_nodeTab__C)
                  00009db4    00000004     FinBit_tagOS_pem4f.oem4f (.const:xdc_runtime_Text_visitRopeFxn__C)
                  00009db8    00000002     FinBit_tagOS_pem4f.oem4f (.const:ti_sysbios_family_arm_m3_Hwi_Module__id__C)
                  00009dba    00000002     FinBit_tagOS_pem4f.oem4f (.const:ti_sysbios_hal_Hwi_Module__id__C)
                  00009dbc    00000002     FinBit_tagOS_pem4f.oem4f (.const:ti_sysbios_heaps_HeapMem_Module__id__C)
                  00009dbe    00000002     FinBit_tagOS_pem4f.oem4f (.const:ti_sysbios_knl_Task_Module__id__C)
                  00009dc0    00000002     FinBit_tagOS_pem4f.oem4f (.const:xdc_runtime_Core_Module__id__C)
                  00009dc2    00000002     FinBit_tagOS_pem4f.oem4f (.const:xdc_runtime_Error_Module__loggerDefined__C)
                  00009dc4    00000002     FinBit_tagOS_pem4f.oem4f (.const:xdc_runtime_Error_maxDepth__C)
                  00009dc6    00000002     FinBit_tagOS_pem4f.oem4f (.const:xdc_runtime_Memory_Module__id__C)
                  00009dc8    00000002     FinBit_tagOS_pem4f.oem4f (.const:xdc_runtime_SysMin_flushAtExit__C)
                  00009dca    00000002     FinBit_tagOS_pem4f.oem4f (.const:xdc_runtime_Text_charCnt__C)
                  00009dcc    00000002     FinBit_tagOS_pem4f.oem4f (.const:xdc_runtime_Text_isLoaded__C)
                  00009dce    00000002     FinBit_tagOS_pem4f.oem4f (.const:xdc_runtime_Text_registryModsLastId__C)
                  00009dd0    00000002     FinBit_tagOS_pem4f.oem4f (.const:xdc_runtime_Text_unnamedModsLastId__C)

.cinit     0    00009dd8    00000270     
                  00009dd8    0000023b     (.cinit..data.load) [load image, compression = lzss]
                  0000a013    00000001     --HOLE-- [fill = 0]
                  0000a014    0000000c     (__TI_handler_table)
                  0000a020    00000008     (.cinit..bss.load) [load image, compression = zero_init]
                  0000a028    00000008     (.cinit..vecs.load) [load image, compression = zero_init]
                  0000a030    00000018     (__TI_cinit_table)

.resetVecs 
*          0    00000000    0000003c     
                  00000000    0000003c     FinBit_tagOS_pem4f.oem4f (.resetVecs)

.bss       0    20000140    00001ce8     UNINITIALIZED
                  20000140    00000800     (.common:ti_sysbios_heaps_HeapMem_Instance_State_0_buf__A)
                  20000940    00000400     (.common:xdc_runtime_SysMin_Module_State_0_outbuf__A)
                  20000d40    00000280     (.common:task0Stack)
                  20000fc0    00000280     (.common:task1Stack)
                  20001240    00000280     (.common:task2Stack)
                  200014c0    00000200     FinBit_tagOS_pem4f.oem4f (.bss:taskStackSection)
                  200016c0    00000184     (.common:sense)
                  20001844    00000140     (.common:ti_sysbios_family_arm_m3_Hwi_dispatchTable)
                  20001984    00000120     rtsv7M4_T_le_v4SPD16_eabi.lib : trgmsg.obj (.bss:_CIOBUF_)
                  20001aa4    00000090     (.common:i2cMSP432Objects)
                  20001b34    00000050     (.common:task0Struct)
                  20001b84    00000050     (.common:task1Struct)
                  20001bd4    00000050     (.common:task2Struct)
                  20001c24    00000004     (.common:__dso_handle)
                  20001c28    00000040     main.obj (.bss:cl0)
                  20001c68    00000040     main.obj (.bss:cl1)
                  20001ca8    00000040     main.obj (.bss:cl2)
                  20001ce8    00000040     main.obj (.bss:cl3)
                  20001d28    00000040     main.obj (.bss:cl4)
                  20001d68    00000030     drivers_MSP432P401R.aem4f : GPIOMSP432.oem4f (.bss:gpioCallbackInfo)
                  20001d98    00000024     (.common:clk0Struct)
                  20001dbc    00000024     (.common:clk1Struct)
                  20001de0    0000001c     (.common:sem0Struct)
                  20001dfc    0000001c     (.common:sem1Struct)
                  20001e18    00000008     rtsv7M4_T_le_v4SPD16_eabi.lib : trgdrv.obj (.bss:parmbuf)
                  20001e20    00000004     (.common:sem0Handle)
                  20001e24    00000004     (.common:sem1Handle)

.data      0    20001e28    00000519     UNINITIALIZED
                  20001e28    0000009c     drivers_MSP432P401R.aem4f : PowerMSP432.oem4f (.data:PowerMSP432_perfLevels)
                  20001ec4    00000080     FinBit_tagOS_pem4f.oem4f (.data:ti_sysbios_knl_Swi_Module_State_0_readyQ__A)
                  20001f44    00000080     FinBit_tagOS_pem4f.oem4f (.data:ti_sysbios_knl_Task_Module_State_0_readyQ__A)
                  20001fc4    0000004c     FinBit_tagOS_pem4f.oem4f (.data:ti_sysbios_family_arm_msp432_Timer_Object__table__V)
                  20002010    0000004c     FinBit_tagOS_pem4f.oem4f (.data:ti_sysbios_knl_Task_Object__table__V)
                  2000205c    00000044     FinBit_tagOS_pem4f.oem4f (.data:ti_sysbios_knl_Task_Module__state__V)
                  200020a0    00000038     FinBit_tagOS_pem4f.oem4f (.data:ti_sysbios_gates_GateMutex_Object__table__V)
                  200020d8    00000034     FinBit_tagOS_pem4f.oem4f (.data:ti_sysbios_family_arm_m3_Hwi_Module__state__V)
                  2000210c    00000030     msp432p4xx_driverlib.lib : gpio.o (.data:GPIO_PORT_TO_BASE)
                  2000213c    00000030     FinBit_tagOS_pem4f.oem4f (.data:ti_sysbios_knl_Swi_Object__table__V)
                  2000216c    0000002c     FinBit_tagOS_pem4f.oem4f (.data:ti_sysbios_knl_Clock_Module__state__V)
                  20002198    00000028     drivers_MSP432P401R.aem4f : PowerMSP432.oem4f (.data:PowerMSP432_module)
                  200021c0    00000024     FinBit_tagOS_pem4f.oem4f (.data:ti_sysbios_BIOS_Module__state__V)
                  200021e4    00000020     FinBit_tagOS_pem4f.oem4f (.data:ti_sysbios_family_arm_msp432_Timer_Module_State_0_device__A)
                  20002204    0000001c     MSP_EXP432P401R.obj (.data:gpioPinConfigs)
                  20002220    0000001c     FinBit_tagOS_pem4f.oem4f (.data:ti_sysbios_knl_Swi_Module__state__V)
                  2000223c    00000018     FinBit_tagOS_pem4f.oem4f (.data:ti_sysbios_family_arm_m3_Hwi_Object__table__V)
                  20002254    00000018     FinBit_tagOS_pem4f.oem4f (.data:ti_sysbios_heaps_HeapMem_Object__table__V)
                  2000226c    00000010     FinBit_tagOS_pem4f.oem4f (.data:ti_sysbios_family_arm_msp432_Timer_Module_State_0_handles__A)
                  2000227c    0000000c     rtsv7M4_T_le_v4SPD16_eabi.lib : exit.obj (.data:$O1$$)
                  20002288    0000000c     FinBit_tagOS_pem4f.oem4f (.data:ti_sysbios_family_arm_msp432_ClockFreqs_Module__state__V)
                  20002294    0000000c     FinBit_tagOS_pem4f.oem4f (.data:ti_sysbios_family_arm_msp432_Timer_Module__state__V)
                  200022a0    0000000c     FinBit_tagOS_pem4f.oem4f (.data:xdc_runtime_SysMin_Module__state__V)
                  200022ac    00000008     rtsv7M4_T_le_v4SPD16_eabi.lib : _lock.obj (.data:$O1$$)
                  200022b4    00000008     MSP_EXP432P401R.obj (.data:gpioCallbackFunctions)
                  200022bc    00000008     FinBit_tagOS_pem4f.oem4f (.data:ti_sysbios_family_arm_m3_Hwi_Module__root__V)
                  200022c4    00000008     FinBit_tagOS_pem4f.oem4f (.data:ti_sysbios_gates_GateHwi_Module__root__V)
                  200022cc    00000008     FinBit_tagOS_pem4f.oem4f (.data:ti_sysbios_gates_GateMutex_Module__root__V)
                  200022d4    00000008     FinBit_tagOS_pem4f.oem4f (.data:ti_sysbios_heaps_HeapMem_Module__root__V)
                  200022dc    00000008     FinBit_tagOS_pem4f.oem4f (.data:ti_sysbios_knl_Clock_Module__root__V)
                  200022e4    00000008     FinBit_tagOS_pem4f.oem4f (.data:ti_sysbios_knl_Queue_Module__root__V)
                  200022ec    00000008     FinBit_tagOS_pem4f.oem4f (.data:ti_sysbios_knl_Semaphore_Module__root__V)
                  200022f4    00000008     FinBit_tagOS_pem4f.oem4f (.data:ti_sysbios_knl_Task_Module__root__V)
                  200022fc    00000008     FinBit_tagOS_pem4f.oem4f (.data:xdc_runtime_Registry_Module__state__V)
                  20002304    00000008     FinBit_tagOS_pem4f.oem4f (.data:xdc_runtime_Startup_Module__state__V)
                  2000230c    00000008     FinBit_tagOS_pem4f.oem4f (.data:xdc_runtime_System_Module_State_0_atexitHandlers__A)
                  20002314    00000008     FinBit_tagOS_pem4f.oem4f (.data:xdc_runtime_System_Module__state__V)
                  2000231c    00000004     drivers_MSP432P401R.aem4f : I2C.oem4f (.data)
                  20002320    00000004     rtsv7M4_T_le_v4SPD16_eabi.lib : dtor_list.obj (.data)
                  20002324    00000004                                   : stkdepth_vars.obj (.data)
                  20002328    00000004     FinBit_tagOS_pem4f.oem4f (.data:ti_sysbios_family_arm_m3_Hwi_Module_State_0_excContext__A)
                  2000232c    00000004     FinBit_tagOS_pem4f.oem4f (.data:ti_sysbios_family_arm_m3_Hwi_Module_State_0_excStack__A)
                  20002330    00000004     FinBit_tagOS_pem4f.oem4f (.data:ti_sysbios_gates_GateHwi_Object__table__V)
                  20002334    00000004     FinBit_tagOS_pem4f.oem4f (.data:ti_sysbios_knl_Task_Module_State_0_idleTask__A)
                  20002338    00000004     FinBit_tagOS_pem4f.oem4f (.data:xdc_runtime_Memory_Module__state__V)
                  2000233c    00000002     FinBit_tagOS_pem4f.oem4f (.data:ti_sysbios_family_arm_m3_Hwi_Module_State_0_excActive__A)
                  2000233e    00000002     FinBit_tagOS_pem4f.oem4f (.data:xdc_runtime_Error_Module__state__V)
                  20002340    00000001     drivers_MSP432P401R.aem4f : GPIOMSP432.oem4f (.data)

.stack     0    2000fd00    00000300     UNINITIALIZED
                  2000fd00    00000300     --HOLE--

.bootVecs 
*          0    00000000    00000008     DSECT
                  00000000    00000008     boot.aem4f : boot.oem4f (.bootVecs)

.vecs      0    20000000    00000140     UNINITIALIZED
                  20000000    00000140     FinBit_tagOS_pem4f.oem4f (.vecs)

xdc.meta   0    00000000    000000f9     COPY SECTION
                  00000000    000000f9     FinBit_tagOS_pem4f.oem4f (xdc.meta)

.binit     0    00000000    00000000     

.init_array 
*          0    0000003c    00000004     
                  0000003c    00000004     main.obj (.init_array)

MODULE SUMMARY

       Module                     code    ro data   rw data
       ------                     ----    -------   -------
    ./
       main.obj                   2326    4         2616   
       MAX30105.obj               3062    0         388    
       system_clock.obj           1234    0         0      
       MSP_EXP432P401R.obj        44      104       180    
       i2c_helper.obj             248     0         0      
    +--+--------------------------+-------+---------+---------+
       Total:                     6914    108       3184   
                                                           
    /Users/dave/Documents/GitHub/FinBit_MSP432/FinBit_tagOS/Debug/configPkg/package/cfg/
       FinBit_tagOS_pem4f.oem4f   2002    7550      5216   
    +--+--------------------------+-------+---------+---------+
       Total:                     2002    7550      5216   
                                                           
    /Applications/ti/ccsv7/tools/compiler/ti-cgt-arm_16.9.1.LTS/lib/rtsv7M4_T_le_v4SPD16_eabi.lib
       trgdrv.obj                 804     0         8      
       fd_add_t2.obj              438     0         0      
       trgmsg.obj                 104     0         288    
       fd_cmp_t2.obj              268     0         0      
       dtor_list.obj              244     0         8      
       fd_mul_t2.obj              252     0         0      
       memcpy_t2.obj              156     0         0      
       memset_t2.obj              122     0         0      
       fd_tos_t2.obj              110     0         0      
       copy_decompress_lzss.obj   104     0         0      
       exit.obj                   84      0         12     
       cpy_tbl.obj                76      0         0      
       fd_toi_t2.obj              72      0         0      
       fd_tou_t2.obj              68      0         0      
       u_divt2.obj                64      0         0      
       fs_tod_t2.obj              56      0         0      
       i_tofd_t2.obj              46      0         0      
       _lock.obj                  20      0         8      
       args_main.obj              24      0         0      
       strcpy.obj                 20      0         0      
       strlen.obj                 20      0         0      
       copy_decompress_none.obj   14      0         0      
       copy_zero_init.obj         12      0         0      
       stkdepth_vars.obj          0       0         4      
       i_div0.obj                 2       0         0      
    +--+--------------------------+-------+---------+---------+
       Total:                     3180    0         328    
                                                           
    /Users/dave/Documents/GitHub/FinBit_MSP432/FinBit_tagOS/src/sysbios/sysbios.aem4f
       BIOS.obj                   8970    0         0      
       m3_Hwi_asm.obj             306     0         0      
       m3_TaskSupport_asm.obj     180     0         0      
       m3_Hwi_asm_switch.obj      118     0         0      
    +--+--------------------------+-------+---------+---------+
       Total:                     9574    0         0      
                                                           
    /Users/dave/ti/tirtos_msp43x_2_20_00_06/products/bios_6_46_00_23/packages/ti/targets/arm/rtsarm/lib/auto_init.aem4f
       auto_init.oem4f            160     0         0      
    +--+--------------------------+-------+---------+---------+
       Total:                     160     0         0      
                                                           
    /Users/dave/ti/tirtos_msp43x_2_20_00_06/products/bios_6_46_00_23/packages/ti/targets/arm/rtsarm/lib/boot.aem4f
       boot.oem4f                 88      0         0      
    +--+--------------------------+-------+---------+---------+
       Total:                     88      0         0      
[...]
00007d91  ti_sysbios_knl_Idle_loop__E                                 
00007da1  ti_sysbios_knl_Queue_empty__E                               
00007daf  ti_sysbios_family_arm_msp432_init_Boot_init__I              
00007daf  xdc_runtime_Startup_reset__I                                
00007dbb  CPU_cpsid                                                   
00007dc7  CPU_cpsie                                                   
00007dd3  I2C_disableModule                                           
00007ddf  I2C_enableModule                                            
00007ded  PCM_getPowerState                                           
00007df9  Power_getConstraintMask                                     
00007e05  Power_getPerformanceLevel                                   
00007e11  _ZN5ClockD1Ev                                               
00007e11  _ZN5ClockD2Ev                                               
00007e1d  _ZN8MAX30105C1Ev                                            
00007e1d  _ZN8MAX30105C2Ev                                            
00007e29  __TI_zero_init                                              
00007e35  ti_sysbios_family_arm_m3_Hwi_Params__init__S                
00007e35  ti_sysbios_hal_Hwi_HwiProxy_Params__init__S                 
00007e41  ti_sysbios_family_arm_m3_Hwi_disableFxn__E                  
00007e41  ti_sysbios_hal_Hwi_HwiProxy_disable__E                      
00007e51  ti_sysbios_family_arm_m3_TaskSupport_checkStack__E          
00007e51  ti_sysbios_knl_Task_SupportProxy_checkStack__E              
00007e61  ti_sysbios_family_arm_m3_TaskSupport_getStackAlignment__E   
00007e61  ti_sysbios_knl_Task_SupportProxy_getStackAlignment__E       
00007e71  ti_sysbios_family_arm_msp432_Timer_getMaxTicks__E           
00007e81  ti_sysbios_gates_GateHwi_enter__E                           
00007e8d  ti_sysbios_knl_Clock_Params__init__S                        
00007e99  ti_sysbios_knl_Queue_Object__get__S                         
00007ea5  ti_sysbios_knl_Semaphore_Params__init__S                    
00007eb1  ti_sysbios_knl_Task_Params__init__S                         
00007ebd  xdc_runtime_Error_init__E                                   
00007ec9  xdc_runtime_Gate_enterSystem__E                             
00007ed5  xdc_runtime_Memory_calloc__E                                
00007ee1  xdc_runtime_Memory_getMaxDefaultTypeAlign__E                
00007eed  xdc_runtime_Startup_rtsDone__E                              
00007ef9  I2CMSP432_init                                              
00007f03  I2C_close                                                   
00007f0d  I2C_transfer                                                
00007f17  SemaphoreP_post                                             
00007f17  SemaphoreP_postFromClock                                    
00007f17  SemaphoreP_postFromISR                                      
00007f21  xdc_runtime_Memory_HeapProxy_alloc__E                       
00007f2b  xdc_runtime_Memory_HeapProxy_free__E                        
00007f35  I2C_enableInterrupt                                         
00007f3d  MSP_EXP432P401R_initGPIO                                    
00007f45  MSP_EXP432P401R_initGeneral                                 
00007f4d  PCM_setPowerMode                                            
00007f55  PCM_setPowerState                                           
00007f5d  SemaphoreP_Params_init                                      
00007f71  ti_sysbios_family_arm_m3_Hwi_doSwiRestore__I                
00007f79  ti_sysbios_family_arm_m3_Hwi_startup__E                     
00007f79  ti_sysbios_hal_Hwi_HwiProxy_startup__E                      
00007f81  I2C_masterReceiveMultiByteNext                              
00007f89  ti_sysbios_family_arm_m3_Hwi_doTaskRestore__I               
00007f91  HwiP_restore                                                
00007f91  ti_sysbios_family_arm_m3_Hwi_restoreFxn__E                  
00007f91  ti_sysbios_hal_Hwi_HwiProxy_restore__E                      
00007f99  ti_sysbios_gates_GateHwi_leave__E                           
00007fa1  ti_sysbios_heaps_HeapMem_isBlocking__E                      
00007fa9  ti_sysbios_knl_Queue_Instance_init__E                       
00007fb1  ti_sysbios_knl_Swi_startup__E                               
00007fb7  xdc_runtime_System_Module_startup__E                        
00007fc1  ti_sysbios_gates_GateHwi_query__E                           
00007fc1  xdc_runtime_Main_Module_GateProxy_query__E                  
00007fc1  xdc_runtime_System_Module_GateProxy_query__E                
00007fc9  ti_sysbios_BIOS_RtsGateProxy_query__E                       
00007fc9  ti_sysbios_gates_GateMutex_query__E                         
00007fc9  ti_sysbios_heaps_HeapMem_Module_GateProxy_query__E          
00007fd1  ti_sysbios_knl_Task_startup__E                              
00007fd9  ti_sysbios_BIOS_linkedWithIncorrectBootLibrary__E           
00007fe1  ti_sysbios_gates_GateHwi_Instance_init__E                   
00007fe9  ti_sysbios_knl_Clock_logTick__E                             
00007fec  xdc_runtime_Text_charTab__A                                 
00009807  xdc_runtime_Error_policy__C                                 
00009808  xdc_runtime_Text_nodeTab__A                                 
00009900  ti_sysbios_knl_Task_Object__PARAMS__C                       
0000993c  ti_sysbios_family_arm_m3_Hwi_Object__PARAMS__C              
0000996c  ti_sysbios_heaps_HeapMem_Module__FXNS__C                    
00009994  I2C_config                                                  
000099b8  ti_sysbios_gates_GateHwi_Module__FXNS__C                    
000099dc  ti_sysbios_gates_GateMutex_Module__FXNS__C                  
00009a00  ti_sysbios_heaps_HeapMem_Object__PARAMS__C                  
00009a24  ti_sysbios_knl_Clock_Object__PARAMS__C                      
00009a48  ti_sysbios_knl_Semaphore_Object__PARAMS__C                  
00009a6c  I2CMSP432_fxnTable                                          
00009a8c  i2cMSP432HWAttrs                                            
00009aac  ti_sysbios_family_arm_m3_Hwi_Object__DESC__C                
00009acc  ti_sysbios_gates_GateHwi_Object__DESC__C                    
00009aec  ti_sysbios_gates_GateMutex_Object__DESC__C                  
00009b0c  ti_sysbios_heaps_HeapMem_Object__DESC__C                    
00009b2c  ti_sysbios_knl_Clock_Object__DESC__C                        
00009b4c  ti_sysbios_knl_Queue_Object__DESC__C                        
00009b6c  ti_sysbios_knl_Semaphore_Object__DESC__C                    
00009b8c  ti_sysbios_knl_Task_Object__DESC__C                         
00009bac  xdc_runtime_Startup_sfxnTab__A                              
00009bcc  ti_sysbios_gates_GateHwi_Object__PARAMS__C                  
00009be4  ti_sysbios_gates_GateMutex_Object__PARAMS__C                
00009bfc  ti_sysbios_knl_Queue_Object__PARAMS__C                      
00009c14  GPIOMSP432_config                                           
00009c28  PowerMSP432_config                                          
00009c38  I2C_defaultParams                                           
00009c48  xdc_runtime_Startup_sfxnRts__A                              
00009c64  xdc_runtime_Startup_firstFxns__A                            
00009c70  ti_sysbios_family_arm_m3_Hwi_excHookFuncs__A                
00009c78  ti_sysbios_knl_Idle_funcList__A                             
00009c80  ti_sysbios_knl_Idle_funcList__C                             
00009c88  xdc_runtime_Startup_firstFxns__C                            
00009c90  xdc_runtime_Startup_lastFxns__C                             
00009c98  ti_sysbios_family_arm_m3_Hwi_E_NMI__C                       
00009c9c  ti_sysbios_family_arm_m3_Hwi_E_alreadyDefined__C            
00009ca0  ti_sysbios_family_arm_m3_Hwi_E_busFault__C                  
00009ca4  ti_sysbios_family_arm_m3_Hwi_E_debugMon__C                  
00009ca8  ti_sysbios_family_arm_m3_Hwi_E_hardFault__C                 
00009cac  ti_sysbios_family_arm_m3_Hwi_E_memFault__C                  
00009cb0  ti_sysbios_family_arm_m3_Hwi_E_noIsr__C                     
00009cb4  ti_sysbios_family_arm_m3_Hwi_E_reserved__C                  
00009cb8  ti_sysbios_family_arm_m3_Hwi_E_svCall__C                    
00009cbc  ti_sysbios_family_arm_m3_Hwi_E_usageFault__C                
00009cc0  ti_sysbios_family_arm_m3_Hwi_NUM_INTERRUPTS__C              
00009cc4  ti_sysbios_family_arm_m3_Hwi_Object__count__C               
00009cc8  ti_sysbios_family_arm_m3_Hwi_ccr__C                         
00009ccc  ti_sysbios_family_arm_m3_Hwi_excHandlerFunc__C              
00009cd0  ti_sysbios_family_arm_m3_Hwi_excHookFuncs__C                
00009cd4  ti_sysbios_family_arm_m3_Hwi_nullIsrFunc__C                 
00009cd8  ti_sysbios_family_arm_m3_Hwi_priGroup__C                    
00009cdc  ti_sysbios_family_arm_m3_TaskSupport_stackAlignment__C      
00009ce0  ti_sysbios_family_arm_msp432_Timer_numTimerDevices__C       
00009ce4  ti_sysbios_family_arm_msp432_Timer_startupNeeded__C         
00009ce8  ti_sysbios_gates_GateMutex_Instance_State_sem__O            
00009cec  ti_sysbios_hal_Hwi_E_stackOverflow__C                       
00009cf0  ti_sysbios_heaps_HeapMem_E_memory__C                        
00009cf4  ti_sysbios_heaps_HeapMem_Module__gateObj__C                 
00009cf8  ti_sysbios_heaps_HeapMem_Object__count__C                   
00009cfc  ti_sysbios_heaps_HeapMem_reqAlign__C                        
00009d00  ti_sysbios_knl_Clock_Module_State_clockQ__O                 
00009d04  ti_sysbios_knl_Semaphore_Instance_State_pendQ__O            
00009d08  ti_sysbios_knl_Swi_Object__count__C                         
00009d0c  ti_sysbios_knl_Task_E_spOutOfBounds__C                      
00009d10  ti_sysbios_knl_Task_E_stackOverflow__C                      
00009d14  ti_sysbios_knl_Task_Module_State_inactiveQ__O               
00009d18  ti_sysbios_knl_Task_Object__count__C                        
00009d1c  ti_sysbios_knl_Task_allBlockedFunc__C                       
00009d20  ti_sysbios_knl_Task_defaultStackHeap__C                     
00009d24  ti_sysbios_knl_Task_defaultStackSize__C                     
00009d28  ti_sysbios_knl_Task_numConstructedTasks__C                  
00009d2c  xdc_runtime_Assert_E_assertFailed__C                        
00009d30  xdc_runtime_Core_A_initializedParams__C                     
00009d34  xdc_runtime_Core_Module__diagsEnabled__C                    
00009d38  xdc_runtime_Core_Module__diagsIncluded__C                   
00009d3c  xdc_runtime_Core_Module__diagsMask__C                       
00009d40  xdc_runtime_Error_E_memory__C                               
00009d44  xdc_runtime_Error_Module__diagsEnabled__C                   
00009d48  xdc_runtime_Error_Module__diagsIncluded__C                  
00009d4c  xdc_runtime_Error_Module__diagsMask__C                      
00009d50  xdc_runtime_Error_Module__loggerFxn8__C                     
00009d54  xdc_runtime_Error_Module__loggerObj__C                      
00009d58  xdc_runtime_Error_policyFxn__C                              
00009d5c  xdc_runtime_Error_raiseHook__C                              
00009d60  xdc_runtime_IGateProvider_Interface__BASE__C                
00009d64  xdc_runtime_IHeap_Interface__BASE__C                        
00009d68  xdc_runtime_IModule_Interface__BASE__C                      
00009d6c  xdc_runtime_Log_L_error__C                                  
00009d70  xdc_runtime_Memory_defaultHeapInstance__C                   
00009d74  xdc_runtime_Startup_execImpl__C                             
00009d78  xdc_runtime_Startup_maxPasses__C                            
00009d7c  xdc_runtime_Startup_sfxnRts__C                              
00009d80  xdc_runtime_Startup_sfxnTab__C                              
00009d84  xdc_runtime_SysMin_bufSize__C                               
00009d88  xdc_runtime_SysMin_outputFunc__C                            
00009d8c  xdc_runtime_System_Module__gateObj__C                       
00009d90  xdc_runtime_System_abortFxn__C                              
00009d94  xdc_runtime_System_exitFxn__C                               
00009d98  xdc_runtime_System_extendFxn__C                             
00009d9c  xdc_runtime_System_maxAtexitHandlers__C                     
00009da0  xdc_runtime_Text_charTab__C                                 
00009da4  xdc_runtime_Text_nameEmpty__C                               
00009da8  xdc_runtime_Text_nameStatic__C                              
00009dac  xdc_runtime_Text_nameUnknown__C                             
00009db0  xdc_runtime_Text_nodeTab__C                                 
00009db4  xdc_runtime_Text_visitRopeFxn__C                            
00009db8  ti_sysbios_family_arm_m3_Hwi_Module__id__C                  
00009dba  ti_sysbios_hal_Hwi_Module__id__C                            
00009dbc  ti_sysbios_heaps_HeapMem_Module__id__C                      
00009dbe  ti_sysbios_knl_Task_Module__id__C                           
00009dc0  xdc_runtime_Core_Module__id__C                              
00009dc2  xdc_runtime_Error_Module__loggerDefined__C                  
00009dc4  xdc_runtime_Error_maxDepth__C                               
00009dc6  xdc_runtime_Memory_Module__id__C                            
00009dc8  xdc_runtime_SysMin_flushAtExit__C                           
00009dca  xdc_runtime_Text_charCnt__C                                 
00009dcc  xdc_runtime_Text_isLoaded__C                                
00009dce  xdc_runtime_Text_registryModsLastId__C                      
00009dd0  xdc_runtime_Text_unnamedModsLastId__C                       
00009dd8  __TI_static_base__                                          
0000a014  __TI_Handler_Table_Base                                     
0000a020  __TI_Handler_Table_Limit                                    
0000a030  __TI_CINIT_Base                                             
0000a048  __TI_CINIT_Limit                                            
20000000  ti_sysbios_family_arm_m3_Hwi_ramVectors                     
20000140  ti_sysbios_heaps_HeapMem_Instance_State_0_buf__A            
20000940  xdc_runtime_SysMin_Module_State_0_outbuf__A                 
20000d40  task0Stack                                                  
20000fc0  task1Stack                                                  
20001240  task2Stack                                                  
200014c0  ti_sysbios_knl_Task_Instance_State_0_stack__A               
200016c0  sense                                                       
20001844  ti_sysbios_family_arm_m3_Hwi_dispatchTable                  
20001984  __CIOBUF_                                                   
20001aa4  i2cMSP432Objects                                            
20001b34  task0Struct                                                 
20001b84  task1Struct                                                 
20001bd4  task2Struct                                                 
20001c24  __dso_handle                                                
20001c28  cl0                                                         
20001c68  cl1                                                         
20001ca8  cl2                                                         
20001ce8  cl3                                                         
20001d28  cl4                                                         
20001d98  clk0Struct                                                  
20001dbc  clk1Struct                                                  
20001de0  sem0Struct                                                  
20001dfc  sem1Struct                                                  
20001e20  sem0Handle                                                  
20001e24  sem1Handle                                                  
20001e28  PowerMSP432_perfLevels                                      
20001ec4  ti_sysbios_knl_Swi_Module_State_0_readyQ__A                 
20001f44  ti_sysbios_knl_Task_Module_State_0_readyQ__A                
20001fc4  ti_sysbios_family_arm_msp432_Timer_Object__table__V         
20002010  ti_sysbios_knl_Task_Object__table__V                        
2000205c  ti_sysbios_knl_Task_Module__state__V                        
200020a0  ti_sysbios_gates_GateMutex_Object__table__V                 
200020d8  ti_sysbios_family_arm_m3_Hwi_Module__state__V               
2000213c  ti_sysbios_knl_Swi_Object__table__V                         
2000216c  ti_sysbios_knl_Clock_Module__state__V                       
20002198  PowerMSP432_module                                          
200021c0  ti_sysbios_BIOS_Module__state__V                            
200021e4  ti_sysbios_family_arm_msp432_Timer_Module_State_0_device__A 
20002204  gpioPinConfigs                                              
20002220  ti_sysbios_knl_Swi_Module__state__V                         
2000223c  ti_sysbios_family_arm_m3_Hwi_Object__table__V               
20002254  ti_sysbios_heaps_HeapMem_Object__table__V                   
2000226c  ti_sysbios_family_arm_msp432_Timer_Module_State_0_handles__A
2000227c  __TI_cleanup_ptr                                            
20002280  __TI_dtors_ptr                                              
20002284  __TI_enable_exit_profile_output                             
20002288  ti_sysbios_family_arm_msp432_ClockFreqs_Module__state__V    
20002294  ti_sysbios_family_arm_msp432_Timer_Module__state__V         
200022a0  xdc_runtime_SysMin_Module__state__V                         
200022ac  _lock                                                       
200022b0  _unlock                                                     
200022b4  gpioCallbackFunctions                                       
200022bc  ti_sysbios_family_arm_m3_Hwi_Module__root__V                
200022c4  ti_sysbios_gates_GateHwi_Module__root__V                    
200022cc  ti_sysbios_gates_GateMutex_Module__root__V                  
200022d4  ti_sysbios_heaps_HeapMem_Module__root__V                    
200022dc  ti_sysbios_knl_Clock_Module__root__V                        
200022e4  ti_sysbios_knl_Queue_Module__root__V                        
200022ec  ti_sysbios_knl_Semaphore_Module__root__V                    
200022f4  ti_sysbios_knl_Task_Module__root__V                         
200022fc  xdc_runtime_Registry_Module__state__V                       
20002304  xdc_runtime_Startup_Module__state__V                        
2000230c  xdc_runtime_System_Module_State_0_atexitHandlers__A         
20002314  xdc_runtime_System_Module__state__V                         
20002324  main_func_sp                                                
20002328  ti_sysbios_family_arm_m3_Hwi_Module_State_0_excContext__A   
2000232c  ti_sysbios_family_arm_m3_Hwi_Module_State_0_excStack__A     
20002330  ti_sysbios_gates_GateHwi_Object__table__V                   
20002334  ti_sysbios_knl_Task_Module_State_0_idleTask__A              
20002338  xdc_runtime_Memory_Module__state__V                         
2000233c  ti_sysbios_family_arm_m3_Hwi_Module_State_0_excActive__A    
2000233e  xdc_runtime_Error_Module__state__V                          
2000fd00  __stack                                                     
20010000  __STACK_END                                                 
4000480c  WDTCTL_SYM                                                  
e000e000  ti_sysbios_family_arm_m3_Hwi_nvic                           
ffffffff  __TI_pprof_out_hndl                                         
ffffffff  __TI_prof_data_size                                         
ffffffff  __TI_prof_data_start                                        
ffffffff  __binit__                                                   
ffffffff  __c_args__                                                  
ffffffff  binit                                                       

[718 symbols]
