******************************************************************************
                  TI ARM Linker Unix v16.9.1                   
******************************************************************************
>> Linked Fri Jul  7 11:32:42 2017

OUTPUT FILE NAME:   <i2c_FinBit_Dev.out>
ENTRY POINT SYMBOL: "_c_int00"  address: 00005191


MEMORY CONFIGURATION

         name            origin    length      used     unused   attr    fill
----------------------  --------  ---------  --------  --------  ----  --------
  MAIN                  00000000   00040000  00009bc0  00036440  R  X
  INFO                  00200000   00004000  00000000  00004000  R  X
  SRAM_CODE             01000000   00010000  00000000  00010000  RW X
  SRAM_DATA             20000000   00010000  000024f1  0000db0f  RW  


SEGMENT ALLOCATION MAP

run origin  load origin   length   init length attrs members
----------  ----------- ---------- ----------- ----- -------
00000000    00000000    00009bc8   00009bc8    r-x
  00000000    00000000    0000003c   0000003c    r-- .resetVecs
  0000003c    0000003c    00000004   00000004    r-- .init_array
  00000040    00000040    00007b32   00007b32    r-x .text
  00007b74    00007b74    00001de6   00001de6    r-- .const
  00009960    00009960    00000268   00000268    r-- .cinit
20000000    20000000    000021f1   00000000    rw-
  20000000    20000000    00000140   00000000    rw- .vecs
  20000140    20000140    00001b98   00000000    rw- .bss
  20001cd8    20001cd8    00000519   00000000    rw- .data
2000fd00    2000fd00    00000300   00000000    rw-
  2000fd00    2000fd00    00000300   00000000    rw- .stack


SECTION ALLOCATION MAP

 output                                  attributes/
section   page    origin      length       input sections
--------  ----  ----------  ----------   ----------------
.text      0    00000040    00007b32     
                  00000040    00000430     sysbios.aem4f : BIOS.obj (.text:ti_sysbios_family_arm_m3_Hwi_excDumpRegs__I)
                  00000470    0000034c     ti.targets.arm.rtsarm.aem4f : System.oem4f (.text:xdc_runtime_System_doPrint__I)
                  000007bc    00000324     rtsv7M4_T_le_v4SPD16_eabi.lib : trgdrv.obj (.text)
                  00000ae0    000002a0     MAX30105.obj (.text:_ZN8MAX3010512readFIFODATAEP10I2C_Confighh)
                  00000d80    0000029c     MAX30105.obj (.text:_ZN8MAX301055setupEP10I2C_Confighhhttt)
                  0000101c    00000280     main.obj (.text:_Z7taskFxnjj)
                  0000129c    00000264     drivers_MSP432P401R.aem4f : PowerMSP432.oem4f (.text:Power_sleep)
                  00001500    000001cc     main.obj (.text:main)
                  000016cc    000001b6     rtsv7M4_T_le_v4SPD16_eabi.lib : fd_add_t2.obj (.text)
                  00001882    00000002     power_tirtos_MSP432P401R.aem4f : PowerMSP432_tirtos.oem4f (.text:PowerMSP432_initPolicy)
                  00001884    000001a4     i2c_FinBit_Dev_pem4f.oem4f (.text:xdc_runtime_System_printfExtend__I)
                  00001a28    000001a0     msp432p4xx_driverlib.lib : pcm.o (.text:__PCM_setPowerStateAdvanced)
                  00001bc8    00000178     drivers_MSP432P401R.aem4f : I2CMSP432.oem4f (.text:I2CMSP432_open)
                  00001d40    00000174     sysbios.aem4f : BIOS.obj (.text:ti_sysbios_family_arm_m3_Hwi_excBusFault__I)
                  00001eb4    00000004     msp432p4xx_driverlib.lib : cpu.o (.text:CPU_wfi)
                  00001eb8    00000164     sysbios.aem4f : BIOS.obj (.text:ti_sysbios_family_arm_m3_Hwi_excUsageFault__I)
                  0000201c    00000004     tirtosport.aem4f : HwiP_tirtos.oem4f (.text:HwiP_disable)
                  00002020    00000148     sysbios.aem4f : BIOS.obj (.text:ti_sysbios_family_arm_m3_Hwi_excMemFault__I)
                  00002168    00000140     drivers_MSP432P401R.aem4f : GPIOMSP432.oem4f (.text:GPIO_setConfig)
                  000022a8    00000138     sysbios.aem4f : BIOS.obj (.text:ti_sysbios_knl_Semaphore_pend__E)
                  000023e0    0000012e     system_clock.obj (.text:_ZN5Clock6setDayEv)
                  0000250e    00000002     rtsv7M4_T_le_v4SPD16_eabi.lib : i_div0.obj (.text)
                  00002510    00000120     MAX30105.obj (.text:_ZN8MAX301055checkEP10I2C_Config)
                  00002630    00000118     drivers_MSP432P401R.aem4f : I2CMSP432.oem4f (.text:I2CMSP432_hwiIntFxn)
                  00002748    00000118     ti.targets.arm.rtsarm.aem4f : Error.oem4f (.text:xdc_runtime_Error_policyDefault__E)
                  00002860    0000010c     sysbios.aem4f : BIOS.obj (.text:ti_sysbios_family_arm_m3_Hwi_excFillContext__I)
                  0000296c    00000004     msp432p4xx_driverlib.lib : i2c.o (.text:I2C_setSlaveAddress)
                  00002970    0000010c     sysbios.aem4f : BIOS.obj (.text:ti_sysbios_family_arm_m3_Hwi_excHandlerMax__I)
                  00002a7c    00000100     ti.targets.arm.rtsarm.aem4f : Core-mem.oem4f (.text:xdc_runtime_Core_createObject__I)
                  00002b7c    000000fc     rtsv7M4_T_le_v4SPD16_eabi.lib : fd_mul_t2.obj (.text)
                  00002c78    000000f8     ti.targets.arm.rtsarm.aem4f : Startup.oem4f (.text:xdc_runtime_Startup_startMods__I)
                  00002d70    000000f4     rtsv7M4_T_le_v4SPD16_eabi.lib : dtor_list.obj (.text)
                  00002e64    000000f0     drivers_MSP432P401R.aem4f : PowerMSP432.oem4f (.text:initPerfControl)
                  00002f54    000000ec     sysbios.aem4f : m3_Hwi_asm.obj (.text:ti_sysbios_family_arm_m3_Hwi_dispatch__I)
                  00003040    000000e0     msp432p4xx_driverlib.lib : cs.o (.text:CS_initClockSignal)
                  00003120    000000dc                              : pcm.o (.text:__PCM_setPowerModeAdvanced)
                  000031fc    00000004     drivers_MSP432P401R.aem4f : List.oem4f (.text:List_head)
                  00003200    000000cc     sysbios.aem4f : BIOS.obj (.text:ti_sysbios_heaps_HeapMem_alloc__E)
                  000032cc    00000004     drivers_MSP432P401R.aem4f : List.oem4f (.text:List_next)
                  000032d0    000000cc     sysbios.aem4f : BIOS.obj (.text:ti_sysbios_knl_Task_Instance_init__E)
                  0000339c    000000cc     ti.targets.arm.rtsarm.aem4f : Core-smem.oem4f (.text:xdc_runtime_Core_constructObject__I)
                  00003468    000000c8     sysbios.aem4f : BIOS.obj (.text:ti_sysbios_knl_Task_sleep__E)
                  00003530    000000bc                   : BIOS.obj (.text:ti_sysbios_family_arm_m3_Hwi_excDebugMon__I)
                  000035ec    00000004     drivers_MSP432P401R.aem4f : PowerMSP432.oem4f (.text:PowerMSP432_getNumPerfLevels)
                  000035f0    000000bc     sysbios.aem4f : BIOS.obj (.text:ti_sysbios_family_arm_m3_Hwi_excHardFault__I)
                  000036ac    00000004     i2c_FinBit_Dev_pem4f.oem4f (.text:ti_sysbios_BIOS_RtsGateProxy_enter__E)
                  000036b0    000000bc     sysbios.aem4f : BIOS.obj (.text:ti_sysbios_knl_Task_Instance_finalize__E)
                  0000376c    00000004     i2c_FinBit_Dev_pem4f.oem4f (.text:ti_sysbios_BIOS_RtsGateProxy_leave__E)
                  00003770    000000b4     sysbios.aem4f : BIOS.obj (.text:ti_sysbios_knl_Task_checkStacks__E)
                  00003824    000000b0     msp432p4xx_driverlib.lib : pcm.o (.text:__PCM_setCoreVoltageLevelAdvanced)
                  000038d4    000000ac     system_clock.obj (.text:_ZN5Clock4tickEv)
                  00003980    000000a8     sysbios.aem4f : BIOS.obj (.text:ti_sysbios_family_arm_msp432_Timer_periodicStub__E)
                  00003a28    000000a0     auto_init.aem4f : auto_init.oem4f (.text)
                  00003ac8    000000a0     ti.targets.arm.rtsarm.aem4f : Text.oem4f (.text:xdc_runtime_Text_putMod__E)
                  00003b68    0000009e     system_clock.obj (.text:_Z14clockTerminatej)
                  00003c06    0000009c     rtsv7M4_T_le_v4SPD16_eabi.lib : memcpy_t2.obj (.text)
                  00003ca2    00000006     drivers_MSP432P401R.aem4f : I2CMSP432.oem4f (.text:I2CMSP432_control)
                  00003ca8    0000009c     sysbios.aem4f : BIOS.obj (.text:ti_sysbios_knl_Task_postInit__I)
                  00003d44    0000009a     ti.targets.arm.rtsarm.aem4f : Text.oem4f (.text:xdc_runtime_Text_putSite__E)
                  00003dde    00000002     i2c_FinBit_Dev_pem4f.oem4f (.text:ti_sysbios_BIOS_nullFunc__I)
                  00003de0    00000094     sysbios.aem4f : BIOS.obj (.text:ti_sysbios_family_arm_m3_Hwi_Instance_init__E)
                  00003e74    00000004     i2c_FinBit_Dev_pem4f.oem4f (.text:ti_sysbios_family_arm_m3_Hwi_destruct)
                  00003e78    00000094     sysbios.aem4f : BIOS.obj (.text:ti_sysbios_family_arm_m3_Hwi_initNVIC__E)
                  00003f0c    00000092     drivers_MSP432P401R.aem4f : I2CMSP432.oem4f (.text:I2CMSP432_cancel)
                  00003f9e    0000008c                               : I2CMSP432.oem4f (.text:I2CMSP432_transfer)
                  0000402a    00000002     --HOLE-- [fill = 0]
                  0000402c    0000008c     sysbios.aem4f : m3_TaskSupport_asm.obj (.text:ti_sysbios_family_arm_m3_TaskSupport_buildTaskStack)
                  000040b8    00000086     MAX30105.obj (.text:_ZN8MAX3010510enableSlotEP10I2C_Confighh)
                  0000413e    00000086     rtsv7M4_T_le_v4SPD16_eabi.lib : fd_cmp_t2.obj (.text:__aeabi_cdcmple)
                  000041c4    00000086                                   : fd_cmp_t2.obj (.text:__aeabi_cdrcmple)
                  0000424a    00000002     --HOLE-- [fill = 0]
                  0000424c    00000084     system_clock.obj (.text:_Z9clockTaskj)
                  000042d0    00000084     sysbios.aem4f : BIOS.obj (.text:ti_sysbios_family_arm_m3_Hwi_postInit__I)
                  00004354    00000083     MAX30105.obj (.text:_ZN8MAX3010514writeRegister8EP10I2C_Confighh)
                  000043d7    00000001     --HOLE-- [fill = 0]
                  000043d8    00000080     MAX30105.obj (.text:_ZN8MAX3010515readTemperatureEP10I2C_Config)
                  00004458    0000007c     msp432p4xx_driverlib.lib : pcm.o (.text:PCM_gotoLPM3)
                  000044d4    0000007c     main.obj (.text:__sti___8_main_cpp_cl0)
                  00004550    0000007c     sysbios.aem4f : BIOS.obj (.text:ti_sysbios_heaps_HeapMem_free__E)
                  000045cc    0000007a     rtsv7M4_T_le_v4SPD16_eabi.lib : memset_t2.obj (.text)
                  00004646    00000002     --HOLE-- [fill = 0]
                  00004648    00000079     MAX30105.obj (.text:_ZN8MAX301055beginEP10I2C_Config)
                  000046c1    00000001     --HOLE-- [fill = 0]
                  000046c2    00000006     msp432p4xx_driverlib.lib : i2c.o (.text:I2C_getEnabledInterruptStatus)
                  000046c8    00000070     sysbios.aem4f : BIOS.obj (.text:ti_sysbios_knl_Semaphore_post__E)
                  00004738    00000070                   : BIOS.obj (.text:ti_sysbios_knl_Task_exit__E)
                  000047a8    0000006e     rtsv7M4_T_le_v4SPD16_eabi.lib : fd_tos_t2.obj (.text)
                  00004816    00000002     --HOLE-- [fill = 0]
                  00004818    0000006d     ti.targets.arm.rtsarm.aem4f : System.oem4f (.text:xdc_runtime_System_formatNum__I)
                  00004885    00000003     --HOLE-- [fill = 0]
                  00004888    0000006c     sysbios.aem4f : BIOS.obj (.text:ti_sysbios_knl_Clock_workFunc__E)
                  000048f4    00000004     i2c_FinBit_Dev_pem4f.oem4f (.text:ti_sysbios_family_arm_m3_TaskSupport_Module__startupDone__S)
                  000048f8    0000006c     sysbios.aem4f : BIOS.obj (.text:ti_sysbios_knl_Swi_restoreHwi__E)
                  00004964    0000006c     ti.targets.arm.rtsarm.aem4f : Error.oem4f (.text:xdc_runtime_Error_print__E)
                  000049d0    0000006c                                 : Memory.oem4f (.text:xdc_runtime_Memory_alloc__E)
                  00004a3c    00000068     system_clock.obj (.text:_ZN5ClockC1Ei)
                  00004aa4    00000068     rtsv7M4_T_le_v4SPD16_eabi.lib : copy_decompress_lzss.obj (.text:decompress:lzss)
                  00004b0c    00000068     drivers_MSP432P401R.aem4f : I2CMSP432.oem4f (.text:primeTransfer)
                  00004b74    00000068     rtsv7M4_T_le_v4SPD16_eabi.lib : trgmsg.obj (.text)
                  00004bdc    00000066     drivers_MSP432P401R.aem4f : I2CMSP432.oem4f (.text:I2CMSP432_close)
                  00004c42    00000002     --HOLE-- [fill = 0]
                  00004c44    00000066     i2c_helper.obj (.text:_Z14readRegisterU8P10I2C_ConfighhPhj)
                  00004caa    00000066     ti.targets.arm.rtsarm.aem4f : Core-mem.oem4f (.text:xdc_runtime_Core_deleteObject__I)
                  00004d10    00000064     MAX30105.obj (.text:_ZN8MAX3010516readTemperatureFEP10I2C_Config)
                  00004d74    00000004     i2c_FinBit_Dev_pem4f.oem4f (.text:ti_sysbios_heaps_HeapMem_Module_GateProxy_enter__E)
                  00004d78    00000064     sysbios.aem4f : BIOS.obj (.text:ti_sysbios_family_arm_m3_Hwi_dispatchC__I)
                  00004ddc    00000062     tirtosport.aem4f : HwiP_tirtos.oem4f (.text:HwiP_create)
                  00004e3e    00000002     --HOLE-- [fill = 0]
                  00004e40    00000060     sysbios.aem4f : BIOS.obj (.text:ti_sysbios_knl_Task_schedule__I)
                  00004ea0    0000005e     MAX30105.obj (.text:_ZN8MAX3010513readRegister8EP10I2C_Configh)
                  00004efe    00000002     --HOLE-- [fill = 0]
                  00004f00    0000005c     drivers_MSP432P401R.aem4f : GPIOMSP432.oem4f (.text:GPIO_init)
                  00004f5c    00000004     i2c_FinBit_Dev_pem4f.oem4f (.text:ti_sysbios_heaps_HeapMem_Module_GateProxy_leave__E)
                  00004f60    0000005c     sysbios.aem4f : BIOS.obj (.text:ti_sysbios_knl_Swi_run__I)
                  00004fbc    00000004     i2c_FinBit_Dev_pem4f.oem4f (.text:ti_sysbios_knl_Clock_TimerProxy_getMaxTicks__E)
                  00004fc0    0000005c     sysbios.aem4f : BIOS.obj (.text:ti_sysbios_knl_Swi_schedule__I)
                  0000501c    00000004     i2c_FinBit_Dev_pem4f.oem4f (.text:ti_sysbios_knl_Queue_destruct)
                  00005020    0000005c     sysbios.aem4f : BIOS.obj (.text:ti_sysbios_knl_Task_Module_startup__E)
                  0000507c    00000004     i2c_FinBit_Dev_pem4f.oem4f (.text:ti_sysbios_knl_Semaphore_destruct)
                  00005080    0000005c     sysbios.aem4f : BIOS.obj (.text:ti_sysbios_knl_Task_startCore__E)
                  000050dc    0000005b     ti.targets.arm.rtsarm.aem4f : Text.oem4f (.text:xdc_runtime_Text_putLab__E)
                  00005137    00000001     --HOLE-- [fill = 0]
                  00005138    00000058     tirtosport.aem4f : SemaphoreP_tirtos.oem4f (.text:SemaphoreP_create)
                  00005190    00000058     boot.aem4f : boot.oem4f (.text)
                  000051e8    00000058     i2c_FinBit_Dev_pem4f.oem4f (.text:ti_sysbios_family_arm_m3_Hwi_construct)
                  00005240    00000058     sysbios.aem4f : m3_Hwi_asm_switch.obj (.text:ti_sysbios_family_arm_m3_Hwi_initStacks__E)
                  00005298    00000054     drivers_MSP432P401R.aem4f : GPIOMSP432.oem4f (.text:GPIO_hwiIntFxn)
                  000052ec    00000054                               : GPIOMSP432.oem4f (.text:GPIO_setCallback)
                  00005340    00000054                               : I2CMSP432.oem4f (.text:initHw)
                  00005394    00000054     rtsv7M4_T_le_v4SPD16_eabi.lib : exit.obj (.text)
                  000053e8    00000054     sysbios.aem4f : BIOS.obj (.text:ti_sysbios_family_arm_msp432_Timer_initDevice__I)
                  0000543c    00000004     ti.targets.arm.rtsarm.aem4f : Error.oem4f (.text:xdc_runtime_Error_getSite__E)
                  00005440    00000054     sysbios.aem4f : BIOS.obj (.text:ti_sysbios_family_arm_msp432_init_Boot_configureClocksHigh)
                  00005494    00000054     i2c_FinBit_Dev_pem4f.oem4f (.text:ti_sysbios_knl_Task_construct)
                  000054e8    00000054     ti.targets.arm.rtsarm.aem4f : Assert.oem4f (.text:xdc_runtime_Assert_raise__I)
                  0000553c    00000050     drivers_MSP432P401R.aem4f : GPIOMSP432.oem4f (.text:GPIO_write)
                  0000558c    00000050     msp432p4xx_driverlib.lib : pcm.o (.text:PCM_shutdownDevice)
                  000055dc    00000004     i2c_FinBit_Dev_pem4f.oem4f (.text:xdc_runtime_System_Module_GateProxy_enter__E)
                  000055e0    00000050     sysbios.aem4f : BIOS.obj (.text:ti_sysbios_family_arm_m3_Hwi_Module_startup__E)
                  00005630    00000050     ti.targets.arm.rtsarm.aem4f : Startup.oem4f (.text:xdc_runtime_Startup_exec__E)
                  00005680    00000050                                 : Text.oem4f (.text:xdc_runtime_Text_visitRope2__I)
                  000056d0    0000004c     rtsv7M4_T_le_v4SPD16_eabi.lib : cpy_tbl.obj (.text)
                  0000571c    00000004     i2c_FinBit_Dev_pem4f.oem4f (.text:xdc_runtime_System_Module_GateProxy_leave__E)
                  00005720    0000004c     sysbios.aem4f : BIOS.obj (.text:ti_sysbios_family_arm_msp432_Timer_postInit__I)
                  0000576c    00000004     ti.targets.arm.rtsarm.aem4f : System.oem4f (.text:xdc_runtime_System_aprintf_va__F)
                  00005770    0000004c     sysbios.aem4f : BIOS.obj (.text:ti_sysbios_family_arm_msp432_Timer_start__E)
                  000057bc    00000004     ti.targets.arm.rtsarm.aem4f : System.oem4f (.text:xdc_runtime_System_printf_va__F)
                  000057c0    0000004c     sysbios.aem4f : BIOS.obj (.text:ti_sysbios_heaps_HeapMem_getStats__E)
                  0000580c    00000004     --HOLE-- [fill = 0]
                  00005810    0000004c                   : BIOS.obj (.text:ti_sysbios_knl_Swi_runLoop__I)
                  0000585c    00000004     --HOLE-- [fill = 0]
                  00005860    0000004c                   : BIOS.obj (.text:ti_sysbios_knl_Task_allBlockedFunction__I)
                  000058ac    0000004a     system_clock.obj (.text:_ZN5Clock14setMillisecondEi)
                  000058f6    00000002     --HOLE-- [fill = 0]
                  000058f8    00000048     msp432p4xx_driverlib.lib : gpio.o (.text:GPIO_setAsPeripheralModuleFunctionInputPin)
                  00005940    00000048     rtsv7M4_T_le_v4SPD16_eabi.lib : fd_toi_t2.obj (.text)
                  00005988    00000048     sysbios.aem4f : BIOS.obj (.text:ti_sysbios_family_arm_m3_Hwi_disableInterrupt__E)
                  000059d0    00000048                   : BIOS.obj (.text:ti_sysbios_family_arm_m3_Hwi_enableInterrupt__E)
                  00005a18    00000048                   : BIOS.obj (.text:ti_sysbios_family_arm_m3_Hwi_excReserved__I)
                  00005a60    00000046     MAX30105.obj (.text:_ZN8MAX301057bitMaskEP10I2C_Confighhh)
                  00005aa6    00000046     ti.targets.arm.rtsarm.aem4f : Core-params.oem4f (.text:xdc_runtime_Core_assignParams__I)
                  00005aec    00000044     drivers_MSP432P401R.aem4f : PowerMSP432.oem4f (.text:Power_init)
                  00005b30    00000044     rtsv7M4_T_le_v4SPD16_eabi.lib : fd_tou_t2.obj (.text)
                  00005b74    00000004     --HOLE-- [fill = 0]
                  00005b78    00000044     sysbios.aem4f : BIOS.obj (.text:ti_sysbios_family_arm_m3_Hwi_getStackInfo__E)
                  00005bbc    00000004     --HOLE-- [fill = 0]
                  00005bc0    00000044                   : BIOS.obj (.text:ti_sysbios_knl_Swi_post__E)
                  00005c04    00000044     ti.targets.arm.rtsarm.aem4f : Error.oem4f (.text:xdc_runtime_Error_setX__E)
                  00005c48    00000044                                 : SysMin.oem4f (.text:xdc_runtime_SysMin_flush__E)
                  00005c8c    00000044                                 : Text.oem4f (.text:xdc_runtime_Text_xprintf__I)
                  00005cd0    00000042     MAX30105.obj (.text:_ZN8MAX301059softResetEP10I2C_Config)
                  00005d12    00000042     drivers_MSP432P401R.aem4f : I2CMSP432.oem4f (.text:completeTransfer)
                  00005d54    00000040     msp432p4xx_driverlib.lib : flash.o (.text:FlashCtl_disableReadBuffering)
                  00005d94    00000040                              : i2c.o (.text:I2C_masterSendMultiByteFinish)
                  00005dd4    00000040     drivers_MSP432P401R.aem4f : PowerMSP432.oem4f (.text:notify)
                  00005e14    00000040     rtsv7M4_T_le_v4SPD16_eabi.lib : u_divt2.obj (.text)
                  00005e54    00000004     --HOLE-- [fill = 0]
                  00005e58    00000040     sysbios.aem4f : BIOS.obj (.text:ti_sysbios_family_arm_msp432_Timer_Module_startup__E)
                  00005e98    00000040                   : BIOS.obj (.text:ti_sysbios_family_arm_msp432_Timer_startup__E)
                  00005ed8    00000040                   : BIOS.obj (.text:ti_sysbios_heaps_HeapMem_Instance_init__E)
                  00005f18    0000003e     msp432p4xx_driverlib.lib : i2c.o (.text:I2C_initMaster)
                  00005f56    0000003c     power_tirtos_MSP432P401R.aem4f : PowerMSP432_tirtos.oem4f (.text:PowerMSP432_sleepPolicy)
                  00005f92    00000006     msp432p4xx_driverlib.lib : i2c.o (.text:I2C_getInterruptStatus)
                  00005f98    0000003c     sysbios.aem4f : BIOS.obj (.text:ti_sysbios_family_arm_m3_Hwi_excSvCall__I)
                  00005fd4    00000004     --HOLE-- [fill = 0]
                  00005fd8    0000003c                   : BIOS.obj (.text:ti_sysbios_heaps_HeapMem_init__I)
                  00006014    00000004     --HOLE-- [fill = 0]
                  00006018    0000003c                   : BIOS.obj (.text:ti_sysbios_knl_Clock_Instance_init__E)
                  00006054    00000004     --HOLE-- [fill = 0]
                  00006058    0000003c                   : BIOS.obj (.text:ti_sysbios_knl_Swi_restore__E)
                  00006094    00000038     drivers_MSP432P401R.aem4f : I2C.oem4f (.text:I2C_init)
                  000060cc    00000038                               : I2CMSP432.oem4f (.text:perfChangeNotifyFxn)
                  00006104    00000038     rtsv7M4_T_le_v4SPD16_eabi.lib : fs_tod_t2.obj (.text)
                  0000613c    00000004     --HOLE-- [fill = 0]
                  00006140    00000038     sysbios.aem4f : BIOS.obj (.text:ti_sysbios_family_arm_m3_Hwi_excNoIsr__I)
                  00006178    00000038                   : BIOS.obj (.text:ti_sysbios_knl_Task_processVitalTaskFlag__I)
                  000061b0    00000038     ti.targets.arm.rtsarm.aem4f : SysMin.oem4f (.text:xdc_runtime_SysMin_putch__E)
                  000061e8    00000038                                 : System.oem4f (.text:xdc_runtime_System_atexit__E)
                  00006220    00000034     msp432p4xx_driverlib.lib : flash.o (.text:FlashCtl_enableReadBuffering)
                  00006254    00000004     --HOLE-- [fill = 0]
                  00006258    00000034     sysbios.aem4f : BIOS.obj (.text:ti_sysbios_family_arm_m3_Hwi_Instance_finalize__E)
                  0000628c    00000004     --HOLE-- [fill = 0]
                  00006290    00000034                   : BIOS.obj (.text:ti_sysbios_family_arm_m3_Hwi_excNmi__I)
                  000062c4    00000004     --HOLE-- [fill = 0]
                  000062c8    00000034                   : BIOS.obj (.text:ti_sysbios_hal_Hwi_checkStack)
                  000062fc    00000034     i2c_FinBit_Dev_pem4f.oem4f (.text:ti_sysbios_knl_Clock_construct)
                  00006330    00000034     ti.targets.arm.rtsarm.aem4f : Core-label.oem4f (.text:xdc_runtime_Core_assignLabel__I)
                  00006364    00000033                                 : Text.oem4f (.text:xdc_runtime_Text_printVisFxn__I)
                  00006397    00000001     --HOLE-- [fill = 0]
                  00006398    00000032     sysbios.aem4f : BIOS.obj (.text:ti_sysbios_hal_Hwi_initStack)
                  000063ca    00000002     --HOLE-- [fill = 0]
                  000063cc    00000030     msp432p4xx_driverlib.lib : gpio.o (.text:GPIO_getEnabledInterruptStatus)
                  000063fc    00000030                              : gpio.o (.text:GPIO_setAsInputPinWithPullDownResistor)
                  0000642c    00000030                              : gpio.o (.text:GPIO_setAsInputPinWithPullUpResistor)
                  0000645c    00000030     drivers_MSP432P401R.aem4f : GPIOMSP432.oem4f (.text:GPIO_toggle)
                  0000648c    00000030                               : I2C.oem4f (.text:I2C_open)
                  000064bc    00000030     i2c_FinBit_Dev_pem4f.oem4f (.text:ti_sysbios_BIOS_atExitFunc__I)
                  000064ec    00000030     i2c_FinBit_Dev_pem4f.oem4f (.text:ti_sysbios_BIOS_startFunc__I)
                  0000651c    00000004     --HOLE-- [fill = 0]
                  00006520    00000030     sysbios.aem4f : BIOS.obj (.text:ti_sysbios_family_arm_m3_TaskSupport_start__E)
                  00006550    00000030     i2c_FinBit_Dev_pem4f.oem4f (.text:ti_sysbios_gates_GateHwi_Object__create__S)
                  00006580    00000030     i2c_FinBit_Dev_pem4f.oem4f (.text:ti_sysbios_gates_GateMutex_Object__create__S)
                  000065b0    00000030     sysbios.aem4f : BIOS.obj (.text:ti_sysbios_gates_GateMutex_enter__E)
                  000065e0    00000030     i2c_FinBit_Dev_pem4f.oem4f (.text:ti_sysbios_heaps_HeapMem_Object__create__S)
                  00006610    00000030     i2c_FinBit_Dev_pem4f.oem4f (.text:ti_sysbios_knl_Semaphore_construct)
                  00006640    00000030     sysbios.aem4f : BIOS.obj (.text:ti_sysbios_knl_Semaphore_pendTimeout__I)
                  00006670    00000030                   : BIOS.obj (.text:ti_sysbios_knl_Task_unblockI__E)
                  000066a0    00000030     ti.targets.arm.rtsarm.aem4f : SysMin.oem4f (.text:xdc_runtime_SysMin_abort__E)
                  000066d0    00000030                                 : System.oem4f (.text:xdc_runtime_System_processAtExit__E)
                  00006700    0000002e     i2c_FinBit_Dev_pem4f.oem4f (.text:malloc)
                  0000672e    0000002e     rtsv7M4_T_le_v4SPD16_eabi.lib : i_tofd_t2.obj (.text)
                  0000675c    0000002c     msp432p4xx_driverlib.lib : gpio.o (.text:GPIO_setAsInputPin)
                  00006788    0000002c                              : pcm.o (.text:PCM_getCoreVoltageLevel)
                  000067b4    0000002c     power_tirtos_MSP432P401R.aem4f : PowerMSP432_tirtos.oem4f (.text:PowerMSP432_updateFreqs)
                  000067e0    0000002c     drivers_MSP432P401R.aem4f : PowerMSP432.oem4f (.text:Power_releaseConstraint)
                  0000680c    0000002c                               : PowerMSP432.oem4f (.text:Power_setConstraint)
                  00006838    0000002c     MAX30105.obj (.text:_ZN8MAX301055getIREP10I2C_Config)
                  00006864    0000002c     MAX30105.obj (.text:_ZN8MAX301056getRedEP10I2C_Config)
                  00006890    0000002c     MAX30105.obj (.text:_ZN8MAX301058getGreenEP10I2C_Config)
                  000068bc    0000002c     MAX30105.obj (.text:_ZN8MAX301059clearFIFOEP10I2C_Config)
                  000068e8    0000002c     i2c_FinBit_Dev_pem4f.oem4f (.text:ti_sysbios_knl_Clock_doTick__I)
                  00006914    0000002c     i2c_FinBit_Dev_pem4f.oem4f (.text:ti_sysbios_knl_Queue_construct)
                  00006940    0000002c     sysbios.aem4f : BIOS.obj (.text:ti_sysbios_knl_Task_restore__E)
                  0000696c    0000002c     ti.targets.arm.rtsarm.aem4f : Text.oem4f (.text:xdc_runtime_Text_cordText__E)
                  00006998    0000002a     msp432p4xx_driverlib.lib : pcm.o (.text:PCM_getPowerMode)
                  000069c2    0000002a     ti.targets.arm.rtsarm.aem4f : System.oem4f (.text:xdc_runtime_System_putchar__I)
                  000069ec    00000028     msp432p4xx_driverlib.lib : flash.o (.text:FlashCtl_setWaitState)
                  00006a14    00000028                              : pcm.o (.text:PCM_gotoLPM0)
                  00006a3c    00000028     MAX30105.obj (.text:_ZN8MAX301059safeCheckEP10I2C_Configh)
                  00006a64    00000004     --HOLE-- [fill = 0]
                  00006a68    00000028     sysbios.aem4f : BIOS.obj (.text:ti_sysbios_knl_Clock_addI__E)
                  00006a90    00000028                   : BIOS.obj (.text:ti_sysbios_knl_Swi_Module_startup__E)
                  00006ab8    00000026     drivers_MSP432P401R.aem4f : List.oem4f (.text:List_put)
                  00006ade    00000026     sysbios.aem4f : m3_Hwi_asm.obj (.text:ti_sysbios_family_arm_m3_Hwi_pendSV__I)
                  00006b04    00000026     ti.targets.arm.rtsarm.aem4f : System.oem4f (.text:xdc_runtime_System_avprintf__E)
                  00006b2a    00000002     --HOLE-- [fill = 0]
                  00006b2c    00000024     msp432p4xx_driverlib.lib : cs.o (.text:CS_setDCOCenteredFrequency)
                  00006b50    00000024                              : gpio.o (.text:GPIO_setAsOutputPin)
                  00006b74    00000024                              : i2c.o (.text:I2C_masterSendMultiByteNext)
                  00006b98    00000024                              : rtc_c.o (.text:RTC_C_holdClock)
                  00006bbc    00000024                              : rtc_c.o (.text:RTC_C_startClock)
                  00006be0    00000024     system_clock.obj (.text:_ZN5Clock10setCenturyEv)
                  00006c04    00000024     system_clock.obj (.text:_ZN5Clock7setHourEv)
                  00006c28    00000024     system_clock.obj (.text:_ZN5Clock7setYearEv)
                  00006c4c    00000024     system_clock.obj (.text:_ZN5Clock8setMonthEv)
                  00006c70    00000024     system_clock.obj (.text:_ZN5Clock9setMinuteEv)
                  00006c94    00000024     system_clock.obj (.text:_ZN5Clock9setSecondEv)
                  00006cb8    00000024     MAX30105.obj (.text:_ZN8MAX3010510setLEDModeEP10I2C_Configh)
                  00006cdc    00000024     MAX30105.obj (.text:_ZN8MAX3010511setADCRangeEP10I2C_Configh)
                  00006d00    00000024     MAX30105.obj (.text:_ZN8MAX3010513setPulseWidthEP10I2C_Configh)
                  00006d24    00000024     MAX30105.obj (.text:_ZN8MAX3010513setSampleRateEP10I2C_Configh)
                  00006d48    00000024     MAX30105.obj (.text:_ZN8MAX3010514setFIFOAverageEP10I2C_Configh)
                  00006d6c    00000024     i2c_FinBit_Dev_pem4f.oem4f (.text:ti_sysbios_BIOS_errorRaiseHook__I)
                  00006d90    00000024     i2c_FinBit_Dev_pem4f.oem4f (.text:ti_sysbios_BIOS_registerRTSLock__I)
                  00006db4    00000024     i2c_FinBit_Dev_pem4f.oem4f (.text:ti_sysbios_BIOS_removeRTSLock__I)
                  00006dd8    00000024     sysbios.aem4f : BIOS.obj (.text:ti_sysbios_family_arm_msp432_ClockFreqs_setFrequency__E)
                  00006dfc    00000024     i2c_FinBit_Dev_pem4f.oem4f (.text:ti_sysbios_gates_GateMutex_Object__delete__S)
                  00006e20    00000024     sysbios.aem4f : BIOS.obj (.text:ti_sysbios_knl_Clock_Module_startup__E)
                  00006e44    00000004     --HOLE-- [fill = 0]
                  00006e48    00000024                   : BIOS.obj (.text:ti_sysbios_knl_Clock_start__E)
                  00006e6c    00000004     --HOLE-- [fill = 0]
                  00006e70    00000024                   : BIOS.obj (.text:ti_sysbios_knl_Semaphore_Instance_init__E)
                  00006e94    00000004     --HOLE-- [fill = 0]
                  00006e98    00000024                   : BIOS.obj (.text:ti_sysbios_knl_Task_restoreHwi__E)
                  00006ebc    00000024     ti.targets.arm.rtsarm.aem4f : System.oem4f (.text:xdc_runtime_System_vprintf__E)
                  00006ee0    00000022     i2c_FinBit_Dev_pem4f.oem4f (.text:xdc_runtime_SysMin_output__I)
                  00006f02    00000002     --HOLE-- [fill = 0]
                  00006f04    00000020     msp432p4xx_driverlib.lib : gpio.o (.text:GPIO_interruptEdgeSelect)
                  00006f24    00000020     drivers_MSP432P401R.aem4f : PowerMSP432.oem4f (.text:PowerMSP432_getFreqs)
                  00006f44    00000020                               : PowerMSP432.oem4f (.text:Power_unregisterNotify)
                  00006f64    00000020     i2c_FinBit_Dev_pem4f.oem4f (.text:ti_sysbios_BIOS_rtsLock__I)
                  00006f84    00000020     sysbios.aem4f : m3_Hwi_asm.obj (.text:ti_sysbios_family_arm_m3_Hwi_excHandlerAsm__I)
                  00006fa4    00000004     --HOLE-- [fill = 0]
                  00006fa8    00000020                   : BIOS.obj (.text:ti_sysbios_family_arm_m3_Hwi_excHandler__I)
                  00006fc8    00000020     i2c_FinBit_Dev_pem4f.oem4f (.text:ti_sysbios_gates_GateHwi_Object__delete__S)
                  00006fe8    00000020     i2c_FinBit_Dev_pem4f.oem4f (.text:ti_sysbios_heaps_HeapMem_Object__delete__S)
                  00007008    00000020     sysbios.aem4f : BIOS.obj (.text:ti_sysbios_knl_Idle_run__E)
                  00007028    00000020     i2c_FinBit_Dev_pem4f.oem4f (.text:ti_sysbios_knl_Semaphore_Object__destruct__S)
                  00007048    00000020     ti.targets.arm.rtsarm.aem4f : Registry.oem4f (.text:xdc_runtime_Registry_findById__E)
                  00007068    00000020                                 : SysMin.oem4f (.text:xdc_runtime_SysMin_Module_startup__E)
                  00007088    0000001e     sysbios.aem4f : m3_Hwi_asm_switch.obj (.text:ti_sysbios_family_xxx_Hwi_switchAndRunFunc)
                  000070a6    0000001c     MSP_EXP432P401R.obj (.text:MSP_EXP432P401R_initI2C)
                  000070c2    00000002     --HOLE-- [fill = 0]
                  000070c4    0000001c     msp432p4xx_driverlib.lib : pcm.o (.text:PCM_enableRudeMode)
                  000070e0    0000001c     drivers_MSP432P401R.aem4f : PowerMSP432.oem4f (.text:Power_registerNotify)
                  000070fc    0000001c     i2c_FinBit_Dev_pem4f.oem4f (.text:ti_sysbios_family_arm_m3_Hwi_Object__destruct__S)
                  00007118    0000001c     sysbios.aem4f : BIOS.obj (.text:ti_sysbios_gates_GateMutex_Instance_init__E)
                  00007134    0000001c     i2c_FinBit_Dev_pem4f.oem4f (.text:ti_sysbios_knl_Queue_Object__destruct__S)
                  00007150    0000001c     sysbios.aem4f : BIOS.obj (.text:ti_sysbios_knl_Queue_put__E)
                  0000716c    00000004     --HOLE-- [fill = 0]
                  00007170    0000001c                   : BIOS.obj (.text:ti_sysbios_knl_Task_enter__I)
                  0000718c    0000001c     ti.targets.arm.rtsarm.aem4f : Error.oem4f (.text:xdc_runtime_Error_raiseX__E)
                  000071a8    0000001c                                 : Memory.oem4f (.text:xdc_runtime_Memory_valloc__E)
                  000071c4    0000001c                                 : SysMin.oem4f (.text:xdc_runtime_SysMin_exit__E)
                  000071e0    0000001c                                 : System.oem4f (.text:xdc_runtime_System_abort__E)
                  000071fc    0000001a     drivers_MSP432P401R.aem4f : List.oem4f (.text:List_remove)
                  00007216    0000001a     MAX30105.obj (.text:_ZN8MAX3010519setPulseAmplitudeIREP10I2C_Configh)
                  00007230    0000001a     MAX30105.obj (.text:_ZN8MAX3010520setPulseAmplitudeRedEP10I2C_Configh)
                  0000724a    0000001a     MAX30105.obj (.text:_ZN8MAX3010522setPulseAmplitudeGreenEP10I2C_Configh)
                  00007264    0000001a     MAX30105.obj (.text:_ZN8MAX3010526setPulseAmplitudeProximityEP10I2C_Configh)
                  0000727e    0000001a     i2c_FinBit_Dev_pem4f.oem4f (.text:ti_sysbios_family_arm_m3_Hwi_Handle__label__S)
                  00007298    0000001a     i2c_FinBit_Dev_pem4f.oem4f (.text:ti_sysbios_gates_GateHwi_Handle__label__S)
                  000072b2    0000001a     i2c_FinBit_Dev_pem4f.oem4f (.text:ti_sysbios_gates_GateMutex_Handle__label__S)
                  000072cc    0000001a     i2c_FinBit_Dev_pem4f.oem4f (.text:ti_sysbios_heaps_HeapMem_Handle__label__S)
                  000072e6    0000001a     i2c_FinBit_Dev_pem4f.oem4f (.text:ti_sysbios_knl_Swi_Handle__label__S)
                  00007300    0000001a     i2c_FinBit_Dev_pem4f.oem4f (.text:ti_sysbios_knl_Task_Handle__label__S)
                  0000731a    0000001a     i2c_FinBit_Dev_pem4f.oem4f (.text:xdc_runtime_System_aprintf__E)
                  00007334    0000001a     i2c_FinBit_Dev_pem4f.oem4f (.text:xdc_runtime_System_printf__E)
                  0000734e    00000002     --HOLE-- [fill = 0]
                  00007350    00000018     msp432p4xx_driverlib.lib : gpio.o (.text:GPIO_clearInterruptFlag)
                  00007368    00000018                              : gpio.o (.text:GPIO_getInputPinValue)
                  00007380    00000018                              : gpio.o (.text:GPIO_setDriveStrengthLow)
                  00007398    00000018                              : gpio.o (.text:GPIO_setOutputLowOnPin)
                  000073b0    00000018                              : i2c.o (.text:I2C_masterIsStartSent)
                  000073c8    00000018                              : wdt_a.o (.text:WDT_A_holdTimer)
                  000073e0    00000018     MAX30105.obj (.text:_ZN8MAX3010518enableFIFORolloverEP10I2C_Config)
                  000073f8    00000018     MAX30105.obj (.text:_ZN8MAX301056wakeUpEP10I2C_Config)
                  00007410    00000018     MAX30105.obj (.text:_ZN8MAX301058shutDownEP10I2C_Config)
                  00007428    00000018     i2c_FinBit_Dev_pem4f.oem4f (.text:free)
                  00007440    00000018     rtsv7M4_T_le_v4SPD16_eabi.lib : args_main.obj (.text)
                  00007458    00000018     i2c_FinBit_Dev_pem4f.oem4f (.text:ti_sysbios_BIOS_rtsUnlock__I)
                  00007470    00000018     i2c_FinBit_Dev_pem4f.oem4f (.text:ti_sysbios_family_arm_m3_Hwi_Module__startupDone__F)
                  00007488    00000018     sysbios.aem4f : m3_TaskSupport_asm.obj (.text:ti_sysbios_family_arm_m3_TaskSupport_swap__E)
                  000074a0    00000018     i2c_FinBit_Dev_pem4f.oem4f (.text:ti_sysbios_family_arm_msp432_Timer_Module__startupDone__F)
                  000074b8    00000018     sysbios.aem4f : BIOS.obj (.text:ti_sysbios_gates_GateMutex_leave__E)
                  000074d0    00000018                   : BIOS.obj (.text:ti_sysbios_knl_Task_sleepTimeout__I)
                  000074e8    00000018     ti.targets.arm.rtsarm.aem4f : Error.oem4f (.text:xdc_runtime_Error_check__E)
                  00007500    00000018                                 : System.oem4f (.text:xdc_runtime_System_exit__E)
                  00007518    00000018                                 : Text.oem4f (.text:xdc_runtime_Text_ropeText__E)
                  00007530    00000016     tirtosport.aem4f : HwiP_tirtos.oem4f (.text:HwiP_delete)
                  00007546    00000016                      : SemaphoreP_tirtos.oem4f (.text:SemaphoreP_delete)
                  0000755c    00000016     main.obj (.text:_Z31ti_sysbios_knl_Task_Params_initP26ti_sysbios_knl_Task_Params)
                  00007572    00000016     main.obj (.text:_Z32ti_sysbios_knl_Clock_Params_initP27ti_sysbios_knl_Clock_Params)
                  00007588    00000016     main.obj (.text:_Z36ti_sysbios_knl_Semaphore_Params_initP31ti_sysbios_knl_Semaphore_Params)
                  0000759e    00000016     i2c_FinBit_Dev_pem4f.oem4f (.text:ti_sysbios_BIOS_exitFunc__I)
                  000075b4    00000014     drivers_MSP432P401R.aem4f : GPIOMSP432.oem4f (.text:GPIO_read)
                  000075c8    00000014     msp432p4xx_driverlib.lib : gpio.o (.text:GPIO_setDriveStrengthHigh)
                  000075dc    00000014                              : gpio.o (.text:GPIO_setOutputHighOnPin)
                  000075f0    00000014                              : gpio.o (.text:GPIO_toggleOutputOnPin)
                  00007604    00000014     drivers_MSP432P401R.aem4f : PowerMSP432.oem4f (.text:Power_idleFunc)
                  00007618    00000014     msp432p4xx_driverlib.lib : wdt_a.o (.text:WDT_A_startTimer)
                  0000762c    00000014     rtsv7M4_T_le_v4SPD16_eabi.lib : _lock.obj (.text)
                  00007640    00000014                                   : strcpy.obj (.text)
                  00007654    00000014                                   : strlen.obj (.text)
                  00007668    00000014     i2c_FinBit_Dev_pem4f.oem4f (.text:ti_sysbios_family_arm_m3_Hwi_Object__get__S)
                  0000767c    00000004     --HOLE-- [fill = 0]
                  00007680    00000014     sysbios.aem4f : BIOS.obj (.text:ti_sysbios_family_arm_m3_Hwi_switchFromBootStack__E)
                  00007694    00000014     i2c_FinBit_Dev_pem4f.oem4f (.text:ti_sysbios_heaps_HeapMem_Object__get__S)
                  000076a8    00000014     i2c_FinBit_Dev_pem4f.oem4f (.text:ti_sysbios_knl_Swi_Object__get__S)
                  000076bc    00000012     tirtosport.aem4f : SemaphoreP_tirtos.oem4f (.text:SemaphoreP_pend)
                  000076ce    00000012     system_clock.obj (.text:_ZN5Clock12setMilleniumEv)
                  000076e0    00000012     MAX30105.obj (.text:_ZN8MAX3010510readPartIDEP10I2C_Config)
                  000076f2    00000012     MAX30105.obj (.text:_ZN8MAX3010514getReadPointerEP10I2C_Config)
                  00007704    00000012     MAX30105.obj (.text:_ZN8MAX3010515getWritePointerEP10I2C_Config)
                  00007716    00000002     --HOLE-- [fill = 0]
                  00007718    00000012     sysbios.aem4f : BIOS.obj (.text:ti_sysbios_hal_Hwi_Module_startup__E)
                  0000772a    00000012     i2c_FinBit_Dev_pem4f.oem4f (.text:xdc_runtime_Startup_exec__I)
                  0000773c    00000010     msp432p4xx_driverlib.lib : gpio.o (.text:GPIO_getInterruptStatus)
                  0000774c    00000010     drivers_MSP432P401R.aem4f : I2C.oem4f (.text:I2C_Params_init)
                  0000775c    00000010     msp432p4xx_driverlib.lib : i2c.o (.text:I2C_masterReceiveMultiByteStop)
                  0000776c    00000010                              : i2c.o (.text:I2C_masterReceiveStart)
                  0000777c    00000010                              : i2c.o (.text:I2C_masterSendStart)
                  0000778c    00000010                              : pcm.o (.text:PCM_gotoLPM4)
                  0000779c    00000010     system_clock.obj (.text:_Z8clockPrdj)
                  000077ac    00000010     system_clock.obj (.text:_ZN5Clock8getTicksEv)
                  000077bc    00000004     --HOLE-- [fill = 0]
                  000077c0    00000010     sysbios.aem4f : BIOS.obj (.text:ti_sysbios_BIOS_exit__E)
                  000077d0    00000010                   : BIOS.obj (.text:ti_sysbios_BIOS_setCpuFreq__E)
                  000077e0    00000010                   : BIOS.obj (.text:ti_sysbios_BIOS_setThreadType__E)
                  000077f0    00000010                   : BIOS.obj (.text:ti_sysbios_BIOS_start__E)
                  00007800    00000010                   : m3_TaskSupport_asm.obj (.text:ti_sysbios_family_arm_m3_TaskSupport_glue)
                  00007810    00000010                   : BIOS.obj (.text:ti_sysbios_family_arm_msp432_init_Boot_disableWatchdog)
                  00007820    00000010                   : BIOS.obj (.text:ti_sysbios_gates_GateMutex_Instance_finalize__E)
                  00007830    00000010                   : BIOS.obj (.text:ti_sysbios_knl_Semaphore_Instance_finalize__E)
                  00007840    00000010                   : BIOS.obj (.text:ti_sysbios_knl_Swi_disable__E)
                  00007850    00000010     i2c_FinBit_Dev_pem4f.oem4f (.text:ti_sysbios_knl_Task_Object__get__S)
                  00007860    00000010     sysbios.aem4f : BIOS.obj (.text:ti_sysbios_knl_Task_disable__E)
                  00007870    00000010     ti.targets.arm.rtsarm.aem4f : Gate.oem4f (.text:xdc_runtime_Gate_leaveSystem__E)
                  00007880    00000010                                 : Memory.oem4f (.text:xdc_runtime_Memory_free__E)
                  00007890    00000010                                 : SysMin.oem4f (.text:xdc_runtime_SysMin_ready__E)
                  000078a0    00000010                                 : System.oem4f (.text:xdc_runtime_System_vsnprintf__E)
                  000078b0    00000010     i2c_FinBit_Dev_pem4f.oem4f (.text:xdc_runtime_Text_visitRope__I)
                  000078c0    0000000e     tirtosport.aem4f : HwiP_tirtos.oem4f (.text:HwiP_Params_init)
                  000078ce    0000000e     msp432p4xx_driverlib.lib : i2c.o (.text:I2C_clearInterruptFlag)
                  000078dc    0000000e                              : i2c.o (.text:I2C_disableInterrupt)
                  000078ea    0000000e                              : i2c.o (.text:I2C_setMode)
                  000078f8    0000000e     system_clock.obj (.text:_ZN5Clock5getIdEv)
                  00007906    0000000e     rtsv7M4_T_le_v4SPD16_eabi.lib : copy_decompress_none.obj (.text:decompress:none)
                  00007914    00000004     --HOLE-- [fill = 0]
                  00007918    0000000e     sysbios.aem4f : BIOS.obj (.text:ti_sysbios_knl_Idle_loop__E)
                  00007926    00000002     --HOLE-- [fill = 0]
                  00007928    0000000e                   : BIOS.obj (.text:ti_sysbios_knl_Queue_empty__E)
                  00007936    0000000c     i2c_FinBit_Dev_pem4f.oem4f (.text:.bootCodeSection:ti_sysbios_family_arm_msp432_init_Boot_init__I)
                  00007942    0000000c     msp432p4xx_driverlib.lib : cpu.o (.text:CPU_cpsid)
                  0000794e    0000000c                              : cpu.o (.text:CPU_cpsie)
                  0000795a    0000000c                              : i2c.o (.text:I2C_disableModule)
                  00007966    0000000c                              : i2c.o (.text:I2C_enableModule)
                  00007972    00000002     --HOLE-- [fill = 0]
                  00007974    0000000c                              : pcm.o (.text:PCM_getPowerState)
                  00007980    0000000c     drivers_MSP432P401R.aem4f : PowerMSP432.oem4f (.text:Power_getConstraintMask)
                  0000798c    0000000c                               : PowerMSP432.oem4f (.text:Power_getPerformanceLevel)
                  00007998    0000000c     system_clock.obj (.text:_ZN5ClockD1Ev)
                  000079a4    0000000c     MAX30105.obj (.text:_ZN8MAX30105C1Ev)
                  000079b0    0000000c     rtsv7M4_T_le_v4SPD16_eabi.lib : copy_zero_init.obj (.text:decompress:ZI)
                  000079bc    0000000c     i2c_FinBit_Dev_pem4f.oem4f (.text:ti_sysbios_family_arm_m3_Hwi_Params__init__S)
                  000079c8    0000000c     sysbios.aem4f : BIOS.obj (.text:ti_sysbios_family_arm_m3_Hwi_disableFxn__E)
                  000079d4    00000004     --HOLE-- [fill = 0]
                  000079d8    0000000c                   : BIOS.obj (.text:ti_sysbios_family_arm_m3_TaskSupport_checkStack__E)
                  000079e4    00000004     --HOLE-- [fill = 0]
                  000079e8    0000000c                   : BIOS.obj (.text:ti_sysbios_family_arm_m3_TaskSupport_getStackAlignment__E)
                  000079f4    00000004     --HOLE-- [fill = 0]
                  000079f8    0000000c                   : BIOS.obj (.text:ti_sysbios_family_arm_msp432_Timer_getMaxTicks__E)
                  00007a04    00000004     --HOLE-- [fill = 0]
                  00007a08    0000000c                   : BIOS.obj (.text:ti_sysbios_gates_GateHwi_enter__E)
                  00007a14    0000000c     i2c_FinBit_Dev_pem4f.oem4f (.text:ti_sysbios_knl_Clock_Params__init__S)
                  00007a20    0000000c     i2c_FinBit_Dev_pem4f.oem4f (.text:ti_sysbios_knl_Queue_Object__get__S)
                  00007a2c    0000000c     i2c_FinBit_Dev_pem4f.oem4f (.text:ti_sysbios_knl_Semaphore_Params__init__S)
                  00007a38    0000000c     i2c_FinBit_Dev_pem4f.oem4f (.text:ti_sysbios_knl_Task_Params__init__S)
                  00007a44    0000000c     ti.targets.arm.rtsarm.aem4f : Error.oem4f (.text:xdc_runtime_Error_init__E)
                  00007a50    0000000c                                 : Gate.oem4f (.text:xdc_runtime_Gate_enterSystem__E)
                  00007a5c    0000000c                                 : Memory.oem4f (.text:xdc_runtime_Memory_calloc__E)
                  00007a68    0000000c                                 : Memory.oem4f (.text:xdc_runtime_Memory_getMaxDefaultTypeAlign__E)
                  00007a74    0000000c                                 : Startup.oem4f (.text:xdc_runtime_Startup_rtsDone__E)
                  00007a80    0000000a     drivers_MSP432P401R.aem4f : I2CMSP432.oem4f (.text:I2CMSP432_init)
                  00007a8a    0000000a                               : I2C.oem4f (.text:I2C_close)
                  00007a94    0000000a                               : I2C.oem4f (.text:I2C_transfer)
                  00007a9e    0000000a     tirtosport.aem4f : SemaphoreP_tirtos.oem4f (.text:SemaphoreP_post)
                  00007aa8    0000000a     i2c_FinBit_Dev_pem4f.oem4f (.text:xdc_runtime_IHeap_alloc)
                  00007ab2    0000000a     i2c_FinBit_Dev_pem4f.oem4f (.text:xdc_runtime_IHeap_free)
                  00007abc    00000008     msp432p4xx_driverlib.lib : i2c.o (.text:I2C_enableInterrupt)
                  00007ac4    00000008     MSP_EXP432P401R.obj (.text:MSP_EXP432P401R_initGPIO)
                  00007acc    00000008     MSP_EXP432P401R.obj (.text:MSP_EXP432P401R_initGeneral)
                  00007ad4    00000008     msp432p4xx_driverlib.lib : pcm.o (.text:PCM_setPowerMode)
                  00007adc    00000008                              : pcm.o (.text:PCM_setPowerState)
                  00007ae4    00000008     tirtosport.aem4f : SemaphoreP_tirtos.oem4f (.text:SemaphoreP_Params_init)
                  00007aec    00000008     drivers_MSP432P401R.aem4f : I2CMSP432.oem4f (.text:blockingTransferCallback)
                  00007af4    00000004     --HOLE-- [fill = 0]
                  00007af8    00000008     sysbios.aem4f : BIOS.obj (.text:ti_sysbios_family_arm_m3_Hwi_doSwiRestore__I)
                  00007b00    00000008                   : BIOS.obj (.text:ti_sysbios_family_arm_m3_Hwi_startup__E)
                  00007b08    00000006     msp432p4xx_driverlib.lib : i2c.o (.text:I2C_masterReceiveMultiByteNext)
                  00007b0e    00000002     --HOLE-- [fill = 0]
                  00007b10    00000006     sysbios.aem4f : BIOS.obj (.text:ti_sysbios_family_arm_m3_Hwi_doTaskRestore__I)
                  00007b16    00000002     --HOLE-- [fill = 0]
                  00007b18    00000006                   : BIOS.obj (.text:ti_sysbios_family_arm_m3_Hwi_restoreFxn__E)
                  00007b1e    00000002     --HOLE-- [fill = 0]
                  00007b20    00000006                   : BIOS.obj (.text:ti_sysbios_gates_GateHwi_leave__E)
                  00007b26    00000002     --HOLE-- [fill = 0]
                  00007b28    00000006                   : BIOS.obj (.text:ti_sysbios_heaps_HeapMem_isBlocking__E)
                  00007b2e    00000002     --HOLE-- [fill = 0]
                  00007b30    00000006                   : BIOS.obj (.text:ti_sysbios_knl_Queue_Instance_init__E)
                  00007b36    00000002     --HOLE-- [fill = 0]
                  00007b38    00000006                   : BIOS.obj (.text:ti_sysbios_knl_Swi_startup__E)
                  00007b3e    00000006     ti.targets.arm.rtsarm.aem4f : System.oem4f (.text:xdc_runtime_System_Module_startup__E)
                  00007b44    00000004     --HOLE-- [fill = 0]
                  00007b48    00000004     sysbios.aem4f : BIOS.obj (.text:ti_sysbios_gates_GateHwi_query__E)
                  00007b4c    00000004     --HOLE-- [fill = 0]
                  00007b50    00000004                   : BIOS.obj (.text:ti_sysbios_gates_GateMutex_query__E)
                  00007b54    00000004     --HOLE-- [fill = 0]
                  00007b58    00000004                   : BIOS.obj (.text:ti_sysbios_knl_Task_startup__E)
                  00007b5c    00000004     --HOLE-- [fill = 0]
                  00007b60    00000002                   : BIOS.obj (.text:ti_sysbios_BIOS_linkedWithIncorrectBootLibrary__E)
                  00007b62    00000006     --HOLE-- [fill = 0]
                  00007b68    00000002                   : BIOS.obj (.text:ti_sysbios_gates_GateHwi_Instance_init__E)
                  00007b6a    00000006     --HOLE-- [fill = 0]
                  00007b70    00000002                   : BIOS.obj (.text:ti_sysbios_knl_Clock_logTick__E)

.const     0    00007b74    00001de6     
                  00007b74    0000181b     i2c_FinBit_Dev_pem4f.oem4f (.const:xdc_runtime_Text_charTab__A)
                  0000938f    00000001     i2c_FinBit_Dev_pem4f.oem4f (.const:xdc_runtime_Error_policy__C)
                  00009390    000000b0     i2c_FinBit_Dev_pem4f.oem4f (.const:xdc_runtime_Text_nodeTab__A)
                  00009440    00000048     i2c_FinBit_Dev_pem4f.oem4f (.const:.string)
                  00009488    0000003c     i2c_FinBit_Dev_pem4f.oem4f (.const:ti_sysbios_knl_Task_Object__PARAMS__C)
                  000094c4    00000030     i2c_FinBit_Dev_pem4f.oem4f (.const:ti_sysbios_family_arm_m3_Hwi_Object__PARAMS__C)
                  000094f4    00000028     i2c_FinBit_Dev_pem4f.oem4f (.const:ti_sysbios_heaps_HeapMem_Module__FXNS__C)
                  0000951c    00000024     MSP_EXP432P401R.obj (.const:I2C_config)
                  00009540    00000024     i2c_FinBit_Dev_pem4f.oem4f (.const:ti_sysbios_gates_GateHwi_Module__FXNS__C)
                  00009564    00000024     i2c_FinBit_Dev_pem4f.oem4f (.const:ti_sysbios_gates_GateMutex_Module__FXNS__C)
                  00009588    00000024     i2c_FinBit_Dev_pem4f.oem4f (.const:ti_sysbios_heaps_HeapMem_Object__PARAMS__C)
                  000095ac    00000024     i2c_FinBit_Dev_pem4f.oem4f (.const:ti_sysbios_knl_Clock_Object__PARAMS__C)
                  000095d0    00000024     i2c_FinBit_Dev_pem4f.oem4f (.const:ti_sysbios_knl_Semaphore_Object__PARAMS__C)
                  000095f4    00000020     drivers_MSP432P401R.aem4f : I2CMSP432.oem4f (.const)
                  00009614    00000020     MSP_EXP432P401R.obj (.const:i2cMSP432HWAttrs)
                  00009634    00000020     i2c_FinBit_Dev_pem4f.oem4f (.const:ti_sysbios_family_arm_m3_Hwi_Object__DESC__C)
                  00009654    00000020     i2c_FinBit_Dev_pem4f.oem4f (.const:ti_sysbios_gates_GateHwi_Object__DESC__C)
                  00009674    00000020     i2c_FinBit_Dev_pem4f.oem4f (.const:ti_sysbios_gates_GateMutex_Object__DESC__C)
                  00009694    00000020     i2c_FinBit_Dev_pem4f.oem4f (.const:ti_sysbios_heaps_HeapMem_Object__DESC__C)
                  000096b4    00000020     i2c_FinBit_Dev_pem4f.oem4f (.const:ti_sysbios_knl_Clock_Object__DESC__C)
                  000096d4    00000020     i2c_FinBit_Dev_pem4f.oem4f (.const:ti_sysbios_knl_Queue_Object__DESC__C)
                  000096f4    00000020     i2c_FinBit_Dev_pem4f.oem4f (.const:ti_sysbios_knl_Semaphore_Object__DESC__C)
                  00009714    00000020     i2c_FinBit_Dev_pem4f.oem4f (.const:ti_sysbios_knl_Task_Object__DESC__C)
                  00009734    00000020     i2c_FinBit_Dev_pem4f.oem4f (.const:xdc_runtime_Startup_sfxnTab__A)
                  00009754    00000018     i2c_FinBit_Dev_pem4f.oem4f (.const:ti_sysbios_gates_GateHwi_Object__PARAMS__C)
                  0000976c    00000018     i2c_FinBit_Dev_pem4f.oem4f (.const:ti_sysbios_gates_GateMutex_Object__PARAMS__C)
                  00009784    00000018     i2c_FinBit_Dev_pem4f.oem4f (.const:ti_sysbios_knl_Queue_Object__PARAMS__C)
                  0000979c    00000014     MSP_EXP432P401R.obj (.const:GPIOMSP432_config)
                  000097b0    00000010     MSP_EXP432P401R.obj (.const:PowerMSP432_config)
                  000097c0    00000010     drivers_MSP432P401R.aem4f : I2C.oem4f (.const)
                  000097d0    00000010     i2c_FinBit_Dev_pem4f.oem4f (.const:xdc_runtime_Startup_sfxnRts__A)
                  000097e0    0000000c     drivers_MSP432P401R.aem4f : GPIOMSP432.oem4f (.const:.string)
                  000097ec    0000000c     i2c_FinBit_Dev_pem4f.oem4f (.const:xdc_runtime_Startup_firstFxns__A)
                  000097f8    00000008     i2c_FinBit_Dev_pem4f.oem4f (.const:ti_sysbios_family_arm_m3_Hwi_excHookFuncs__A)
                  00009800    00000008     i2c_FinBit_Dev_pem4f.oem4f (.const:ti_sysbios_knl_Idle_funcList__A)
                  00009808    00000008     i2c_FinBit_Dev_pem4f.oem4f (.const:ti_sysbios_knl_Idle_funcList__C)
                  00009810    00000008     i2c_FinBit_Dev_pem4f.oem4f (.const:xdc_runtime_Startup_firstFxns__C)
                  00009818    00000008     i2c_FinBit_Dev_pem4f.oem4f (.const:xdc_runtime_Startup_lastFxns__C)
                  00009820    00000004     i2c_FinBit_Dev_pem4f.oem4f (.const:ti_sysbios_family_arm_m3_Hwi_E_NMI__C)
                  00009824    00000004     i2c_FinBit_Dev_pem4f.oem4f (.const:ti_sysbios_family_arm_m3_Hwi_E_alreadyDefined__C)
                  00009828    00000004     i2c_FinBit_Dev_pem4f.oem4f (.const:ti_sysbios_family_arm_m3_Hwi_E_busFault__C)
                  0000982c    00000004     i2c_FinBit_Dev_pem4f.oem4f (.const:ti_sysbios_family_arm_m3_Hwi_E_debugMon__C)
                  00009830    00000004     i2c_FinBit_Dev_pem4f.oem4f (.const:ti_sysbios_family_arm_m3_Hwi_E_hardFault__C)
                  00009834    00000004     i2c_FinBit_Dev_pem4f.oem4f (.const:ti_sysbios_family_arm_m3_Hwi_E_memFault__C)
                  00009838    00000004     i2c_FinBit_Dev_pem4f.oem4f (.const:ti_sysbios_family_arm_m3_Hwi_E_noIsr__C)
                  0000983c    00000004     i2c_FinBit_Dev_pem4f.oem4f (.const:ti_sysbios_family_arm_m3_Hwi_E_reserved__C)
                  00009840    00000004     i2c_FinBit_Dev_pem4f.oem4f (.const:ti_sysbios_family_arm_m3_Hwi_E_svCall__C)
                  00009844    00000004     i2c_FinBit_Dev_pem4f.oem4f (.const:ti_sysbios_family_arm_m3_Hwi_E_usageFault__C)
                  00009848    00000004     i2c_FinBit_Dev_pem4f.oem4f (.const:ti_sysbios_family_arm_m3_Hwi_NUM_INTERRUPTS__C)
                  0000984c    00000004     i2c_FinBit_Dev_pem4f.oem4f (.const:ti_sysbios_family_arm_m3_Hwi_Object__count__C)
                  00009850    00000004     i2c_FinBit_Dev_pem4f.oem4f (.const:ti_sysbios_family_arm_m3_Hwi_ccr__C)
                  00009854    00000004     i2c_FinBit_Dev_pem4f.oem4f (.const:ti_sysbios_family_arm_m3_Hwi_excHandlerFunc__C)
                  00009858    00000004     i2c_FinBit_Dev_pem4f.oem4f (.const:ti_sysbios_family_arm_m3_Hwi_excHookFuncs__C)
                  0000985c    00000004     i2c_FinBit_Dev_pem4f.oem4f (.const:ti_sysbios_family_arm_m3_Hwi_nullIsrFunc__C)
                  00009860    00000004     i2c_FinBit_Dev_pem4f.oem4f (.const:ti_sysbios_family_arm_m3_Hwi_priGroup__C)
                  00009864    00000004     i2c_FinBit_Dev_pem4f.oem4f (.const:ti_sysbios_family_arm_m3_TaskSupport_stackAlignment__C)
                  00009868    00000004     i2c_FinBit_Dev_pem4f.oem4f (.const:ti_sysbios_family_arm_msp432_Timer_numTimerDevices__C)
                  0000986c    00000004     i2c_FinBit_Dev_pem4f.oem4f (.const:ti_sysbios_family_arm_msp432_Timer_startupNeeded__C)
                  00009870    00000004     i2c_FinBit_Dev_pem4f.oem4f (.const:ti_sysbios_gates_GateMutex_Instance_State_sem__O)
                  00009874    00000004     i2c_FinBit_Dev_pem4f.oem4f (.const:ti_sysbios_hal_Hwi_E_stackOverflow__C)
                  00009878    00000004     i2c_FinBit_Dev_pem4f.oem4f (.const:ti_sysbios_heaps_HeapMem_E_memory__C)
                  0000987c    00000004     i2c_FinBit_Dev_pem4f.oem4f (.const:ti_sysbios_heaps_HeapMem_Module__gateObj__C)
                  00009880    00000004     i2c_FinBit_Dev_pem4f.oem4f (.const:ti_sysbios_heaps_HeapMem_Object__count__C)
                  00009884    00000004     i2c_FinBit_Dev_pem4f.oem4f (.const:ti_sysbios_heaps_HeapMem_reqAlign__C)
                  00009888    00000004     i2c_FinBit_Dev_pem4f.oem4f (.const:ti_sysbios_knl_Clock_Module_State_clockQ__O)
                  0000988c    00000004     i2c_FinBit_Dev_pem4f.oem4f (.const:ti_sysbios_knl_Semaphore_Instance_State_pendQ__O)
                  00009890    00000004     i2c_FinBit_Dev_pem4f.oem4f (.const:ti_sysbios_knl_Swi_Object__count__C)
                  00009894    00000004     i2c_FinBit_Dev_pem4f.oem4f (.const:ti_sysbios_knl_Task_E_spOutOfBounds__C)
                  00009898    00000004     i2c_FinBit_Dev_pem4f.oem4f (.const:ti_sysbios_knl_Task_E_stackOverflow__C)
                  0000989c    00000004     i2c_FinBit_Dev_pem4f.oem4f (.const:ti_sysbios_knl_Task_Module_State_inactiveQ__O)
                  000098a0    00000004     i2c_FinBit_Dev_pem4f.oem4f (.const:ti_sysbios_knl_Task_Object__count__C)
                  000098a4    00000004     i2c_FinBit_Dev_pem4f.oem4f (.const:ti_sysbios_knl_Task_allBlockedFunc__C)
                  000098a8    00000004     i2c_FinBit_Dev_pem4f.oem4f (.const:ti_sysbios_knl_Task_defaultStackHeap__C)
                  000098ac    00000004     i2c_FinBit_Dev_pem4f.oem4f (.const:ti_sysbios_knl_Task_defaultStackSize__C)
                  000098b0    00000004     i2c_FinBit_Dev_pem4f.oem4f (.const:ti_sysbios_knl_Task_numConstructedTasks__C)
                  000098b4    00000004     i2c_FinBit_Dev_pem4f.oem4f (.const:xdc_runtime_Assert_E_assertFailed__C)
                  000098b8    00000004     i2c_FinBit_Dev_pem4f.oem4f (.const:xdc_runtime_Core_A_initializedParams__C)
                  000098bc    00000004     i2c_FinBit_Dev_pem4f.oem4f (.const:xdc_runtime_Core_Module__diagsEnabled__C)
                  000098c0    00000004     i2c_FinBit_Dev_pem4f.oem4f (.const:xdc_runtime_Core_Module__diagsIncluded__C)
                  000098c4    00000004     i2c_FinBit_Dev_pem4f.oem4f (.const:xdc_runtime_Core_Module__diagsMask__C)
                  000098c8    00000004     i2c_FinBit_Dev_pem4f.oem4f (.const:xdc_runtime_Error_E_memory__C)
                  000098cc    00000004     i2c_FinBit_Dev_pem4f.oem4f (.const:xdc_runtime_Error_Module__diagsEnabled__C)
                  000098d0    00000004     i2c_FinBit_Dev_pem4f.oem4f (.const:xdc_runtime_Error_Module__diagsIncluded__C)
                  000098d4    00000004     i2c_FinBit_Dev_pem4f.oem4f (.const:xdc_runtime_Error_Module__diagsMask__C)
                  000098d8    00000004     i2c_FinBit_Dev_pem4f.oem4f (.const:xdc_runtime_Error_Module__loggerFxn8__C)
                  000098dc    00000004     i2c_FinBit_Dev_pem4f.oem4f (.const:xdc_runtime_Error_Module__loggerObj__C)
                  000098e0    00000004     i2c_FinBit_Dev_pem4f.oem4f (.const:xdc_runtime_Error_policyFxn__C)
                  000098e4    00000004     i2c_FinBit_Dev_pem4f.oem4f (.const:xdc_runtime_Error_raiseHook__C)
                  000098e8    00000004     i2c_FinBit_Dev_pem4f.oem4f (.const:xdc_runtime_IGateProvider_Interface__BASE__C)
                  000098ec    00000004     i2c_FinBit_Dev_pem4f.oem4f (.const:xdc_runtime_IHeap_Interface__BASE__C)
                  000098f0    00000004     i2c_FinBit_Dev_pem4f.oem4f (.const:xdc_runtime_IModule_Interface__BASE__C)
                  000098f4    00000004     i2c_FinBit_Dev_pem4f.oem4f (.const:xdc_runtime_Log_L_error__C)
                  000098f8    00000004     i2c_FinBit_Dev_pem4f.oem4f (.const:xdc_runtime_Memory_defaultHeapInstance__C)
                  000098fc    00000004     i2c_FinBit_Dev_pem4f.oem4f (.const:xdc_runtime_Startup_execImpl__C)
                  00009900    00000004     i2c_FinBit_Dev_pem4f.oem4f (.const:xdc_runtime_Startup_maxPasses__C)
                  00009904    00000004     i2c_FinBit_Dev_pem4f.oem4f (.const:xdc_runtime_Startup_sfxnRts__C)
                  00009908    00000004     i2c_FinBit_Dev_pem4f.oem4f (.const:xdc_runtime_Startup_sfxnTab__C)
                  0000990c    00000004     i2c_FinBit_Dev_pem4f.oem4f (.const:xdc_runtime_SysMin_bufSize__C)
                  00009910    00000004     i2c_FinBit_Dev_pem4f.oem4f (.const:xdc_runtime_SysMin_outputFunc__C)
                  00009914    00000004     i2c_FinBit_Dev_pem4f.oem4f (.const:xdc_runtime_System_Module__gateObj__C)
                  00009918    00000004     i2c_FinBit_Dev_pem4f.oem4f (.const:xdc_runtime_System_abortFxn__C)
                  0000991c    00000004     i2c_FinBit_Dev_pem4f.oem4f (.const:xdc_runtime_System_exitFxn__C)
                  00009920    00000004     i2c_FinBit_Dev_pem4f.oem4f (.const:xdc_runtime_System_extendFxn__C)
                  00009924    00000004     i2c_FinBit_Dev_pem4f.oem4f (.const:xdc_runtime_System_maxAtexitHandlers__C)
                  00009928    00000004     i2c_FinBit_Dev_pem4f.oem4f (.const:xdc_runtime_Text_charTab__C)
                  0000992c    00000004     i2c_FinBit_Dev_pem4f.oem4f (.const:xdc_runtime_Text_nameEmpty__C)
                  00009930    00000004     i2c_FinBit_Dev_pem4f.oem4f (.const:xdc_runtime_Text_nameStatic__C)
                  00009934    00000004     i2c_FinBit_Dev_pem4f.oem4f (.const:xdc_runtime_Text_nameUnknown__C)
                  00009938    00000004     i2c_FinBit_Dev_pem4f.oem4f (.const:xdc_runtime_Text_nodeTab__C)
                  0000993c    00000004     i2c_FinBit_Dev_pem4f.oem4f (.const:xdc_runtime_Text_visitRopeFxn__C)
                  00009940    00000002     i2c_FinBit_Dev_pem4f.oem4f (.const:ti_sysbios_family_arm_m3_Hwi_Module__id__C)
                  00009942    00000002     i2c_FinBit_Dev_pem4f.oem4f (.const:ti_sysbios_hal_Hwi_Module__id__C)
                  00009944    00000002     i2c_FinBit_Dev_pem4f.oem4f (.const:ti_sysbios_heaps_HeapMem_Module__id__C)
                  00009946    00000002     i2c_FinBit_Dev_pem4f.oem4f (.const:ti_sysbios_knl_Task_Module__id__C)
                  00009948    00000002     i2c_FinBit_Dev_pem4f.oem4f (.const:xdc_runtime_Core_Module__id__C)
                  0000994a    00000002     i2c_FinBit_Dev_pem4f.oem4f (.const:xdc_runtime_Error_Module__loggerDefined__C)
                  0000994c    00000002     i2c_FinBit_Dev_pem4f.oem4f (.const:xdc_runtime_Error_maxDepth__C)
                  0000994e    00000002     i2c_FinBit_Dev_pem4f.oem4f (.const:xdc_runtime_Memory_Module__id__C)
                  00009950    00000002     i2c_FinBit_Dev_pem4f.oem4f (.const:xdc_runtime_SysMin_flushAtExit__C)
                  00009952    00000002     i2c_FinBit_Dev_pem4f.oem4f (.const:xdc_runtime_Text_charCnt__C)
                  00009954    00000002     i2c_FinBit_Dev_pem4f.oem4f (.const:xdc_runtime_Text_isLoaded__C)
                  00009956    00000002     i2c_FinBit_Dev_pem4f.oem4f (.const:xdc_runtime_Text_registryModsLastId__C)
                  00009958    00000002     i2c_FinBit_Dev_pem4f.oem4f (.const:xdc_runtime_Text_unnamedModsLastId__C)

.cinit     0    00009960    00000268     
                  00009960    00000234     (.cinit..data.load) [load image, compression = lzss]
                  00009b94    0000000c     (__TI_handler_table)
                  00009ba0    00000008     (.cinit..bss.load) [load image, compression = zero_init]
                  00009ba8    00000008     (.cinit..vecs.load) [load image, compression = zero_init]
                  00009bb0    00000018     (__TI_cinit_table)

.resetVecs 
*          0    00000000    0000003c     
                  00000000    0000003c     i2c_FinBit_Dev_pem4f.oem4f (.resetVecs)

.bss       0    20000140    00001b98     UNINITIALIZED
                  20000140    00000800     (.common:ti_sysbios_heaps_HeapMem_Instance_State_0_buf__A)
                  20000940    00000400     (.common:xdc_runtime_SysMin_Module_State_0_outbuf__A)
                  20000d40    00000280     (.common:task0Stack)
                  20000fc0    00000280     (.common:task1Stack)
                  20001240    00000280     (.common:task2Stack)
                  200014c0    00000200     i2c_FinBit_Dev_pem4f.oem4f (.bss:taskStackSection)
                  200016c0    00000140     (.common:ti_sysbios_family_arm_m3_Hwi_dispatchTable)
                  20001800    00000120     rtsv7M4_T_le_v4SPD16_eabi.lib : trgmsg.obj (.bss:_CIOBUF_)
                  20001920    00000090     (.common:i2cMSP432Objects)
                  200019b0    00000050     (.common:task0Struct)
                  20001a00    00000050     (.common:task1Struct)
                  20001a50    00000050     (.common:task2Struct)
                  20001aa0    00000040     main.obj (.bss:cl0)
                  20001ae0    00000040     main.obj (.bss:cl1)
                  20001b20    00000040     main.obj (.bss:cl2)
                  20001b60    00000040     main.obj (.bss:cl3)
                  20001ba0    00000040     main.obj (.bss:cl4)
                  20001be0    00000034     (.common:sense)
                  20001c14    00000030     drivers_MSP432P401R.aem4f : GPIOMSP432.oem4f (.bss:gpioCallbackInfo)
                  20001c44    00000024     (.common:clk0Struct)
                  20001c68    00000024     (.common:clk1Struct)
                  20001c8c    0000001c     (.common:sem0Struct)
                  20001ca8    0000001c     (.common:sem1Struct)
                  20001cc4    00000008     rtsv7M4_T_le_v4SPD16_eabi.lib : trgdrv.obj (.bss:parmbuf)
                  20001ccc    00000004     (.common:__dso_handle)
                  20001cd0    00000004     (.common:sem0Handle)
                  20001cd4    00000004     (.common:sem1Handle)

.data      0    20001cd8    00000519     UNINITIALIZED
                  20001cd8    0000009c     drivers_MSP432P401R.aem4f : PowerMSP432.oem4f (.data:PowerMSP432_perfLevels)
                  20001d74    00000080     i2c_FinBit_Dev_pem4f.oem4f (.data:ti_sysbios_knl_Swi_Module_State_0_readyQ__A)
                  20001df4    00000080     i2c_FinBit_Dev_pem4f.oem4f (.data:ti_sysbios_knl_Task_Module_State_0_readyQ__A)
                  20001e74    0000004c     i2c_FinBit_Dev_pem4f.oem4f (.data:ti_sysbios_family_arm_msp432_Timer_Object__table__V)
                  20001ec0    0000004c     i2c_FinBit_Dev_pem4f.oem4f (.data:ti_sysbios_knl_Task_Object__table__V)
                  20001f0c    00000044     i2c_FinBit_Dev_pem4f.oem4f (.data:ti_sysbios_knl_Task_Module__state__V)
                  20001f50    00000038     i2c_FinBit_Dev_pem4f.oem4f (.data:ti_sysbios_gates_GateMutex_Object__table__V)
                  20001f88    00000034     i2c_FinBit_Dev_pem4f.oem4f (.data:ti_sysbios_family_arm_m3_Hwi_Module__state__V)
                  20001fbc    00000030     msp432p4xx_driverlib.lib : gpio.o (.data:GPIO_PORT_TO_BASE)
                  20001fec    00000030     i2c_FinBit_Dev_pem4f.oem4f (.data:ti_sysbios_knl_Swi_Object__table__V)
                  2000201c    0000002c     i2c_FinBit_Dev_pem4f.oem4f (.data:ti_sysbios_knl_Clock_Module__state__V)
                  20002048    00000028     drivers_MSP432P401R.aem4f : PowerMSP432.oem4f (.data:PowerMSP432_module)
                  20002070    00000024     i2c_FinBit_Dev_pem4f.oem4f (.data:ti_sysbios_BIOS_Module__state__V)
                  20002094    00000020     i2c_FinBit_Dev_pem4f.oem4f (.data:ti_sysbios_family_arm_msp432_Timer_Module_State_0_device__A)
                  200020b4    0000001c     MSP_EXP432P401R.obj (.data:gpioPinConfigs)
                  200020d0    0000001c     i2c_FinBit_Dev_pem4f.oem4f (.data:ti_sysbios_knl_Swi_Module__state__V)
                  200020ec    00000018     i2c_FinBit_Dev_pem4f.oem4f (.data:ti_sysbios_family_arm_m3_Hwi_Object__table__V)
                  20002104    00000018     i2c_FinBit_Dev_pem4f.oem4f (.data:ti_sysbios_heaps_HeapMem_Object__table__V)
                  2000211c    00000010     i2c_FinBit_Dev_pem4f.oem4f (.data:ti_sysbios_family_arm_msp432_Timer_Module_State_0_handles__A)
                  2000212c    0000000c     rtsv7M4_T_le_v4SPD16_eabi.lib : exit.obj (.data:$O1$$)
                  20002138    0000000c     i2c_FinBit_Dev_pem4f.oem4f (.data:ti_sysbios_family_arm_msp432_ClockFreqs_Module__state__V)
                  20002144    0000000c     i2c_FinBit_Dev_pem4f.oem4f (.data:ti_sysbios_family_arm_msp432_Timer_Module__state__V)
                  20002150    0000000c     i2c_FinBit_Dev_pem4f.oem4f (.data:xdc_runtime_SysMin_Module__state__V)
                  2000215c    00000008     rtsv7M4_T_le_v4SPD16_eabi.lib : _lock.obj (.data:$O1$$)
                  20002164    00000008     MSP_EXP432P401R.obj (.data:gpioCallbackFunctions)
                  2000216c    00000008     i2c_FinBit_Dev_pem4f.oem4f (.data:ti_sysbios_family_arm_m3_Hwi_Module__root__V)
                  20002174    00000008     i2c_FinBit_Dev_pem4f.oem4f (.data:ti_sysbios_gates_GateHwi_Module__root__V)
                  2000217c    00000008     i2c_FinBit_Dev_pem4f.oem4f (.data:ti_sysbios_gates_GateMutex_Module__root__V)
                  20002184    00000008     i2c_FinBit_Dev_pem4f.oem4f (.data:ti_sysbios_heaps_HeapMem_Module__root__V)
                  2000218c    00000008     i2c_FinBit_Dev_pem4f.oem4f (.data:ti_sysbios_knl_Clock_Module__root__V)
                  20002194    00000008     i2c_FinBit_Dev_pem4f.oem4f (.data:ti_sysbios_knl_Queue_Module__root__V)
                  2000219c    00000008     i2c_FinBit_Dev_pem4f.oem4f (.data:ti_sysbios_knl_Semaphore_Module__root__V)
                  200021a4    00000008     i2c_FinBit_Dev_pem4f.oem4f (.data:ti_sysbios_knl_Task_Module__root__V)
                  200021ac    00000008     i2c_FinBit_Dev_pem4f.oem4f (.data:xdc_runtime_Registry_Module__state__V)
                  200021b4    00000008     i2c_FinBit_Dev_pem4f.oem4f (.data:xdc_runtime_Startup_Module__state__V)
                  200021bc    00000008     i2c_FinBit_Dev_pem4f.oem4f (.data:xdc_runtime_System_Module_State_0_atexitHandlers__A)
                  200021c4    00000008     i2c_FinBit_Dev_pem4f.oem4f (.data:xdc_runtime_System_Module__state__V)
                  200021cc    00000004     drivers_MSP432P401R.aem4f : I2C.oem4f (.data)
                  200021d0    00000004     rtsv7M4_T_le_v4SPD16_eabi.lib : dtor_list.obj (.data)
                  200021d4    00000004                                   : stkdepth_vars.obj (.data)
                  200021d8    00000004     i2c_FinBit_Dev_pem4f.oem4f (.data:ti_sysbios_family_arm_m3_Hwi_Module_State_0_excContext__A)
                  200021dc    00000004     i2c_FinBit_Dev_pem4f.oem4f (.data:ti_sysbios_family_arm_m3_Hwi_Module_State_0_excStack__A)
                  200021e0    00000004     i2c_FinBit_Dev_pem4f.oem4f (.data:ti_sysbios_gates_GateHwi_Object__table__V)
                  200021e4    00000004     i2c_FinBit_Dev_pem4f.oem4f (.data:ti_sysbios_knl_Task_Module_State_0_idleTask__A)
                  200021e8    00000004     i2c_FinBit_Dev_pem4f.oem4f (.data:xdc_runtime_Memory_Module__state__V)
                  200021ec    00000002     i2c_FinBit_Dev_pem4f.oem4f (.data:ti_sysbios_family_arm_m3_Hwi_Module_State_0_excActive__A)
                  200021ee    00000002     i2c_FinBit_Dev_pem4f.oem4f (.data:xdc_runtime_Error_Module__state__V)
                  200021f0    00000001     drivers_MSP432P401R.aem4f : GPIOMSP432.oem4f (.data)

.stack     0    2000fd00    00000300     UNINITIALIZED
                  2000fd00    00000300     --HOLE--

.bootVecs 
*          0    00000000    00000008     DSECT
                  00000000    00000008     boot.aem4f : boot.oem4f (.bootVecs)

.vecs      0    20000000    00000140     UNINITIALIZED
                  20000000    00000140     i2c_FinBit_Dev_pem4f.oem4f (.vecs)

xdc.meta   0    00000000    000000eb     COPY SECTION
                  00000000    000000eb     i2c_FinBit_Dev_pem4f.oem4f (xdc.meta)

.binit     0    00000000    00000000     

.init_array 
*          0    0000003c    00000004     
                  0000003c    00000004     main.obj (.init_array)

MODULE SUMMARY

       Module                       code    ro data   rw data
       ------                       ----    -------   -------
    ./
       main.obj                     1290    4         2616   
       MAX30105.obj                 3110    0         52     
       system_clock.obj             1234    0         0      
       MSP_EXP432P401R.obj          44      104       180    
       i2c_helper.obj               102     0         0      
    +--+----------------------------+-------+---------+---------+
       Total:                       5780    108       2848   
                                                             
    /Users/dave/workspace_v7/i2c_FinBit_Dev/Debug/configPkg/package/cfg/
       i2c_FinBit_Dev_pem4f.oem4f   2002    7550      5216   
    +--+----------------------------+-------+---------+---------+
       Total:                       2002    7550      5216   
                                                             
    /Applications/ti/ccsv7/tools/compiler/ti-cgt-arm_16.9.1.LTS/lib/rtsv7M4_T_le_v4SPD16_eabi.lib
       trgdrv.obj                   804     0         8      
       fd_add_t2.obj                438     0         0      
       trgmsg.obj                   104     0         288    
       fd_cmp_t2.obj                268     0         0      
       dtor_list.obj                244     0         8      
       fd_mul_t2.obj                252     0         0      
       memcpy_t2.obj                156     0         0      
       memset_t2.obj                122     0         0      
       fd_tos_t2.obj                110     0         0      
       copy_decompress_lzss.obj     104     0         0      
       exit.obj                     84      0         12     
       cpy_tbl.obj                  76      0         0      
       fd_toi_t2.obj                72      0         0      
       fd_tou_t2.obj                68      0         0      
       u_divt2.obj                  64      0         0      
       fs_tod_t2.obj                56      0         0      
       i_tofd_t2.obj                46      0         0      
       _lock.obj                    20      0         8      
       args_main.obj                24      0         0      
       strcpy.obj                   20      0         0      
       strlen.obj                   20      0         0      
       copy_decompress_none.obj     14      0         0      
       copy_zero_init.obj           12      0         0      
       stkdepth_vars.obj            0       0         4      
       i_div0.obj                   2       0         0      
    +--+----------------------------+-------+---------+---------+
       Total:                       3180    0         328    
                                                             
    /Users/dave/ti/tirtos_msp43x_2_20_00_06/products/bios_6_46_00_23/packages/ti/targets/arm/rtsarm/lib/auto_init.aem4f
       auto_init.oem4f              160     0         0      
    +--+----------------------------+-------+---------+---------+
       Total:                       160     0         0      
                                                             
    /Users/dave/ti/tirtos_msp43x_2_20_00_06/products/bios_6_46_00_23/packages/ti/targets/arm/rtsarm/lib/boot.aem4f
       boot.oem4f                   88      0         0      
    +--+----------------------------+-------+---------+---------+
       Total:                       88      0         0      
                                                             
[...]
00007919  ti_sysbios_knl_Idle_loop__E                                 
00007929  ti_sysbios_knl_Queue_empty__E                               
00007937  ti_sysbios_family_arm_msp432_init_Boot_init__I              
00007937  xdc_runtime_Startup_reset__I                                
00007943  CPU_cpsid                                                   
0000794f  CPU_cpsie                                                   
0000795b  I2C_disableModule                                           
00007967  I2C_enableModule                                            
00007975  PCM_getPowerState                                           
00007981  Power_getConstraintMask                                     
0000798d  Power_getPerformanceLevel                                   
00007999  _ZN5ClockD1Ev                                               
00007999  _ZN5ClockD2Ev                                               
000079a5  _ZN8MAX30105C1Ev                                            
000079a5  _ZN8MAX30105C2Ev                                            
000079b1  __TI_zero_init                                              
000079bd  ti_sysbios_family_arm_m3_Hwi_Params__init__S                
000079bd  ti_sysbios_hal_Hwi_HwiProxy_Params__init__S                 
000079c9  ti_sysbios_family_arm_m3_Hwi_disableFxn__E                  
000079c9  ti_sysbios_hal_Hwi_HwiProxy_disable__E                      
000079d9  ti_sysbios_family_arm_m3_TaskSupport_checkStack__E          
000079d9  ti_sysbios_knl_Task_SupportProxy_checkStack__E              
000079e9  ti_sysbios_family_arm_m3_TaskSupport_getStackAlignment__E   
000079e9  ti_sysbios_knl_Task_SupportProxy_getStackAlignment__E       
000079f9  ti_sysbios_family_arm_msp432_Timer_getMaxTicks__E           
00007a09  ti_sysbios_gates_GateHwi_enter__E                           
00007a15  ti_sysbios_knl_Clock_Params__init__S                        
00007a21  ti_sysbios_knl_Queue_Object__get__S                         
00007a2d  ti_sysbios_knl_Semaphore_Params__init__S                    
00007a39  ti_sysbios_knl_Task_Params__init__S                         
00007a45  xdc_runtime_Error_init__E                                   
00007a51  xdc_runtime_Gate_enterSystem__E                             
00007a5d  xdc_runtime_Memory_calloc__E                                
00007a69  xdc_runtime_Memory_getMaxDefaultTypeAlign__E                
00007a75  xdc_runtime_Startup_rtsDone__E                              
00007a81  I2CMSP432_init                                              
00007a8b  I2C_close                                                   
00007a95  I2C_transfer                                                
00007a9f  SemaphoreP_post                                             
00007a9f  SemaphoreP_postFromClock                                    
00007a9f  SemaphoreP_postFromISR                                      
00007aa9  xdc_runtime_Memory_HeapProxy_alloc__E                       
00007ab3  xdc_runtime_Memory_HeapProxy_free__E                        
00007abd  I2C_enableInterrupt                                         
00007ac5  MSP_EXP432P401R_initGPIO                                    
00007acd  MSP_EXP432P401R_initGeneral                                 
00007ad5  PCM_setPowerMode                                            
00007add  PCM_setPowerState                                           
00007ae5  SemaphoreP_Params_init                                      
00007af9  ti_sysbios_family_arm_m3_Hwi_doSwiRestore__I                
00007b01  ti_sysbios_family_arm_m3_Hwi_startup__E                     
00007b01  ti_sysbios_hal_Hwi_HwiProxy_startup__E                      
00007b09  I2C_masterReceiveMultiByteNext                              
00007b11  ti_sysbios_family_arm_m3_Hwi_doTaskRestore__I               
00007b19  HwiP_restore                                                
00007b19  ti_sysbios_family_arm_m3_Hwi_restoreFxn__E                  
00007b19  ti_sysbios_hal_Hwi_HwiProxy_restore__E                      
00007b21  ti_sysbios_gates_GateHwi_leave__E                           
00007b29  ti_sysbios_heaps_HeapMem_isBlocking__E                      
00007b31  ti_sysbios_knl_Queue_Instance_init__E                       
00007b39  ti_sysbios_knl_Swi_startup__E                               
00007b3f  xdc_runtime_System_Module_startup__E                        
00007b49  ti_sysbios_gates_GateHwi_query__E                           
00007b49  xdc_runtime_Main_Module_GateProxy_query__E                  
00007b49  xdc_runtime_System_Module_GateProxy_query__E                
00007b51  ti_sysbios_BIOS_RtsGateProxy_query__E                       
00007b51  ti_sysbios_gates_GateMutex_query__E                         
00007b51  ti_sysbios_heaps_HeapMem_Module_GateProxy_query__E          
00007b59  ti_sysbios_knl_Task_startup__E                              
00007b61  ti_sysbios_BIOS_linkedWithIncorrectBootLibrary__E           
00007b69  ti_sysbios_gates_GateHwi_Instance_init__E                   
00007b71  ti_sysbios_knl_Clock_logTick__E                             
00007b74  xdc_runtime_Text_charTab__A                                 
0000938f  xdc_runtime_Error_policy__C                                 
00009390  xdc_runtime_Text_nodeTab__A                                 
00009488  ti_sysbios_knl_Task_Object__PARAMS__C                       
000094c4  ti_sysbios_family_arm_m3_Hwi_Object__PARAMS__C              
000094f4  ti_sysbios_heaps_HeapMem_Module__FXNS__C                    
0000951c  I2C_config                                                  
00009540  ti_sysbios_gates_GateHwi_Module__FXNS__C                    
00009564  ti_sysbios_gates_GateMutex_Module__FXNS__C                  
00009588  ti_sysbios_heaps_HeapMem_Object__PARAMS__C                  
000095ac  ti_sysbios_knl_Clock_Object__PARAMS__C                      
000095d0  ti_sysbios_knl_Semaphore_Object__PARAMS__C                  
000095f4  I2CMSP432_fxnTable                                          
00009614  i2cMSP432HWAttrs                                            
00009634  ti_sysbios_family_arm_m3_Hwi_Object__DESC__C                
00009654  ti_sysbios_gates_GateHwi_Object__DESC__C                    
00009674  ti_sysbios_gates_GateMutex_Object__DESC__C                  
00009694  ti_sysbios_heaps_HeapMem_Object__DESC__C                    
000096b4  ti_sysbios_knl_Clock_Object__DESC__C                        
000096d4  ti_sysbios_knl_Queue_Object__DESC__C                        
000096f4  ti_sysbios_knl_Semaphore_Object__DESC__C                    
00009714  ti_sysbios_knl_Task_Object__DESC__C                         
00009734  xdc_runtime_Startup_sfxnTab__A                              
00009754  ti_sysbios_gates_GateHwi_Object__PARAMS__C                  
0000976c  ti_sysbios_gates_GateMutex_Object__PARAMS__C                
00009784  ti_sysbios_knl_Queue_Object__PARAMS__C                      
0000979c  GPIOMSP432_config                                           
000097b0  PowerMSP432_config                                          
000097c0  I2C_defaultParams                                           
000097d0  xdc_runtime_Startup_sfxnRts__A                              
000097ec  xdc_runtime_Startup_firstFxns__A                            
000097f8  ti_sysbios_family_arm_m3_Hwi_excHookFuncs__A                
00009800  ti_sysbios_knl_Idle_funcList__A                             
00009808  ti_sysbios_knl_Idle_funcList__C                             
00009810  xdc_runtime_Startup_firstFxns__C                            
00009818  xdc_runtime_Startup_lastFxns__C                             
00009820  ti_sysbios_family_arm_m3_Hwi_E_NMI__C                       
00009824  ti_sysbios_family_arm_m3_Hwi_E_alreadyDefined__C            
00009828  ti_sysbios_family_arm_m3_Hwi_E_busFault__C                  
0000982c  ti_sysbios_family_arm_m3_Hwi_E_debugMon__C                  
00009830  ti_sysbios_family_arm_m3_Hwi_E_hardFault__C                 
00009834  ti_sysbios_family_arm_m3_Hwi_E_memFault__C                  
00009838  ti_sysbios_family_arm_m3_Hwi_E_noIsr__C                     
0000983c  ti_sysbios_family_arm_m3_Hwi_E_reserved__C                  
00009840  ti_sysbios_family_arm_m3_Hwi_E_svCall__C                    
00009844  ti_sysbios_family_arm_m3_Hwi_E_usageFault__C                
00009848  ti_sysbios_family_arm_m3_Hwi_NUM_INTERRUPTS__C              
0000984c  ti_sysbios_family_arm_m3_Hwi_Object__count__C               
00009850  ti_sysbios_family_arm_m3_Hwi_ccr__C                         
00009854  ti_sysbios_family_arm_m3_Hwi_excHandlerFunc__C              
00009858  ti_sysbios_family_arm_m3_Hwi_excHookFuncs__C                
0000985c  ti_sysbios_family_arm_m3_Hwi_nullIsrFunc__C                 
00009860  ti_sysbios_family_arm_m3_Hwi_priGroup__C                    
00009864  ti_sysbios_family_arm_m3_TaskSupport_stackAlignment__C      
00009868  ti_sysbios_family_arm_msp432_Timer_numTimerDevices__C       
0000986c  ti_sysbios_family_arm_msp432_Timer_startupNeeded__C         
00009870  ti_sysbios_gates_GateMutex_Instance_State_sem__O            
00009874  ti_sysbios_hal_Hwi_E_stackOverflow__C                       
00009878  ti_sysbios_heaps_HeapMem_E_memory__C                        
0000987c  ti_sysbios_heaps_HeapMem_Module__gateObj__C                 
00009880  ti_sysbios_heaps_HeapMem_Object__count__C                   
00009884  ti_sysbios_heaps_HeapMem_reqAlign__C                        
00009888  ti_sysbios_knl_Clock_Module_State_clockQ__O                 
0000988c  ti_sysbios_knl_Semaphore_Instance_State_pendQ__O            
00009890  ti_sysbios_knl_Swi_Object__count__C                         
00009894  ti_sysbios_knl_Task_E_spOutOfBounds__C                      
00009898  ti_sysbios_knl_Task_E_stackOverflow__C                      
0000989c  ti_sysbios_knl_Task_Module_State_inactiveQ__O               
000098a0  ti_sysbios_knl_Task_Object__count__C                        
000098a4  ti_sysbios_knl_Task_allBlockedFunc__C                       
000098a8  ti_sysbios_knl_Task_defaultStackHeap__C                     
000098ac  ti_sysbios_knl_Task_defaultStackSize__C                     
000098b0  ti_sysbios_knl_Task_numConstructedTasks__C                  
000098b4  xdc_runtime_Assert_E_assertFailed__C                        
000098b8  xdc_runtime_Core_A_initializedParams__C                     
000098bc  xdc_runtime_Core_Module__diagsEnabled__C                    
000098c0  xdc_runtime_Core_Module__diagsIncluded__C                   
000098c4  xdc_runtime_Core_Module__diagsMask__C                       
000098c8  xdc_runtime_Error_E_memory__C                               
000098cc  xdc_runtime_Error_Module__diagsEnabled__C                   
000098d0  xdc_runtime_Error_Module__diagsIncluded__C                  
000098d4  xdc_runtime_Error_Module__diagsMask__C                      
000098d8  xdc_runtime_Error_Module__loggerFxn8__C                     
000098dc  xdc_runtime_Error_Module__loggerObj__C                      
000098e0  xdc_runtime_Error_policyFxn__C                              
000098e4  xdc_runtime_Error_raiseHook__C                              
000098e8  xdc_runtime_IGateProvider_Interface__BASE__C                
000098ec  xdc_runtime_IHeap_Interface__BASE__C                        
000098f0  xdc_runtime_IModule_Interface__BASE__C                      
000098f4  xdc_runtime_Log_L_error__C                                  
000098f8  xdc_runtime_Memory_defaultHeapInstance__C                   
000098fc  xdc_runtime_Startup_execImpl__C                             
00009900  xdc_runtime_Startup_maxPasses__C                            
00009904  xdc_runtime_Startup_sfxnRts__C                              
00009908  xdc_runtime_Startup_sfxnTab__C                              
0000990c  xdc_runtime_SysMin_bufSize__C                               
00009910  xdc_runtime_SysMin_outputFunc__C                            
00009914  xdc_runtime_System_Module__gateObj__C                       
00009918  xdc_runtime_System_abortFxn__C                              
0000991c  xdc_runtime_System_exitFxn__C                               
00009920  xdc_runtime_System_extendFxn__C                             
00009924  xdc_runtime_System_maxAtexitHandlers__C                     
00009928  xdc_runtime_Text_charTab__C                                 
0000992c  xdc_runtime_Text_nameEmpty__C                               
00009930  xdc_runtime_Text_nameStatic__C                              
00009934  xdc_runtime_Text_nameUnknown__C                             
00009938  xdc_runtime_Text_nodeTab__C                                 
0000993c  xdc_runtime_Text_visitRopeFxn__C                            
00009940  ti_sysbios_family_arm_m3_Hwi_Module__id__C                  
00009942  ti_sysbios_hal_Hwi_Module__id__C                            
00009944  ti_sysbios_heaps_HeapMem_Module__id__C                      
00009946  ti_sysbios_knl_Task_Module__id__C                           
00009948  xdc_runtime_Core_Module__id__C                              
0000994a  xdc_runtime_Error_Module__loggerDefined__C                  
0000994c  xdc_runtime_Error_maxDepth__C                               
0000994e  xdc_runtime_Memory_Module__id__C                            
00009950  xdc_runtime_SysMin_flushAtExit__C                           
00009952  xdc_runtime_Text_charCnt__C                                 
00009954  xdc_runtime_Text_isLoaded__C                                
00009956  xdc_runtime_Text_registryModsLastId__C                      
00009958  xdc_runtime_Text_unnamedModsLastId__C                       
00009960  __TI_static_base__                                          
00009b94  __TI_Handler_Table_Base                                     
00009ba0  __TI_Handler_Table_Limit                                    
00009bb0  __TI_CINIT_Base                                             
00009bc8  __TI_CINIT_Limit                                            
20000000  ti_sysbios_family_arm_m3_Hwi_ramVectors                     
20000140  ti_sysbios_heaps_HeapMem_Instance_State_0_buf__A            
20000940  xdc_runtime_SysMin_Module_State_0_outbuf__A                 
20000d40  task0Stack                                                  
20000fc0  task1Stack                                                  
20001240  task2Stack                                                  
200014c0  ti_sysbios_knl_Task_Instance_State_0_stack__A               
200016c0  ti_sysbios_family_arm_m3_Hwi_dispatchTable                  
20001800  __CIOBUF_                                                   
20001920  i2cMSP432Objects                                            
200019b0  task0Struct                                                 
20001a00  task1Struct                                                 
20001a50  task2Struct                                                 
20001aa0  cl0                                                         
20001ae0  cl1                                                         
20001b20  cl2                                                         
20001b60  cl3                                                         
20001ba0  cl4                                                         
20001be0  sense                                                       
20001c44  clk0Struct                                                  
20001c68  clk1Struct                                                  
20001c8c  sem0Struct                                                  
20001ca8  sem1Struct                                                  
20001ccc  __dso_handle                                                
20001cd0  sem0Handle                                                  
20001cd4  sem1Handle                                                  
20001cd8  PowerMSP432_perfLevels                                      
20001d74  ti_sysbios_knl_Swi_Module_State_0_readyQ__A                 
20001df4  ti_sysbios_knl_Task_Module_State_0_readyQ__A                
20001e74  ti_sysbios_family_arm_msp432_Timer_Object__table__V         
20001ec0  ti_sysbios_knl_Task_Object__table__V                        
20001f0c  ti_sysbios_knl_Task_Module__state__V                        
20001f50  ti_sysbios_gates_GateMutex_Object__table__V                 
20001f88  ti_sysbios_family_arm_m3_Hwi_Module__state__V               
20001fec  ti_sysbios_knl_Swi_Object__table__V                         
2000201c  ti_sysbios_knl_Clock_Module__state__V                       
20002048  PowerMSP432_module                                          
20002070  ti_sysbios_BIOS_Module__state__V                            
20002094  ti_sysbios_family_arm_msp432_Timer_Module_State_0_device__A 
200020b4  gpioPinConfigs                                              
200020d0  ti_sysbios_knl_Swi_Module__state__V                         
200020ec  ti_sysbios_family_arm_m3_Hwi_Object__table__V               
20002104  ti_sysbios_heaps_HeapMem_Object__table__V                   
2000211c  ti_sysbios_family_arm_msp432_Timer_Module_State_0_handles__A
2000212c  __TI_cleanup_ptr                                            
20002130  __TI_dtors_ptr                                              
20002134  __TI_enable_exit_profile_output                             
20002138  ti_sysbios_family_arm_msp432_ClockFreqs_Module__state__V    
20002144  ti_sysbios_family_arm_msp432_Timer_Module__state__V         
20002150  xdc_runtime_SysMin_Module__state__V                         
2000215c  _lock                                                       
20002160  _unlock                                                     
20002164  gpioCallbackFunctions                                       
2000216c  ti_sysbios_family_arm_m3_Hwi_Module__root__V                
20002174  ti_sysbios_gates_GateHwi_Module__root__V                    
2000217c  ti_sysbios_gates_GateMutex_Module__root__V                  
20002184  ti_sysbios_heaps_HeapMem_Module__root__V                    
2000218c  ti_sysbios_knl_Clock_Module__root__V                        
20002194  ti_sysbios_knl_Queue_Module__root__V                        
2000219c  ti_sysbios_knl_Semaphore_Module__root__V                    
200021a4  ti_sysbios_knl_Task_Module__root__V                         
200021ac  xdc_runtime_Registry_Module__state__V                       
200021b4  xdc_runtime_Startup_Module__state__V                        
200021bc  xdc_runtime_System_Module_State_0_atexitHandlers__A         
200021c4  xdc_runtime_System_Module__state__V                         
200021d4  main_func_sp                                                
200021d8  ti_sysbios_family_arm_m3_Hwi_Module_State_0_excContext__A   
200021dc  ti_sysbios_family_arm_m3_Hwi_Module_State_0_excStack__A     
200021e0  ti_sysbios_gates_GateHwi_Object__table__V                   
200021e4  ti_sysbios_knl_Task_Module_State_0_idleTask__A              
200021e8  xdc_runtime_Memory_Module__state__V                         
200021ec  ti_sysbios_family_arm_m3_Hwi_Module_State_0_excActive__A    
200021ee  xdc_runtime_Error_Module__state__V                          
2000fd00  __stack                                                     
20010000  __STACK_END                                                 
4000480c  WDTCTL_SYM                                                  
e000e000  ti_sysbios_family_arm_m3_Hwi_nvic                           
ffffffff  __TI_pprof_out_hndl                                         
ffffffff  __TI_prof_data_size                                         
ffffffff  __TI_prof_data_start                                        
ffffffff  __binit__                                                   
ffffffff  __c_args__                                                  
ffffffff  binit                                                       

[718 symbols]
